../App/Inc/Protocol/frame_defs.h:153:20:resp_init	16	static
../App/Inc/Protocol/frame_defs.h:160:20:resp_set_tail	16	static
../App/Src/Services/Motion/motion_service.c:340:23:motion_auto_friction_is_armed	4	static
../App/Src/Services/Motion/motion_service.c:361:6:motion_test_b2_on_press	8	static
../App/Src/Services/Motion/motion_service.c:367:6:motion_test_b2_on_release	56	static
../App/Src/Services/Motion/motion_service.c:432:24:dda_steps_per_rev_axis	16	static
../App/Src/Services/Motion/motion_service.c:527:20:motion_csv_print	24	static
../App/Src/Services/Motion/motion_service.c:572:13:motion_debug_axis_log	152	static
../App/Src/Services/Motion/motion_service.c:618:24:motion_lock	16	static,ignoring_inline_asm
../App/Src/Services/Motion/motion_service.c:623:20:motion_unlock	24	static,ignoring_inline_asm
../App/Src/Services/Motion/motion_service.c:628:13:motion_auto_friction_clear_samples	24	static
../App/Src/Services/Motion/motion_service.c:640:6:motion_auto_friction_test_arm	40	static
../App/Src/Services/Motion/motion_service.c:667:6:motion_auto_friction_test_disarm	16	static
../App/Src/Services/Motion/motion_service.c:680:13:motion_auto_friction_on_segment_begin_locked	24	static
../App/Src/Services/Motion/motion_service.c:699:13:motion_auto_friction_record_sample	88	static
../App/Src/Services/Motion/motion_service.c:715:17:motion_auto_friction_avg	32	static
../App/Src/Services/Motion/motion_service.c:720:17:motion_auto_abs_i32	16	static
../App/Src/Services/Motion/motion_service.c:724:13:motion_auto_friction_format_percent	48	static
../App/Src/Services/Motion/motion_service.c:744:13:motion_auto_friction_finalize	16	static
../App/Src/Services/Motion/motion_service.c:754:13:motion_auto_friction_maybe_report	224	static
../App/Src/Services/Motion/motion_service.c:821:29:motion_auto_friction_make_segment_template	72	static
../App/Src/Services/Motion/motion_service.c:833:23:motion_auto_friction_enqueue_segments_locked	64	static
../App/Src/Services/Motion/motion_service.c:847:13:motion_auto_friction_try_arm_on_startmove	24	static
../App/Src/Services/Motion/motion_service.c:899:22:motion_select_master_axis_progress	104	static
../App/Src/Services/Motion/motion_service.c:942:24:motion_total_for_axis	16	static
../App/Src/Services/Motion/motion_service.c:951:24:motion_velocity_for_axis	16	static
../App/Src/Services/Motion/motion_service.c:960:24:motion_kp_for_axis	16	static
../App/Src/Services/Motion/motion_service.c:969:24:motion_ki_for_axis	16	static
../App/Src/Services/Motion/motion_service.c:978:24:motion_kd_for_axis	16	static
../App/Src/Services/Motion/motion_service.c:987:22:motion_clamp_error	16	static
../App/Src/Services/Motion/motion_service.c:996:23:motion_microsteps_allowed	16	static
../App/Src/Services/Motion/motion_service.c:1008:24:motion_apply_friction	56	static
../App/Src/Services/Motion/motion_service.c:1042:17:motion_remaining_steps_total_for_axis	40	static
../App/Src/Services/Motion/motion_service.c:1061:13:motion_refresh_status_locked	208	static
../App/Src/Services/Motion/motion_service.c:1108:13:motion_stop_all_axes_locked	16	static
../App/Src/Services/Motion/motion_service.c:1137:13:motion_queue_clear_locked	16	static
../App/Src/Services/Motion/motion_service.c:1144:23:motion_queue_push_locked	32	static
../App/Src/Services/Motion/motion_service.c:1158:12:motion_queue_pop_locked	80	static
../App/Src/Services/Motion/motion_service.c:1173:13:motion_begin_segment_locked	32	static
../App/Src/Services/Motion/motion_service.c:1232:16:motion_try_start_next_locked	56	static
../App/Src/Services/Motion/motion_service.c:1247:13:motion_update_encoders	64	static
../App/Src/Services/Motion/motion_service.c:1275:13:motion_send_queue_add_ack	40	static
../App/Src/Services/Motion/motion_service.c:1287:13:motion_send_queue_status_response	48	static
../App/Src/Services/Motion/motion_service.c:1308:13:motion_send_start_response	40	static
../App/Src/Services/Motion/motion_service.c:1317:13:motion_send_move_end_response	40	static
../App/Src/Services/Motion/motion_service.c:1330:6:motion_service_init	40	static
../App/Src/Services/Motion/motion_service.c:1399:24:motion_status_get	4	static
../App/Src/Services/Motion/motion_service.c:1409:6:motion_on_tim6_tick	112	static
../App/Src/Services/Motion/motion_service.c:1632:6:motion_on_tim7_tick	440	static
../App/Src/Services/Motion/motion_service.c:1886:6:motion_on_move_queue_add	104	static
../App/Src/Services/Motion/motion_service.c:1933:6:motion_on_move_queue_status	64	static
../App/Src/Services/Motion/motion_service.c:1950:6:motion_on_start_move	40	static
../App/Src/Services/Motion/motion_service.c:2022:6:motion_on_move_end	40	static
../App/Src/Services/Motion/motion_service.c:2049:6:motion_on_set_origin	88	static
../App/Src/Services/Motion/motion_service.c:2077:6:motion_on_encoder_status	152	static
../App/Src/Services/Motion/motion_service.c:2109:6:motion_on_auto_friction_request	80	static
../App/Src/Services/Motion/motion_service.c:2190:6:motion_on_set_microsteps	48	static
../App/Src/Services/Motion/motion_service.c:2219:6:motion_on_set_microsteps_axes	64	static
../App/Src/Services/Motion/motion_service.c:2260:6:motion_demo_set_enabled	120	static
../App/Src/Services/Motion/motion_service.c:2294:6:motion_demo_set_continuous	32	static
../App/Src/Services/Motion/motion_service.c:2345:6:HAL_TIM_PeriodElapsedCallback	16	static
../App/Src/Services/Motion/motion_service.c:2356:6:motion_emergency_stop	16	static
../App/Src/Services/Motion/motion_service.c:2379:9:motion_demo_is_active	4	static
../App/Src/Services/Motion/motion_service.c:2384:6:motion_demo_cycle_speed	16	static
