../App/Inc/Protocol/frame_defs.h:153:20:resp_init	16	static
../App/Inc/Protocol/frame_defs.h:160:20:resp_set_tail	16	static
../App/Src/Services/Motion/motion_service.c:315:23:motion_auto_friction_is_armed	4	static
../App/Src/Services/Motion/motion_service.c:333:6:motion_test_b2_on_press	8	static
../App/Src/Services/Motion/motion_service.c:339:6:motion_test_b2_on_release	56	static
../App/Src/Services/Motion/motion_service.c:404:24:dda_steps_per_rev_axis	16	static
../App/Src/Services/Motion/motion_service.c:499:20:motion_csv_print	24	static
../App/Src/Services/Motion/motion_service.c:546:24:motion_lock	16	static,ignoring_inline_asm
../App/Src/Services/Motion/motion_service.c:551:20:motion_unlock	24	static,ignoring_inline_asm
../App/Src/Services/Motion/motion_service.c:556:13:motion_auto_friction_clear_samples	24	static
../App/Src/Services/Motion/motion_service.c:565:6:motion_auto_friction_test_arm	40	static
../App/Src/Services/Motion/motion_service.c:592:6:motion_auto_friction_test_disarm	16	static
../App/Src/Services/Motion/motion_service.c:605:13:motion_auto_friction_on_segment_begin_locked	24	static
../App/Src/Services/Motion/motion_service.c:624:13:motion_auto_friction_record_sample	80	static
../App/Src/Services/Motion/motion_service.c:639:17:motion_auto_friction_avg	32	static
../App/Src/Services/Motion/motion_service.c:644:17:motion_auto_abs_i32	16	static
../App/Src/Services/Motion/motion_service.c:648:13:motion_auto_friction_finalize	16	static
../App/Src/Services/Motion/motion_service.c:658:13:motion_auto_friction_maybe_report	200	static
../App/Src/Services/Motion/motion_service.c:709:29:motion_auto_friction_make_segment_template	72	static
../App/Src/Services/Motion/motion_service.c:721:23:motion_auto_friction_enqueue_segments_locked	64	static
../App/Src/Services/Motion/motion_service.c:756:22:motion_select_master_axis_progress	104	static
../App/Src/Services/Motion/motion_service.c:799:24:motion_total_for_axis	16	static
../App/Src/Services/Motion/motion_service.c:808:24:motion_velocity_for_axis	16	static
../App/Src/Services/Motion/motion_service.c:817:24:motion_kp_for_axis	16	static
../App/Src/Services/Motion/motion_service.c:826:24:motion_ki_for_axis	16	static
../App/Src/Services/Motion/motion_service.c:835:24:motion_kd_for_axis	16	static
../App/Src/Services/Motion/motion_service.c:844:22:motion_clamp_error	16	static
../App/Src/Services/Motion/motion_service.c:851:24:motion_apply_friction	56	static
../App/Src/Services/Motion/motion_service.c:885:17:motion_remaining_steps_total_for_axis	40	static
../App/Src/Services/Motion/motion_service.c:904:13:motion_refresh_status_locked	208	static
../App/Src/Services/Motion/motion_service.c:951:13:motion_stop_all_axes_locked	16	static
../App/Src/Services/Motion/motion_service.c:980:13:motion_queue_clear_locked	16	static
../App/Src/Services/Motion/motion_service.c:987:23:motion_queue_push_locked	32	static
../App/Src/Services/Motion/motion_service.c:1001:12:motion_queue_pop_locked	80	static
../App/Src/Services/Motion/motion_service.c:1016:13:motion_begin_segment_locked	32	static
../App/Src/Services/Motion/motion_service.c:1075:16:motion_try_start_next_locked	56	static
../App/Src/Services/Motion/motion_service.c:1090:13:motion_update_encoders	64	static
../App/Src/Services/Motion/motion_service.c:1118:13:motion_send_queue_add_ack	40	static
../App/Src/Services/Motion/motion_service.c:1130:13:motion_send_queue_status_response	48	static
../App/Src/Services/Motion/motion_service.c:1151:13:motion_send_start_response	40	static
../App/Src/Services/Motion/motion_service.c:1160:13:motion_send_move_end_response	40	static
../App/Src/Services/Motion/motion_service.c:1173:6:motion_service_init	40	static
../App/Src/Services/Motion/motion_service.c:1242:24:motion_status_get	4	static
../App/Src/Services/Motion/motion_service.c:1252:6:motion_on_tim6_tick	112	static
../App/Src/Services/Motion/motion_service.c:1475:6:motion_on_tim7_tick	464	static
../App/Src/Services/Motion/motion_service.c:1745:6:motion_on_move_queue_add	104	static
../App/Src/Services/Motion/motion_service.c:1792:6:motion_on_move_queue_status	64	static
../App/Src/Services/Motion/motion_service.c:1809:6:motion_on_start_move	40	static
../App/Src/Services/Motion/motion_service.c:1878:6:motion_on_move_end	40	static
../App/Src/Services/Motion/motion_service.c:1905:6:motion_on_set_origin	88	static
../App/Src/Services/Motion/motion_service.c:1933:6:motion_on_encoder_status	152	static
../App/Src/Services/Motion/motion_service.c:1965:6:motion_on_auto_friction_request	80	static
../App/Src/Services/Motion/motion_service.c:2046:6:motion_on_set_microsteps	48	static
../App/Src/Services/Motion/motion_service.c:2071:6:motion_on_set_microsteps_axes	56	static
../App/Src/Services/Motion/motion_service.c:2104:6:motion_demo_set_enabled	120	static
../App/Src/Services/Motion/motion_service.c:2138:6:motion_demo_set_continuous	32	static
../App/Src/Services/Motion/motion_service.c:2189:6:HAL_TIM_PeriodElapsedCallback	16	static
../App/Src/Services/Motion/motion_service.c:2200:6:motion_emergency_stop	16	static
../App/Src/Services/Motion/motion_service.c:2223:9:motion_demo_is_active	4	static
../App/Src/Services/Motion/motion_service.c:2228:6:motion_demo_cycle_speed	16	static
