../App/Inc/Protocol/frame_defs.h:153:20:resp_init	16	static
../App/Inc/Protocol/frame_defs.h:160:20:resp_set_tail	16	static
../App/Src/Services/Motion/motion_service.c:358:6:motion_test_b2_on_press	4	static
../App/Src/Services/Motion/motion_service.c:359:6:motion_test_b2_on_release	4	static
../App/Src/Services/Motion/motion_service.c:395:24:dda_steps_per_rev_axis	16	static
../App/Src/Services/Motion/motion_service.c:490:20:motion_csv_print	24	static
../App/Src/Services/Motion/motion_service.c:581:24:motion_lock	16	static,ignoring_inline_asm
../App/Src/Services/Motion/motion_service.c:586:20:motion_unlock	24	static,ignoring_inline_asm
../App/Src/Services/Motion/motion_service.c:840:6:motion_auto_friction_test_arm	16	static
../App/Src/Services/Motion/motion_service.c:844:6:motion_auto_friction_test_disarm	4	static
../App/Src/Services/Motion/motion_service.c:845:13:motion_auto_friction_maybe_report	4	static
../App/Src/Services/Motion/motion_service.c:846:29:motion_auto_friction_make_segment_template	16	static
../App/Src/Services/Motion/motion_service.c:849:23:motion_auto_friction_enqueue_segments_locked	16	static
../App/Src/Services/Motion/motion_service.c:862:22:motion_select_master_axis_progress	104	static
../App/Src/Services/Motion/motion_service.c:905:24:motion_total_for_axis	16	static
../App/Src/Services/Motion/motion_service.c:914:24:motion_velocity_for_axis	16	static
../App/Src/Services/Motion/motion_service.c:923:24:motion_kp_for_axis	16	static
../App/Src/Services/Motion/motion_service.c:932:24:motion_ki_for_axis	16	static
../App/Src/Services/Motion/motion_service.c:941:24:motion_kd_for_axis	16	static
../App/Src/Services/Motion/motion_service.c:950:22:motion_clamp_error	16	static
../App/Src/Services/Motion/motion_service.c:959:23:motion_microsteps_allowed	16	static
../App/Src/Services/Motion/motion_service.c:1005:17:motion_remaining_steps_total_for_axis	40	static
../App/Src/Services/Motion/motion_service.c:1024:13:motion_refresh_status_locked	208	static
../App/Src/Services/Motion/motion_service.c:1071:13:motion_stop_all_axes_locked	16	static
../App/Src/Services/Motion/motion_service.c:1100:13:motion_queue_clear_locked	16	static
../App/Src/Services/Motion/motion_service.c:1107:23:motion_queue_push_locked	32	static
../App/Src/Services/Motion/motion_service.c:1121:12:motion_queue_pop_locked	80	static
../App/Src/Services/Motion/motion_service.c:1136:13:motion_begin_segment_locked	80	static
../App/Src/Services/Motion/motion_service.c:1195:16:motion_try_start_next_locked	56	static
../App/Src/Services/Motion/motion_service.c:1210:13:motion_update_encoders	64	static
../App/Src/Services/Motion/motion_service.c:1238:13:motion_send_queue_add_ack	40	static
../App/Src/Services/Motion/motion_service.c:1250:13:motion_send_queue_status_response	48	static
../App/Src/Services/Motion/motion_service.c:1271:13:motion_send_start_response	40	static
../App/Src/Services/Motion/motion_service.c:1280:13:motion_send_move_end_response	40	static
../App/Src/Services/Motion/motion_service.c:1293:6:motion_service_init	40	static
../App/Src/Services/Motion/motion_service.c:1362:24:motion_status_get	4	static
../App/Src/Services/Motion/motion_service.c:1372:6:motion_on_tim6_tick	112	static
../App/Src/Services/Motion/motion_service.c:1595:6:motion_on_tim7_tick	440	static
../App/Src/Services/Motion/motion_service.c:1849:6:motion_on_move_queue_add	112	static
../App/Src/Services/Motion/motion_service.c:1896:6:motion_on_move_queue_status	64	static
../App/Src/Services/Motion/motion_service.c:1913:6:motion_on_start_move	56	static
../App/Src/Services/Motion/motion_service.c:1988:6:motion_on_move_end	40	static
../App/Src/Services/Motion/motion_service.c:2015:6:motion_on_set_origin	88	static
../App/Src/Services/Motion/motion_service.c:2043:6:motion_on_encoder_status	152	static
../App/Src/Services/Motion/motion_service.c:2157:6:motion_on_auto_friction_request	48	static
../App/Src/Services/Motion/motion_service.c:2172:6:motion_on_set_microsteps	48	static
../App/Src/Services/Motion/motion_service.c:2201:6:motion_on_set_microsteps_axes	64	static
../App/Src/Services/Motion/motion_service.c:2242:6:motion_demo_set_enabled	120	static
../App/Src/Services/Motion/motion_service.c:2276:6:motion_demo_set_continuous	32	static
../App/Src/Services/Motion/motion_service.c:2327:6:HAL_TIM_PeriodElapsedCallback	16	static
../App/Src/Services/Motion/motion_service.c:2338:6:motion_emergency_stop	16	static
../App/Src/Services/Motion/motion_service.c:2361:9:motion_demo_is_active	4	static
../App/Src/Services/Motion/motion_service.c:2366:6:motion_demo_cycle_speed	16	static
