../App/Src/Services/Motion/motion_service.c:167:24:dda_steps_per_rev	4	static
../App/Src/Services/Motion/motion_service.c:198:20:est_reset	16	static
../App/Src/Services/Motion/motion_service.c:223:20:raw_reset	8	static
../App/Src/Services/Motion/motion_service.c:225:20:est_arm_for_axis	16	static
../App/Src/Services/Motion/motion_service.c:232:20:est_finalize_if_possible	32	static
../App/Src/Services/Motion/motion_service.c:246:24:motion_lock	16	static,ignoring_inline_asm
../App/Src/Services/Motion/motion_service.c:251:20:motion_unlock	24	static,ignoring_inline_asm
../App/Src/Services/Motion/motion_service.c:258:24:motion_total_for_axis	16	static
../App/Src/Services/Motion/motion_service.c:266:24:motion_velocity_for_axis	16	static
../App/Src/Services/Motion/motion_service.c:274:24:motion_kp_for_axis	16	static
../App/Src/Services/Motion/motion_service.c:282:24:motion_ki_for_axis	16	static
../App/Src/Services/Motion/motion_service.c:290:24:motion_kd_for_axis	16	static
../App/Src/Services/Motion/motion_service.c:298:22:motion_clamp_error	16	static
../App/Src/Services/Motion/motion_service.c:312:16:motion_conv_enc_to_dda	72	static
../App/Src/Services/Motion/motion_service.c:328:17:motion_update_rampa	96	static
../App/Src/Services/Motion/motion_service.c:379:13:motion_refresh_status_locked	200	static
../App/Src/Services/Motion/motion_service.c:466:13:motion_stop_all_axes_locked	16	static
../App/Src/Services/Motion/motion_service.c:499:13:motion_queue_clear_locked	4	static
../App/Src/Services/Motion/motion_service.c:505:23:motion_queue_push_locked	24	static
../App/Src/Services/Motion/motion_service.c:515:12:motion_queue_pop_locked	24	static
../App/Src/Services/Motion/motion_service.c:523:13:motion_begin_segment_locked	80	static
../App/Src/Services/Motion/motion_service.c:599:16:motion_try_start_next_locked	56	static
../App/Src/Services/Motion/motion_service.c:608:13:motion_update_encoders	64	static
../App/Src/Services/Motion/motion_service.c:628:13:motion_send_queue_add_ack	32	static
../App/Src/Services/Motion/motion_service.c:634:13:motion_send_queue_status_response	40	static
../App/Src/Services/Motion/motion_service.c:649:13:motion_send_start_response	32	static
../App/Src/Services/Motion/motion_service.c:655:13:motion_send_move_end_response	32	static
../App/Src/Services/Motion/motion_service.c:666:6:motion_service_init	40	static
../App/Src/Services/Motion/motion_service.c:713:24:motion_status_get	4	static
../App/Src/Services/Motion/motion_service.c:721:6:motion_on_tim6_tick	32	static
../App/Src/Services/Motion/motion_service.c:804:6:motion_on_tim7_tick	648	static
../App/Src/Services/Motion/motion_service.c:1132:6:motion_on_move_queue_add	264	static
../App/Src/Services/Motion/motion_service.c:1215:6:motion_on_move_queue_status	64	static
../App/Src/Services/Motion/motion_service.c:1232:6:motion_on_start_move	40	static
../App/Src/Services/Motion/motion_service.c:1263:6:motion_on_move_end	48	static
../App/Src/Services/Motion/motion_service.c:1296:6:motion_on_set_origin	80	static
../App/Src/Services/Motion/motion_service.c:1335:6:motion_on_encoder_status	136	static
../App/Src/Services/Motion/motion_service.c:1376:6:motion_on_motion_estimate	64	static
../App/Src/Services/Motion/motion_service.c:1394:6:motion_on_diag_ctrl	40	static
../App/Src/Services/Motion/motion_service.c:1411:6:motion_on_set_enc_ppr	72	static
../App/Src/Services/Motion/motion_service.c:1443:6:motion_on_set_microsteps	40	static
../App/Src/Services/Motion/motion_service.c:1459:6:motion_on_model_run	112	static
../App/Src/Services/Motion/motion_service.c:1508:6:motion_demo_set_enabled	120	static
../App/Src/Services/Motion/motion_service.c:1543:6:motion_demo_set_continuous	32	static
../App/Src/Services/Motion/motion_service.c:1597:6:HAL_TIM_PeriodElapsedCallback	16	static
../App/Src/Services/Motion/motion_service.c:1613:6:motion_emergency_stop	16	static
../App/Src/Services/Motion/motion_service.c:1643:9:motion_demo_is_active	4	static
../App/Src/Services/Motion/motion_service.c:1648:6:motion_demo_cycle_speed	24	static
