../App/Inc/Protocol/frame_defs.h:151:20:resp_init	16	static
../App/Inc/Protocol/frame_defs.h:158:20:resp_set_tail	16	static
../App/Src/Services/Motion/motion_service.c:275:6:motion_test_b2_on_press	8	static
../App/Src/Services/Motion/motion_service.c:281:6:motion_test_b2_on_release	56	static
../App/Src/Services/Motion/motion_service.c:350:24:dda_steps_per_rev_axis	16	static
../App/Src/Services/Motion/motion_service.c:445:20:motion_csv_print	24	static
../App/Src/Services/Motion/motion_service.c:492:24:motion_lock	16	static,ignoring_inline_asm
../App/Src/Services/Motion/motion_service.c:497:20:motion_unlock	24	static,ignoring_inline_asm
../App/Src/Services/Motion/motion_service.c:508:22:motion_select_master_axis_progress	104	static
../App/Src/Services/Motion/motion_service.c:551:24:motion_total_for_axis	16	static
../App/Src/Services/Motion/motion_service.c:560:24:motion_velocity_for_axis	16	static
../App/Src/Services/Motion/motion_service.c:569:24:motion_kp_for_axis	16	static
../App/Src/Services/Motion/motion_service.c:578:24:motion_ki_for_axis	16	static
../App/Src/Services/Motion/motion_service.c:587:24:motion_kd_for_axis	16	static
../App/Src/Services/Motion/motion_service.c:596:22:motion_clamp_error	16	static
../App/Src/Services/Motion/motion_service.c:603:24:motion_apply_friction	64	static
../App/Src/Services/Motion/motion_service.c:677:20:vel_sampler_reset	16	static
../App/Src/Services/Motion/motion_service.c:691:20:cascade_dbg_arm	4	static
../App/Src/Services/Motion/motion_service.c:702:20:cascade_dbg_report	88	static
../App/Src/Services/Motion/motion_service.c:724:20:vel_sampler_arm	8	static
../App/Src/Services/Motion/motion_service.c:732:20:vel_sampler_try_sample	352	static
../App/Src/Services/Motion/motion_service.c:791:20:vel_sampler_dump_and_reset	64	static
../App/Src/Services/Motion/motion_service.c:822:17:motion_remaining_steps_total_for_axis	40	static
../App/Src/Services/Motion/motion_service.c:841:13:motion_refresh_status_locked	208	static
../App/Src/Services/Motion/motion_service.c:888:13:motion_stop_all_axes_locked	16	static
../App/Src/Services/Motion/motion_service.c:917:13:motion_queue_clear_locked	16	static
../App/Src/Services/Motion/motion_service.c:924:23:motion_queue_push_locked	32	static
../App/Src/Services/Motion/motion_service.c:938:12:motion_queue_pop_locked	80	static
../App/Src/Services/Motion/motion_service.c:953:13:motion_begin_segment_locked	32	static
../App/Src/Services/Motion/motion_service.c:1009:16:motion_try_start_next_locked	56	static
../App/Src/Services/Motion/motion_service.c:1024:13:motion_update_encoders	64	static
../App/Src/Services/Motion/motion_service.c:1052:13:motion_send_queue_add_ack	40	static
../App/Src/Services/Motion/motion_service.c:1064:13:motion_send_queue_status_response	48	static
../App/Src/Services/Motion/motion_service.c:1085:13:motion_send_start_response	40	static
../App/Src/Services/Motion/motion_service.c:1094:13:motion_send_move_end_response	40	static
../App/Src/Services/Motion/motion_service.c:1107:6:motion_service_init	40	static
../App/Src/Services/Motion/motion_service.c:1184:24:motion_status_get	4	static
../App/Src/Services/Motion/motion_service.c:1194:6:motion_on_tim6_tick	112	static
../App/Src/Services/Motion/motion_service.c:1424:6:motion_on_tim7_tick	520	static
../App/Src/Services/Motion/motion_service.c:1724:6:motion_on_move_queue_add	104	static
../App/Src/Services/Motion/motion_service.c:1771:6:motion_on_move_queue_status	64	static
../App/Src/Services/Motion/motion_service.c:1788:6:motion_on_start_move	40	static
../App/Src/Services/Motion/motion_service.c:1862:6:motion_on_move_end	40	static
../App/Src/Services/Motion/motion_service.c:1895:6:motion_on_set_origin	88	static
../App/Src/Services/Motion/motion_service.c:1923:6:motion_on_encoder_status	152	static
../App/Src/Services/Motion/motion_service.c:1955:6:motion_on_set_microsteps	48	static
../App/Src/Services/Motion/motion_service.c:1980:6:motion_on_set_microsteps_axes	56	static
../App/Src/Services/Motion/motion_service.c:2013:6:motion_demo_set_enabled	120	static
../App/Src/Services/Motion/motion_service.c:2047:6:motion_demo_set_continuous	32	static
../App/Src/Services/Motion/motion_service.c:2098:6:HAL_TIM_PeriodElapsedCallback	16	static
../App/Src/Services/Motion/motion_service.c:2109:6:motion_emergency_stop	16	static
../App/Src/Services/Motion/motion_service.c:2138:9:motion_demo_is_active	4	static
../App/Src/Services/Motion/motion_service.c:2143:6:motion_demo_cycle_speed	16	static
