../App/Inc/Protocol/frame_defs.h:153:20:resp_init	16	static
../App/Inc/Protocol/frame_defs.h:160:20:resp_set_tail	16	static
../App/Src/Services/Motion/motion_service.c:328:23:motion_auto_friction_is_armed	4	static
../App/Src/Services/Motion/motion_service.c:349:6:motion_test_b2_on_press	8	static
../App/Src/Services/Motion/motion_service.c:355:6:motion_test_b2_on_release	56	static
../App/Src/Services/Motion/motion_service.c:420:24:dda_steps_per_rev_axis	16	static
../App/Src/Services/Motion/motion_service.c:515:20:motion_csv_print	24	static
../App/Src/Services/Motion/motion_service.c:562:24:motion_lock	16	static,ignoring_inline_asm
../App/Src/Services/Motion/motion_service.c:567:20:motion_unlock	24	static,ignoring_inline_asm
../App/Src/Services/Motion/motion_service.c:572:13:motion_auto_friction_clear_samples	24	static
../App/Src/Services/Motion/motion_service.c:584:6:motion_auto_friction_test_arm	40	static
../App/Src/Services/Motion/motion_service.c:611:6:motion_auto_friction_test_disarm	16	static
../App/Src/Services/Motion/motion_service.c:624:13:motion_auto_friction_on_segment_begin_locked	24	static
../App/Src/Services/Motion/motion_service.c:643:13:motion_auto_friction_record_sample	88	static
../App/Src/Services/Motion/motion_service.c:659:17:motion_auto_friction_avg	32	static
../App/Src/Services/Motion/motion_service.c:664:17:motion_auto_abs_i32	16	static
../App/Src/Services/Motion/motion_service.c:668:13:motion_auto_friction_format_percent	48	static
../App/Src/Services/Motion/motion_service.c:688:13:motion_auto_friction_finalize	16	static
../App/Src/Services/Motion/motion_service.c:698:13:motion_auto_friction_maybe_report	224	static
../App/Src/Services/Motion/motion_service.c:765:29:motion_auto_friction_make_segment_template	72	static
../App/Src/Services/Motion/motion_service.c:777:23:motion_auto_friction_enqueue_segments_locked	64	static
../App/Src/Services/Motion/motion_service.c:843:22:motion_select_master_axis_progress	104	static
../App/Src/Services/Motion/motion_service.c:886:24:motion_total_for_axis	16	static
../App/Src/Services/Motion/motion_service.c:895:24:motion_velocity_for_axis	16	static
../App/Src/Services/Motion/motion_service.c:904:24:motion_kp_for_axis	16	static
../App/Src/Services/Motion/motion_service.c:913:24:motion_ki_for_axis	16	static
../App/Src/Services/Motion/motion_service.c:922:24:motion_kd_for_axis	16	static
../App/Src/Services/Motion/motion_service.c:931:22:motion_clamp_error	16	static
../App/Src/Services/Motion/motion_service.c:938:24:motion_apply_friction	56	static
../App/Src/Services/Motion/motion_service.c:972:17:motion_remaining_steps_total_for_axis	40	static
../App/Src/Services/Motion/motion_service.c:991:13:motion_refresh_status_locked	208	static
../App/Src/Services/Motion/motion_service.c:1038:13:motion_stop_all_axes_locked	16	static
../App/Src/Services/Motion/motion_service.c:1067:13:motion_queue_clear_locked	16	static
../App/Src/Services/Motion/motion_service.c:1074:23:motion_queue_push_locked	32	static
../App/Src/Services/Motion/motion_service.c:1088:12:motion_queue_pop_locked	80	static
../App/Src/Services/Motion/motion_service.c:1103:13:motion_begin_segment_locked	32	static
../App/Src/Services/Motion/motion_service.c:1162:16:motion_try_start_next_locked	56	static
../App/Src/Services/Motion/motion_service.c:1177:13:motion_update_encoders	64	static
../App/Src/Services/Motion/motion_service.c:1205:13:motion_send_queue_add_ack	40	static
../App/Src/Services/Motion/motion_service.c:1217:13:motion_send_queue_status_response	48	static
../App/Src/Services/Motion/motion_service.c:1238:13:motion_send_start_response	40	static
../App/Src/Services/Motion/motion_service.c:1247:13:motion_send_move_end_response	40	static
../App/Src/Services/Motion/motion_service.c:1260:6:motion_service_init	40	static
../App/Src/Services/Motion/motion_service.c:1329:24:motion_status_get	4	static
../App/Src/Services/Motion/motion_service.c:1339:6:motion_on_tim6_tick	112	static
../App/Src/Services/Motion/motion_service.c:1562:6:motion_on_tim7_tick	464	static
../App/Src/Services/Motion/motion_service.c:1832:6:motion_on_move_queue_add	104	static
../App/Src/Services/Motion/motion_service.c:1879:6:motion_on_move_queue_status	64	static
../App/Src/Services/Motion/motion_service.c:1896:6:motion_on_start_move	40	static
../App/Src/Services/Motion/motion_service.c:1968:6:motion_on_move_end	40	static
../App/Src/Services/Motion/motion_service.c:1995:6:motion_on_set_origin	88	static
../App/Src/Services/Motion/motion_service.c:2023:6:motion_on_encoder_status	152	static
../App/Src/Services/Motion/motion_service.c:2055:6:motion_on_auto_friction_request	80	static
../App/Src/Services/Motion/motion_service.c:2136:6:motion_on_set_microsteps	48	static
../App/Src/Services/Motion/motion_service.c:2161:6:motion_on_set_microsteps_axes	56	static
../App/Src/Services/Motion/motion_service.c:2194:6:motion_demo_set_enabled	120	static
../App/Src/Services/Motion/motion_service.c:2228:6:motion_demo_set_continuous	32	static
../App/Src/Services/Motion/motion_service.c:2279:6:HAL_TIM_PeriodElapsedCallback	16	static
../App/Src/Services/Motion/motion_service.c:2290:6:motion_emergency_stop	16	static
../App/Src/Services/Motion/motion_service.c:2313:9:motion_demo_is_active	4	static
../App/Src/Services/Motion/motion_service.c:2318:6:motion_demo_cycle_speed	16	static
