../App/Inc/Protocol/frame_defs.h:151:20:resp_init	16	static
../App/Inc/Protocol/frame_defs.h:158:20:resp_set_tail	16	static
../App/Src/Services/Motion/motion_service.c:244:6:motion_test_b2_on_press	8	static
../App/Src/Services/Motion/motion_service.c:250:6:motion_test_b2_on_release	56	static
../App/Src/Services/Motion/motion_service.c:311:24:dda_steps_per_rev_axis	16	static
../App/Src/Services/Motion/motion_service.c:406:20:motion_csv_print	24	static
../App/Src/Services/Motion/motion_service.c:453:24:motion_lock	16	static,ignoring_inline_asm
../App/Src/Services/Motion/motion_service.c:458:20:motion_unlock	24	static,ignoring_inline_asm
../App/Src/Services/Motion/motion_service.c:469:22:motion_select_master_axis_progress	104	static
../App/Src/Services/Motion/motion_service.c:512:24:motion_total_for_axis	16	static
../App/Src/Services/Motion/motion_service.c:521:24:motion_velocity_for_axis	16	static
../App/Src/Services/Motion/motion_service.c:530:24:motion_kp_for_axis	16	static
../App/Src/Services/Motion/motion_service.c:539:24:motion_ki_for_axis	16	static
../App/Src/Services/Motion/motion_service.c:548:24:motion_kd_for_axis	16	static
../App/Src/Services/Motion/motion_service.c:557:22:motion_clamp_error	16	static
../App/Src/Services/Motion/motion_service.c:564:24:motion_apply_friction	56	static
../App/Src/Services/Motion/motion_service.c:598:17:motion_remaining_steps_total_for_axis	40	static
../App/Src/Services/Motion/motion_service.c:617:13:motion_refresh_status_locked	208	static
../App/Src/Services/Motion/motion_service.c:664:13:motion_stop_all_axes_locked	16	static
../App/Src/Services/Motion/motion_service.c:693:13:motion_queue_clear_locked	16	static
../App/Src/Services/Motion/motion_service.c:700:23:motion_queue_push_locked	32	static
../App/Src/Services/Motion/motion_service.c:714:12:motion_queue_pop_locked	80	static
../App/Src/Services/Motion/motion_service.c:729:13:motion_begin_segment_locked	32	static
../App/Src/Services/Motion/motion_service.c:785:16:motion_try_start_next_locked	56	static
../App/Src/Services/Motion/motion_service.c:800:13:motion_update_encoders	64	static
../App/Src/Services/Motion/motion_service.c:828:13:motion_send_queue_add_ack	40	static
../App/Src/Services/Motion/motion_service.c:840:13:motion_send_queue_status_response	48	static
../App/Src/Services/Motion/motion_service.c:861:13:motion_send_start_response	40	static
../App/Src/Services/Motion/motion_service.c:870:13:motion_send_move_end_response	40	static
../App/Src/Services/Motion/motion_service.c:883:6:motion_service_init	40	static
../App/Src/Services/Motion/motion_service.c:949:24:motion_status_get	4	static
../App/Src/Services/Motion/motion_service.c:959:6:motion_on_tim6_tick	112	static
../App/Src/Services/Motion/motion_service.c:1182:6:motion_on_tim7_tick	424	static
../App/Src/Services/Motion/motion_service.c:1417:6:motion_on_move_queue_add	104	static
../App/Src/Services/Motion/motion_service.c:1464:6:motion_on_move_queue_status	64	static
../App/Src/Services/Motion/motion_service.c:1481:6:motion_on_start_move	40	static
../App/Src/Services/Motion/motion_service.c:1550:6:motion_on_move_end	40	static
../App/Src/Services/Motion/motion_service.c:1577:6:motion_on_set_origin	88	static
../App/Src/Services/Motion/motion_service.c:1605:6:motion_on_encoder_status	152	static
../App/Src/Services/Motion/motion_service.c:1637:6:motion_on_set_microsteps	48	static
../App/Src/Services/Motion/motion_service.c:1661:6:motion_on_set_microsteps_axes	56	static
../App/Src/Services/Motion/motion_service.c:1693:6:motion_demo_set_enabled	120	static
../App/Src/Services/Motion/motion_service.c:1727:6:motion_demo_set_continuous	32	static
../App/Src/Services/Motion/motion_service.c:1778:6:HAL_TIM_PeriodElapsedCallback	16	static
../App/Src/Services/Motion/motion_service.c:1789:6:motion_emergency_stop	16	static
../App/Src/Services/Motion/motion_service.c:1812:9:motion_demo_is_active	4	static
../App/Src/Services/Motion/motion_service.c:1817:6:motion_demo_cycle_speed	16	static
