../App/Inc/Protocol/Requests/../frame_defs.h:42:23:xor_reduce_bytes	24	static
../App/Inc/Protocol/Requests/../frame_defs.h:61:19:check_parity_byte	24	static
../App/Inc/Protocol/Requests/../frame_defs.h:67:19:set_parity_byte	32	static
../App/Inc/Protocol/Requests/../frame_defs.h:93:19:has_header_tail	24	static
../App/Inc/Protocol/Requests/../frame_defs.h:99:24:be16_read	16	static
../App/Inc/Protocol/Requests/../frame_defs.h:106:20:be16_write	16	static
../App/Inc/Protocol/Requests/../frame_defs.h:140:20:req_init	16	static
../App/Inc/Protocol/Requests/../frame_defs.h:148:20:req_set_tail	16	static
../App/Inc/Protocol/Requests/../frame_defs.h:159:19:frame_expect_req	24	static
../App/Inc/Protocol/Requests/../frame_defs.h:182:19:parity_set_byte_1N	24	static
../App/Inc/Protocol/Requests/../frame_defs.h:186:19:parity_check_byte_1N	24	static
../App/Src/Protocol/Requests/led_control_request.c:11:5:led_ctrl_req_decoder	32	static
../App/Src/Protocol/Requests/led_control_request.c:26:9:led_ctrl_req_calc_parity	24	static
../App/Src/Protocol/Requests/led_control_request.c:38:5:led_ctrl_req_encoder	24	static
../App/Src/Protocol/Requests/led_control_request.c:51:5:led_ctrl_req_check_parity	16	static
../App/Src/Protocol/Requests/led_control_request.c:59:5:led_ctrl_req_set_parity	16	static
../App/Src/Protocol/Requests/led_control_request.c:65:16:led_ctrl_req_make_default	24	static
