../App/Inc/Protocol/Requests/../frame_defs.h:40:23:xor_reduce_bytes	24	static
../App/Inc/Protocol/Requests/../frame_defs.h:59:19:check_parity_byte	24	static
../App/Inc/Protocol/Requests/../frame_defs.h:65:19:set_parity_byte	32	static
../App/Inc/Protocol/Requests/../frame_defs.h:91:19:has_header_tail	24	static
../App/Inc/Protocol/Requests/../frame_defs.h:97:24:be16_read	16	static
../App/Inc/Protocol/Requests/../frame_defs.h:104:20:be16_write	16	static
../App/Inc/Protocol/Requests/../frame_defs.h:138:20:req_init	16	static
../App/Inc/Protocol/Requests/../frame_defs.h:146:20:req_set_tail	16	static
../App/Inc/Protocol/Requests/../frame_defs.h:157:19:frame_expect_req	24	static
../App/Inc/Protocol/Requests/../frame_defs.h:180:19:parity_set_byte_1N	24	static
../App/Inc/Protocol/Requests/../frame_defs.h:184:19:parity_check_byte_1N	24	static
../App/Src/Protocol/Requests/move_probe_level_request.c:3:5:move_probe_level_req_decoder	32	static
../App/Src/Protocol/Requests/move_probe_level_request.c:15:9:move_probe_level_req_calc_parity	24	static
../App/Src/Protocol/Requests/move_probe_level_request.c:21:5:move_probe_level_req_encoder	24	static
../App/Src/Protocol/Requests/move_probe_level_request.c:33:5:move_probe_level_req_check_parity	16	static
../App/Src/Protocol/Requests/move_probe_level_request.c:38:5:move_probe_level_req_set_parity	16	static
../App/Src/Protocol/Requests/move_probe_level_request.c:43:24:move_probe_level_req_make_default	16	static
