../App/Inc/Protocol/Requests/../frame_defs.h:57:23:xor_bit_reduce_bytes	24	static
../App/Inc/Protocol/Requests/../frame_defs.h:83:19:check_parity_bit	32	static
../App/Inc/Protocol/Requests/../frame_defs.h:90:19:set_parity_bit	24	static
../App/Inc/Protocol/Requests/../frame_defs.h:100:19:has_header_tail	24	static
../App/Inc/Protocol/Requests/../frame_defs.h:106:24:be16_read	16	static
../App/Inc/Protocol/Requests/../frame_defs.h:109:24:be32_read	16	static
../App/Inc/Protocol/Requests/../frame_defs.h:113:20:be16_write	16	static
../App/Inc/Protocol/Requests/../frame_defs.h:117:20:be32_write	16	static
../App/Inc/Protocol/Requests/../frame_defs.h:147:20:req_init	16	static
../App/Inc/Protocol/Requests/../frame_defs.h:155:20:req_set_tail	16	static
../App/Inc/Protocol/Requests/../frame_defs.h:166:19:frame_expect_req	24	static
../App/Inc/Protocol/Requests/../frame_defs.h:197:19:parity_set_bit_1N	24	static
../App/Inc/Protocol/Requests/../frame_defs.h:201:19:parity_check_bit_1N	24	static
../App/Src/Protocol/Requests/move_queue_add_request.c:3:5:move_queue_add_req_decoder	32	static
../App/Src/Protocol/Requests/move_queue_add_request.c:30:9:move_queue_add_req_calc_parity	64	static
../App/Src/Protocol/Requests/move_queue_add_request.c:69:5:move_queue_add_req_encoder	24	static
../App/Src/Protocol/Requests/move_queue_add_request.c:96:5:move_queue_add_req_check_parity	16	static
../App/Src/Protocol/Requests/move_queue_add_request.c:101:5:move_queue_add_req_set_parity	16	static
../App/Src/Protocol/Requests/move_queue_add_request.c:106:22:move_queue_add_req_make_default	72	static
