../App/Src/Services/Led/led_service.c:40:13:led_gpio_config_output	40	static
../App/Src/Services/Led/led_service.c:51:13:led_gpio_config_pwm	40	static
../App/Src/Services/Led/led_service.c:66:13:led_push_response	40	static
../App/Src/Services/Led/led_service.c:78:17:led_timer_get_clock	16	static
../App/Src/Services/Led/led_service.c:109:17:led_compute_period_ticks	112	static
../App/Src/Services/Led/led_service.c:129:13:led_apply_pwm	24	static
../App/Src/Services/Led/led_service.c:142:13:led_force_off	40	static
../App/Src/Services/Led/led_service.c:156:13:led_force_on	40	static
../App/Src/Services/Led/led_service.c:170:13:led_force_blink	32	static
../App/Src/Services/Led/led_service.c:192:13:led_apply_config	24	static,ignoring_inline_asm
../App/Src/Services/Led/led_service.c:215:26:led_pwm_start	16	static
../App/Src/Services/Led/led_service.c:231:26:led_pwm_stop	16	static
../App/Src/Services/Led/led_service.c:248:6:led_service_init	48	static
../App/Src/Services/Led/led_service.c:290:6:led_on_led_ctrl	112	static
