../App/Src/Services/Led/led_service.c:40:13:led_gpio_config_output	40	static
../App/Src/Services/Led/led_service.c:51:13:led_gpio_config_pwm	40	static
../App/Src/Services/Led/led_service.c:89:13:led_push_response	40	static
../App/Src/Services/Led/led_service.c:101:17:led_timer_get_clock	16	static
../App/Src/Services/Led/led_service.c:132:17:led_compute_period_ticks	112	static
../App/Src/Services/Led/led_service.c:152:13:led_apply_pwm	24	static
../App/Src/Services/Led/led_service.c:165:13:led_force_off	40	static
../App/Src/Services/Led/led_service.c:179:13:led_force_on	40	static
../App/Src/Services/Led/led_service.c:193:13:led_force_blink	32	static
../App/Src/Services/Led/led_service.c:215:13:led_apply_config	24	static,ignoring_inline_asm
../App/Src/Services/Led/led_service.c:238:26:led_pwm_start	16	static
../App/Src/Services/Led/led_service.c:254:26:led_pwm_stop	16	static
../App/Src/Services/Led/led_service.c:271:6:led_service_init	48	static
../App/Src/Services/Led/led_service.c:313:6:led_on_led_ctrl	112	static
