../Drivers/CMSIS/Include/core_cm4.h:2059:26:ITM_SendChar	16	static,ignoring_inline_asm
../App/Src/app.c:64:19:swo_enabled_app	4	static
../App/Src/app.c:72:20:swo_dump_tx_payload	24	static
../App/Src/app.c:107:20:swo_dump_rx_full42	24	static
../App/Src/app.c:135:20:tx_fill_left_zero_right_filler	16	static
../App/Src/app.c:151:12:is_fill42	24	static
../App/Src/app.c:165:12:find_frame	32	static
../App/Src/app.c:196:13:prepare_next_tx	72	static
../App/Src/app.c:252:13:restart_spi_dma	8	static
../App/Src/app.c:278:6:app_init	8	static
../App/Src/app.c:308:6:app_poll	16	static
../App/Src/app.c:355:17:app_spi_get_state	4	static
../App/Src/app.c:363:9:app_spi_get_error	4	static
../App/Src/app.c:376:6:app_spi_isr_txrx_done	16	static
../App/Src/app.c:395:5:app_resp_push	16	static
