../App/Src/app.c:23:12:is_fill42	24	static
../App/Src/app.c:30:12:find_frame	32	static
../App/Src/app.c:48:13:prepare_next_tx	56	static
../App/Src/app.c:76:13:restart_spi_dma	8	static
../App/Src/app.c:95:6:app_init	8	static
../App/Src/app.c:110:6:app_poll	16	static
../App/Src/app.c:136:17:app_spi_get_state	4	static
../App/Src/app.c:137:17:app_spi_get_error	4	static
../App/Src/app.c:141:6:app_spi_isr_txrx_done	16	static
../App/Src/app.c:152:5:app_resp_push	16	static
../App/Src/app.c:180:13:spi_rx_fifo_drain	24	static
../App/Src/app.c:194:20:spi_post_dma_rx_fifo_sanity	16	static
