../App/Src/app.c:56:6:app_init	24	static
../App/Src/app.c:78:6:app_poll	136	static
../App/Src/app.c:104:6:app_on_spi_txrx_half_complete	16	static
../App/Src/app.c:111:6:app_on_spi_txrx_complete	16	static
../App/Src/app.c:117:6:app_on_spi_tx_complete	16	static
../App/Src/app.c:123:5:app_resp_push	16	static
../App/Src/app.c:130:13:app_spi_queue_reset	4	static,ignoring_inline_asm
../App/Src/app.c:139:13:app_spi_prime_tx_buffer	16	static
../App/Src/app.c:143:16:app_spi_compute_status	4	static
../App/Src/app.c:149:13:app_spi_restart_dma	16	static
../App/Src/app.c:165:13:app_spi_try_restart_dma	8	static
../App/Src/app.c:176:12:app_spi_locate_frame	32	static
../App/Src/app.c:205:12:app_spi_queue_push_isr	24	static
../App/Src/app.c:220:12:app_spi_queue_pop	40	static,ignoring_inline_asm
../App/Src/app.c:235:13:app_spi_handle_txrx_complete	16	static
