../App/Src/app.c:81:13:app_spi_clean_dcache	16	static
../App/Src/app.c:98:13:app_spi_invalidate_dcache	16	static
../App/Src/app.c:115:6:app_init	24	static
../App/Src/app.c:137:6:app_poll	128	static,ignoring_inline_asm
../App/Src/app.c:170:6:app_on_spi_txrx_half_complete	16	static
../App/Src/app.c:177:6:app_on_spi_txrx_complete	16	static
../App/Src/app.c:183:6:app_on_spi_tx_complete	16	static
../App/Src/app.c:187:5:app_resp_push	16	static
../App/Src/app.c:194:13:app_spi_queue_reset	4	static,ignoring_inline_asm
../App/Src/app.c:203:16:app_spi_prime_tx_buffer	32	static,ignoring_inline_asm
../App/Src/app.c:224:16:app_spi_compute_status	4	static
../App/Src/app.c:230:13:app_spi_restart_dma	32	static,ignoring_inline_asm
../App/Src/app.c:255:13:app_spi_try_restart_dma	8	static
../App/Src/app.c:266:12:app_spi_locate_frame	32	static
../App/Src/app.c:295:12:app_spi_queue_push_isr	24	static
../App/Src/app.c:310:12:app_spi_queue_pop	40	static,ignoring_inline_asm
../App/Src/app.c:325:13:app_spi_handle_txrx_complete	16	static
