../App/Src/app.c:118:13:app_spi_clean_dcache	16	static
../App/Src/app.c:135:13:app_spi_invalidate_dcache	16	static
../App/Src/app.c:152:6:app_init	24	static
../App/Src/app.c:183:6:app_poll	136	static,ignoring_inline_asm
../App/Src/app.c:231:6:app_on_spi_txrx_half_complete	16	static
../App/Src/app.c:238:6:app_on_spi_txrx_complete	16	static
../App/Src/app.c:244:6:app_on_spi_tx_complete	16	static
../App/Src/app.c:248:5:app_resp_push	16	static
../App/Src/app.c:255:13:app_spi_queue_reset	4	static,ignoring_inline_asm
../App/Src/app.c:279:16:app_spi_prime_tx_buffer	96	static,ignoring_inline_asm
../App/Src/app.c:341:16:app_spi_compute_status	8	static
../App/Src/app.c:362:13:app_spi_try_commit_pending_to_active	104	static,ignoring_inline_asm
../App/Src/app.c:458:13:app_spi_restart_dma	32	static,ignoring_inline_asm
../App/Src/app.c:483:13:app_spi_try_restart_dma	8	static
../App/Src/app.c:504:38:app_spi_locate_frame	32	static
../App/Src/app.c:558:12:app_spi_queue_push_isr	24	static
../App/Src/app.c:573:13:app_spi_record_rx_error	16	static
../App/Src/app.c:582:12:app_spi_queue_pop	40	static,ignoring_inline_asm
../App/Src/app.c:638:13:app_spi_handle_txrx_complete	16	static
