../App/Src/app.c:42:20:tx_fill_left_zero_right_filler	16	static
../App/Src/app.c:58:12:is_fill42	24	static
../App/Src/app.c:72:12:find_frame	32	static
../App/Src/app.c:103:13:prepare_next_tx	64	static
../App/Src/app.c:142:13:restart_spi_dma	8	static
../App/Src/app.c:167:6:app_init	8	static
../App/Src/app.c:187:6:app_poll	16	static
../App/Src/app.c:217:17:app_spi_get_state	4	static
../App/Src/app.c:225:9:app_spi_get_error	4	static
../App/Src/app.c:238:6:app_spi_isr_txrx_done	16	static
../App/Src/app.c:255:5:app_resp_push	16	static
