../Drivers/CMSIS/Include/core_cm4.h:2059:26:ITM_SendChar	16	static,ignoring_inline_asm
../App/Src/app.c:48:19:swo_enabled_app	4	static
../App/Src/app.c:56:20:swo_dump_tx_payload	24	static
../App/Src/app.c:77:20:tx_fill_left_zero_right_filler	16	static
../App/Src/app.c:93:12:is_fill42	24	static
../App/Src/app.c:107:12:find_frame	32	static
../App/Src/app.c:138:13:prepare_next_tx	64	static
../App/Src/app.c:182:13:restart_spi_dma	8	static
../App/Src/app.c:208:6:app_init	8	static
../App/Src/app.c:238:6:app_poll	16	static
../App/Src/app.c:268:17:app_spi_get_state	4	static
../App/Src/app.c:276:9:app_spi_get_error	4	static
../App/Src/app.c:289:6:app_spi_isr_txrx_done	16	static
../App/Src/app.c:308:5:app_resp_push	16	static
