../App/Src/app.c:102:13:app_spi_clean_dcache	16	static
../App/Src/app.c:119:13:app_spi_invalidate_dcache	16	static
../App/Src/app.c:136:6:app_init	24	static
../App/Src/app.c:158:6:app_poll	136	static,ignoring_inline_asm
../App/Src/app.c:204:6:app_on_spi_txrx_half_complete	16	static
../App/Src/app.c:211:6:app_on_spi_txrx_complete	16	static
../App/Src/app.c:217:6:app_on_spi_tx_complete	16	static
../App/Src/app.c:221:5:app_resp_push	16	static
../App/Src/app.c:228:13:app_spi_queue_reset	4	static,ignoring_inline_asm
../App/Src/app.c:252:16:app_spi_prime_tx_buffer	96	static,ignoring_inline_asm
../App/Src/app.c:314:16:app_spi_compute_status	8	static
../App/Src/app.c:335:13:app_spi_try_commit_pending_to_active	104	static,ignoring_inline_asm
../App/Src/app.c:431:13:app_spi_restart_dma	32	static,ignoring_inline_asm
../App/Src/app.c:456:13:app_spi_try_restart_dma	8	static
../App/Src/app.c:467:38:app_spi_locate_frame	32	static
../App/Src/app.c:521:12:app_spi_queue_push_isr	24	static
../App/Src/app.c:536:13:app_spi_record_rx_error	16	static
../App/Src/app.c:545:12:app_spi_queue_pop	40	static,ignoring_inline_asm
../App/Src/app.c:601:13:app_spi_handle_txrx_complete	16	static
