../Drivers/CMSIS/Include/core_cm4.h:2059:26:ITM_SendChar	16	static,ignoring_inline_asm
../App/Src/app.c:48:19:swo_enabled_app	4	static
../App/Src/app.c:56:20:swo_dump_tx_payload	24	static
../App/Src/app.c:85:20:tx_fill_left_zero_right_filler	16	static
../App/Src/app.c:101:12:is_fill42	24	static
../App/Src/app.c:115:12:find_frame	32	static
../App/Src/app.c:146:13:prepare_next_tx	64	static
../App/Src/app.c:190:13:restart_spi_dma	8	static
../App/Src/app.c:216:6:app_init	8	static
../App/Src/app.c:246:6:app_poll	16	static
../App/Src/app.c:276:17:app_spi_get_state	4	static
../App/Src/app.c:284:9:app_spi_get_error	4	static
../App/Src/app.c:297:6:app_spi_isr_txrx_done	16	static
../App/Src/app.c:316:5:app_resp_push	16	static
