../App/Src/app.c:40:20:tx_fill_left_zero_right_filler	16	static
../App/Src/app.c:56:12:is_fill42	24	static
../App/Src/app.c:70:12:find_frame	32	static
../App/Src/app.c:101:13:prepare_next_tx	64	static
../App/Src/app.c:140:13:restart_spi_dma	8	static
../App/Src/app.c:165:6:app_init	8	static
../App/Src/app.c:185:6:app_poll	16	static
../App/Src/app.c:215:17:app_spi_get_state	4	static
../App/Src/app.c:223:9:app_spi_get_error	4	static
../App/Src/app.c:236:6:app_spi_isr_txrx_done	16	static
../App/Src/app.c:253:5:app_resp_push	16	static
