../App/Src/board_config.c:24:13:configure_encoder_timer	64	static
../App/Src/board_config.c:55:13:configure_output	48	static
../App/Src/board_config.c:65:6:board_config_apply_motion_gpio	32	static
../App/Src/board_config.c:93:6:board_config_force_encoder_quadrature	8	static
../App/Src/board_config.c:100:6:board_config_remap_tim3_encoder_pins	32	static
../App/Src/board_config.c:117:6:board_config_apply_interrupt_priorities	8	static
../App/Src/board_config.c:155:6:board_config_apply_spi_dma_profile	8	static
