../Drivers/CMSIS/Include/core_cm4.h:2059:26:ITM_SendChar	16	static,ignoring_inline_asm
../App/Src/Services/Log/log_service.c:13:6:log_service_init	8	static
../App/Src/Services/Log/log_service.c:18:6:log_poll	4	static
../App/Src/Services/Log/log_service.c:22:6:log_event_ids	16	static
../App/Src/Services/Log/log_service.c:26:6:log_event_names	24	static
../App/Src/Services/Log/log_service.c:34:19:log_swo_enabled	4	static
../App/Src/Services/Log/log_service.c:43:5:_write	32	static
../App/Src/Services/Log/log_service.c:61:6:log_event_auto	168	static
