../App/Src/Services/Log/log_service.c:25:24:rb_count	16	static
../App/Src/Services/Log/log_service.c:29:24:rb_space	8	static
../App/Src/Services/Log/log_service.c:32:13:rb_push_bytes	24	static
../App/Src/Services/Log/log_service.c:42:13:push_line	24	static
../App/Src/Services/Log/log_service.c:49:6:log_service_init	4	static
../App/Src/Services/Log/log_service.c:56:6:log_set_enabled	16	static
../App/Src/Services/Log/log_service.c:57:6:log_set_mode	16	static
../App/Src/Services/Log/log_service.c:59:6:log_event_ids	96	static
../App/Src/Services/Log/log_service.c:69:6:log_event_names	200	static
../App/Src/Services/Log/log_service.c:82:6:log_poll	16	static
../App/Src/Services/Log/log_service.c:102:6:HAL_UART_TxCpltCallback	16	static
../App/Src/Services/Log/log_service.c:108:6:log_event_auto	448	static
