../App/Inc/Protocol/Responses/../frame_defs.h:40:23:xor_reduce_bytes	24	static
../App/Inc/Protocol/Responses/../frame_defs.h:59:19:check_parity_byte	24	static
../App/Inc/Protocol/Responses/../frame_defs.h:65:19:set_parity_byte	32	static
../App/Inc/Protocol/Responses/../frame_defs.h:91:19:has_header_tail	24	static
../App/Inc/Protocol/Responses/../frame_defs.h:97:24:be16_read	16	static
../App/Inc/Protocol/Responses/../frame_defs.h:104:20:be16_write	16	static
../App/Inc/Protocol/Responses/../frame_defs.h:142:20:resp_init	16	static
../App/Inc/Protocol/Responses/../frame_defs.h:149:20:resp_set_tail	16	static
../App/Inc/Protocol/Responses/../frame_defs.h:166:19:frame_expect_resp	24	static
../App/Inc/Protocol/Responses/../frame_defs.h:180:19:parity_set_byte_1N	24	static
../App/Inc/Protocol/Responses/../frame_defs.h:184:19:parity_check_byte_1N	24	static
../App/Src/Protocol/Responses/home_status_response.c:3:5:home_status_resp_decoder	32	static
../App/Src/Protocol/Responses/home_status_response.c:20:9:home_status_resp_calc_parity	32	static
../App/Src/Protocol/Responses/home_status_response.c:33:5:home_status_resp_encoder	24	static
../App/Src/Protocol/Responses/home_status_response.c:50:5:home_status_resp_check_parity	16	static
../App/Src/Protocol/Responses/home_status_response.c:55:5:home_status_resp_set_parity	16	static
../App/Src/Protocol/Responses/home_status_response.c:60:20:home_status_resp_make_default	32	static
