../App/Inc/Protocol/Responses/../frame_defs.h:42:23:xor_reduce_bytes	24	static
../App/Inc/Protocol/Responses/../frame_defs.h:61:19:check_parity_byte	24	static
../App/Inc/Protocol/Responses/../frame_defs.h:67:19:set_parity_byte	32	static
../App/Inc/Protocol/Responses/../frame_defs.h:93:19:has_header_tail	24	static
../App/Inc/Protocol/Responses/../frame_defs.h:144:20:resp_init	16	static
../App/Inc/Protocol/Responses/../frame_defs.h:151:20:resp_set_tail	16	static
../App/Inc/Protocol/Responses/../frame_defs.h:168:19:frame_expect_resp	24	static
../App/Inc/Protocol/Responses/../frame_defs.h:182:19:parity_set_byte_1N	24	static
../App/Inc/Protocol/Responses/../frame_defs.h:186:19:parity_check_byte_1N	24	static
../App/Src/Protocol/Responses/led_control_response.c:3:5:led_ctrl_resp_decoder	32	static
../App/Src/Protocol/Responses/led_control_response.c:15:9:led_ctrl_resp_calc_parity	24	static
../App/Src/Protocol/Responses/led_control_response.c:20:5:led_ctrl_resp_encoder	24	static
../App/Src/Protocol/Responses/led_control_response.c:31:5:led_ctrl_resp_check_parity	16	static
../App/Src/Protocol/Responses/led_control_response.c:36:5:led_ctrl_resp_set_parity	16	static
../App/Src/Protocol/Responses/led_control_response.c:41:17:led_ctrl_resp_make_default	16	static
