../App/Inc/Protocol/Responses/../frame_defs.h:59:23:xor_bit_reduce_bytes	24	static
../App/Inc/Protocol/Responses/../frame_defs.h:85:19:check_parity_bit	32	static
../App/Inc/Protocol/Responses/../frame_defs.h:92:19:set_parity_bit	24	static
../App/Inc/Protocol/Responses/../frame_defs.h:102:19:has_header_tail	24	static
../App/Inc/Protocol/Responses/../frame_defs.h:153:20:resp_init	16	static
../App/Inc/Protocol/Responses/../frame_defs.h:160:20:resp_set_tail	16	static
../App/Inc/Protocol/Responses/../frame_defs.h:177:19:frame_expect_resp	24	static
../App/Inc/Protocol/Responses/../frame_defs.h:199:19:parity_set_bit_1N	24	static
../App/Inc/Protocol/Responses/../frame_defs.h:203:19:parity_check_bit_1N	24	static
../App/Src/Protocol/Responses/move_queue_add_ack_response.c:3:5:move_queue_add_ack_resp_decoder	32	static
../App/Src/Protocol/Responses/move_queue_add_ack_response.c:14:9:move_queue_add_ack_resp_calc_parity	24	static
../App/Src/Protocol/Responses/move_queue_add_ack_response.c:19:5:move_queue_add_ack_resp_encoder	24	static
../App/Src/Protocol/Responses/move_queue_add_ack_response.c:30:5:move_queue_add_ack_resp_check_parity	16	static
../App/Src/Protocol/Responses/move_queue_add_ack_response.c:35:5:move_queue_add_ack_resp_set_parity	16	static
../App/Src/Protocol/Responses/move_queue_add_ack_response.c:40:27:move_queue_add_ack_resp_make_default	16	static
