../App/Inc/Protocol/Responses/../frame_defs.h:51:23:xor_reduce_bytes	24	static
../App/Inc/Protocol/Responses/../frame_defs.h:70:19:check_parity_byte	24	static
../App/Inc/Protocol/Responses/../frame_defs.h:76:19:set_parity_byte	32	static
../App/Inc/Protocol/Responses/../frame_defs.h:102:19:has_header_tail	24	static
../App/Inc/Protocol/Responses/../frame_defs.h:153:20:resp_init	16	static
../App/Inc/Protocol/Responses/../frame_defs.h:160:20:resp_set_tail	16	static
../App/Inc/Protocol/Responses/../frame_defs.h:177:19:frame_expect_resp	24	static
../App/Inc/Protocol/Responses/../frame_defs.h:191:19:parity_set_byte_1N	24	static
../App/Inc/Protocol/Responses/../frame_defs.h:195:19:parity_check_byte_1N	24	static
../App/Src/Protocol/Responses/move_home_response.c:3:5:move_home_resp_decoder	32	static
../App/Src/Protocol/Responses/move_home_response.c:16:9:move_home_resp_calc_parity	24	static
../App/Src/Protocol/Responses/move_home_response.c:21:5:move_home_resp_encoder	24	static
../App/Src/Protocol/Responses/move_home_response.c:34:5:move_home_resp_check_parity	16	static
../App/Src/Protocol/Responses/move_home_response.c:39:5:move_home_resp_set_parity	16	static
../App/Src/Protocol/Responses/move_home_response.c:44:18:move_home_resp_make_default	16	static
