../App/Inc/Protocol/Responses/../frame_defs.h:56:23:xor_reduce_bytes	24	static
../App/Inc/Protocol/Responses/../frame_defs.h:75:19:check_parity_byte	24	static
../App/Inc/Protocol/Responses/../frame_defs.h:81:19:set_parity_byte	32	static
../App/Inc/Protocol/Responses/../frame_defs.h:107:19:has_header_tail	24	static
../App/Inc/Protocol/Responses/../frame_defs.h:116:24:be32_read	16	static
../App/Inc/Protocol/Responses/../frame_defs.h:124:20:be32_write	16	static
../App/Inc/Protocol/Responses/../frame_defs.h:158:20:resp_init	16	static
../App/Inc/Protocol/Responses/../frame_defs.h:165:20:resp_set_tail	16	static
../App/Inc/Protocol/Responses/../frame_defs.h:182:19:frame_expect_resp	24	static
../App/Inc/Protocol/Responses/../frame_defs.h:196:19:parity_set_byte_1N	24	static
../App/Inc/Protocol/Responses/../frame_defs.h:200:19:parity_check_byte_1N	24	static
../App/Src/Protocol/Responses/move_probe_level_response.c:3:5:move_probe_level_resp_decoder	32	static
../App/Src/Protocol/Responses/move_probe_level_response.c:19:9:move_probe_level_resp_calc_parity	40	static
../App/Src/Protocol/Responses/move_probe_level_response.c:31:5:move_probe_level_resp_encoder	24	static
../App/Src/Protocol/Responses/move_probe_level_response.c:47:5:move_probe_level_resp_check_parity	16	static
../App/Src/Protocol/Responses/move_probe_level_response.c:52:5:move_probe_level_resp_set_parity	16	static
../App/Src/Protocol/Responses/move_probe_level_response.c:57:25:move_probe_level_resp_make_default	32	static
