Archive member included to satisfy reference by file (symbol)

C:/ST/STM32CubeIDE_1.19.0/STM32CubeIDE/plugins/com.st.stm32cube.ide.mcu.externaltools.gnu-tools-for-stm32.13.3.rel1.win32_1.0.0.202411081344/tools/bin/../lib/gcc/arm-none-eabi/13.3.1/../../../../arm-none-eabi/lib/thumb/v7e-m+fp/hard\libc_nano.a(libc_a-calloc.o)
                              ./App/Src/Protocol/router.o (calloc)
C:/ST/STM32CubeIDE_1.19.0/STM32CubeIDE/plugins/com.st.stm32cube.ide.mcu.externaltools.gnu-tools-for-stm32.13.3.rel1.win32_1.0.0.202411081344/tools/bin/../lib/gcc/arm-none-eabi/13.3.1/../../../../arm-none-eabi/lib/thumb/v7e-m+fp/hard\libc_nano.a(libc_a-callocr.o)
                              C:/ST/STM32CubeIDE_1.19.0/STM32CubeIDE/plugins/com.st.stm32cube.ide.mcu.externaltools.gnu-tools-for-stm32.13.3.rel1.win32_1.0.0.202411081344/tools/bin/../lib/gcc/arm-none-eabi/13.3.1/../../../../arm-none-eabi/lib/thumb/v7e-m+fp/hard\libc_nano.a(libc_a-calloc.o) (_calloc_r)
C:/ST/STM32CubeIDE_1.19.0/STM32CubeIDE/plugins/com.st.stm32cube.ide.mcu.externaltools.gnu-tools-for-stm32.13.3.rel1.win32_1.0.0.202411081344/tools/bin/../lib/gcc/arm-none-eabi/13.3.1/../../../../arm-none-eabi/lib/thumb/v7e-m+fp/hard\libc_nano.a(libc_a-exit.o)
                              C:/ST/STM32CubeIDE_1.19.0/STM32CubeIDE/plugins/com.st.stm32cube.ide.mcu.externaltools.gnu-tools-for-stm32.13.3.rel1.win32_1.0.0.202411081344/tools/bin/../lib/gcc/arm-none-eabi/13.3.1/../../../../arm-none-eabi/lib/thumb/v7e-m+fp/hard/crt0.o (exit)
C:/ST/STM32CubeIDE_1.19.0/STM32CubeIDE/plugins/com.st.stm32cube.ide.mcu.externaltools.gnu-tools-for-stm32.13.3.rel1.win32_1.0.0.202411081344/tools/bin/../lib/gcc/arm-none-eabi/13.3.1/../../../../arm-none-eabi/lib/thumb/v7e-m+fp/hard\libc_nano.a(libc_a-malloc.o)
                              ./App/Src/Protocol/router.o (malloc)
C:/ST/STM32CubeIDE_1.19.0/STM32CubeIDE/plugins/com.st.stm32cube.ide.mcu.externaltools.gnu-tools-for-stm32.13.3.rel1.win32_1.0.0.202411081344/tools/bin/../lib/gcc/arm-none-eabi/13.3.1/../../../../arm-none-eabi/lib/thumb/v7e-m+fp/hard\libc_nano.a(libc_a-mallocr.o)
                              C:/ST/STM32CubeIDE_1.19.0/STM32CubeIDE/plugins/com.st.stm32cube.ide.mcu.externaltools.gnu-tools-for-stm32.13.3.rel1.win32_1.0.0.202411081344/tools/bin/../lib/gcc/arm-none-eabi/13.3.1/../../../../arm-none-eabi/lib/thumb/v7e-m+fp/hard\libc_nano.a(libc_a-callocr.o) (_malloc_r)
C:/ST/STM32CubeIDE_1.19.0/STM32CubeIDE/plugins/com.st.stm32cube.ide.mcu.externaltools.gnu-tools-for-stm32.13.3.rel1.win32_1.0.0.202411081344/tools/bin/../lib/gcc/arm-none-eabi/13.3.1/../../../../arm-none-eabi/lib/thumb/v7e-m+fp/hard\libc_nano.a(libc_a-mlock.o)
                              C:/ST/STM32CubeIDE_1.19.0/STM32CubeIDE/plugins/com.st.stm32cube.ide.mcu.externaltools.gnu-tools-for-stm32.13.3.rel1.win32_1.0.0.202411081344/tools/bin/../lib/gcc/arm-none-eabi/13.3.1/../../../../arm-none-eabi/lib/thumb/v7e-m+fp/hard\libc_nano.a(libc_a-mallocr.o) (__malloc_lock)
C:/ST/STM32CubeIDE_1.19.0/STM32CubeIDE/plugins/com.st.stm32cube.ide.mcu.externaltools.gnu-tools-for-stm32.13.3.rel1.win32_1.0.0.202411081344/tools/bin/../lib/gcc/arm-none-eabi/13.3.1/../../../../arm-none-eabi/lib/thumb/v7e-m+fp/hard\libc_nano.a(libc_a-findfp.o)
                              C:/ST/STM32CubeIDE_1.19.0/STM32CubeIDE/plugins/com.st.stm32cube.ide.mcu.externaltools.gnu-tools-for-stm32.13.3.rel1.win32_1.0.0.202411081344/tools/bin/../lib/gcc/arm-none-eabi/13.3.1/../../../../arm-none-eabi/lib/thumb/v7e-m+fp/hard\libc_nano.a(libc_a-exit.o) (__stdio_exit_handler)
C:/ST/STM32CubeIDE_1.19.0/STM32CubeIDE/plugins/com.st.stm32cube.ide.mcu.externaltools.gnu-tools-for-stm32.13.3.rel1.win32_1.0.0.202411081344/tools/bin/../lib/gcc/arm-none-eabi/13.3.1/../../../../arm-none-eabi/lib/thumb/v7e-m+fp/hard\libc_nano.a(libc_a-fwalk.o)
                              C:/ST/STM32CubeIDE_1.19.0/STM32CubeIDE/plugins/com.st.stm32cube.ide.mcu.externaltools.gnu-tools-for-stm32.13.3.rel1.win32_1.0.0.202411081344/tools/bin/../lib/gcc/arm-none-eabi/13.3.1/../../../../arm-none-eabi/lib/thumb/v7e-m+fp/hard\libc_nano.a(libc_a-findfp.o) (_fwalk_sglue)
C:/ST/STM32CubeIDE_1.19.0/STM32CubeIDE/plugins/com.st.stm32cube.ide.mcu.externaltools.gnu-tools-for-stm32.13.3.rel1.win32_1.0.0.202411081344/tools/bin/../lib/gcc/arm-none-eabi/13.3.1/../../../../arm-none-eabi/lib/thumb/v7e-m+fp/hard\libc_nano.a(libc_a-snprintf.o)
                              ./App/Src/Services/Led/led_service.o (snprintf)
C:/ST/STM32CubeIDE_1.19.0/STM32CubeIDE/plugins/com.st.stm32cube.ide.mcu.externaltools.gnu-tools-for-stm32.13.3.rel1.win32_1.0.0.202411081344/tools/bin/../lib/gcc/arm-none-eabi/13.3.1/../../../../arm-none-eabi/lib/thumb/v7e-m+fp/hard\libc_nano.a(libc_a-stdio.o)
[...]
Memory Configuration

Name             Origin             Length             Attributes
RAM              0x20000000         0x00018000         xrw
RAM2             0x10000000         0x00008000         xrw
FLASH            0x08000000         0x00100000         xr
*default*        0x00000000         0xffffffff

Linker script and memory map

LOAD C:/ST/STM32CubeIDE_1.19.0/STM32CubeIDE/plugins/com.st.stm32cube.ide.mcu.externaltools.gnu-tools-for-stm32.13.3.rel1.win32_1.0.0.202411081344/tools/bin/../lib/gcc/arm-none-eabi/13.3.1/thumb/v7e-m+fp/hard/crti.o
LOAD C:/ST/STM32CubeIDE_1.19.0/STM32CubeIDE/plugins/com.st.stm32cube.ide.mcu.externaltools.gnu-tools-for-stm32.13.3.rel1.win32_1.0.0.202411081344/tools/bin/../lib/gcc/arm-none-eabi/13.3.1/thumb/v7e-m+fp/hard/crtbegin.o
LOAD C:/ST/STM32CubeIDE_1.19.0/STM32CubeIDE/plugins/com.st.stm32cube.ide.mcu.externaltools.gnu-tools-for-stm32.13.3.rel1.win32_1.0.0.202411081344/tools/bin/../lib/gcc/arm-none-eabi/13.3.1/../../../../arm-none-eabi/lib/thumb/v7e-m+fp/hard/crt0.o
LOAD ./App/Src/Protocol/Requests/fpga_status_request.o
LOAD ./App/Src/Protocol/Requests/led_control_request.o
LOAD ./App/Src/Protocol/Requests/move_end_request.o
LOAD ./App/Src/Protocol/Requests/move_home_request.o
LOAD ./App/Src/Protocol/Requests/move_probe_level_request.o
LOAD ./App/Src/Protocol/Requests/move_queue_add_request.o
LOAD ./App/Src/Protocol/Requests/move_queue_status_request.o
LOAD ./App/Src/Protocol/Requests/start_move_request.o
LOAD ./App/Src/Protocol/Responses/home_status_response.o
LOAD ./App/Src/Protocol/Responses/led_control_response.o
LOAD ./App/Src/Protocol/Responses/move_end_response.o
LOAD ./App/Src/Protocol/Responses/move_home_response.o
LOAD ./App/Src/Protocol/Responses/move_probe_level_response.o
LOAD ./App/Src/Protocol/Responses/move_queue_add_ack_response.o
LOAD ./App/Src/Protocol/Responses/move_queue_status_response.o
LOAD ./App/Src/Protocol/Responses/start_move_response.o
LOAD ./App/Src/Protocol/router.o
LOAD ./App/Src/Services/Home/home_service.o
LOAD ./App/Src/Services/Led/led_service.o
LOAD ./App/Src/Services/Log/log_service.o
LOAD ./App/Src/Services/Motion/motion_service.o
LOAD ./App/Src/Services/Probe/probe_service.o
LOAD ./App/Src/Services/Safety/safety_service.o
LOAD ./App/Src/Services/service_adapters.o
LOAD ./App/Src/app.o
LOAD ./Core/Src/dma.o
LOAD ./Core/Src/gpio.o
LOAD ./Core/Src/main.o
LOAD ./Core/Src/spi.o
LOAD ./Core/Src/stm32l4xx_hal_msp.o
LOAD ./Core/Src/stm32l4xx_it.o
LOAD ./Core/Src/syscalls.o
LOAD ./Core/Src/sysmem.o
LOAD ./Core/Src/system_stm32l4xx.o
LOAD ./Core/Src/tim.o
LOAD ./Core/Src/usart.o
LOAD ./Core/Startup/startup_stm32l475vgtx.o
LOAD ./Drivers/STM32L4xx_HAL_Driver/Src/stm32l4xx_hal.o
LOAD ./Drivers/STM32L4xx_HAL_Driver/Src/stm32l4xx_hal_cortex.o
LOAD ./Drivers/STM32L4xx_HAL_Driver/Src/stm32l4xx_hal_dma.o
LOAD ./Drivers/STM32L4xx_HAL_Driver/Src/stm32l4xx_hal_dma_ex.o
LOAD ./Drivers/STM32L4xx_HAL_Driver/Src/stm32l4xx_hal_exti.o
LOAD ./Drivers/STM32L4xx_HAL_Driver/Src/stm32l4xx_hal_flash.o
LOAD ./Drivers/STM32L4xx_HAL_Driver/Src/stm32l4xx_hal_flash_ex.o
LOAD ./Drivers/STM32L4xx_HAL_Driver/Src/stm32l4xx_hal_flash_ramfunc.o
LOAD ./Drivers/STM32L4xx_HAL_Driver/Src/stm32l4xx_hal_gpio.o
LOAD ./Drivers/STM32L4xx_HAL_Driver/Src/stm32l4xx_hal_i2c.o
LOAD ./Drivers/STM32L4xx_HAL_Driver/Src/stm32l4xx_hal_i2c_ex.o
LOAD ./Drivers/STM32L4xx_HAL_Driver/Src/stm32l4xx_hal_pwr.o
LOAD ./Drivers/STM32L4xx_HAL_Driver/Src/stm32l4xx_hal_pwr_ex.o
LOAD ./Drivers/STM32L4xx_HAL_Driver/Src/stm32l4xx_hal_rcc.o
LOAD ./Drivers/STM32L4xx_HAL_Driver/Src/stm32l4xx_hal_rcc_ex.o
LOAD ./Drivers/STM32L4xx_HAL_Driver/Src/stm32l4xx_hal_spi.o
LOAD ./Drivers/STM32L4xx_HAL_Driver/Src/stm32l4xx_hal_spi_ex.o
LOAD ./Drivers/STM32L4xx_HAL_Driver/Src/stm32l4xx_hal_tim.o
LOAD ./Drivers/STM32L4xx_HAL_Driver/Src/stm32l4xx_hal_tim_ex.o
LOAD ./Drivers/STM32L4xx_HAL_Driver/Src/stm32l4xx_hal_uart.o
LOAD ./Drivers/STM32L4xx_HAL_Driver/Src/stm32l4xx_hal_uart_ex.o
START GROUP
LOAD C:/ST/STM32CubeIDE_1.19.0/STM32CubeIDE/plugins/com.st.stm32cube.ide.mcu.externaltools.gnu-tools-for-stm32.13.3.rel1.win32_1.0.0.202411081344/tools/bin/../lib/gcc/arm-none-eabi/13.3.1/../../../../arm-none-eabi/lib/thumb/v7e-m+fp/hard\libc_nano.a
LOAD C:/ST/STM32CubeIDE_1.19.0/STM32CubeIDE/plugins/com.st.stm32cube.ide.mcu.externaltools.gnu-tools-for-stm32.13.3.rel1.win32_1.0.0.202411081344/tools/bin/../lib/gcc/arm-none-eabi/13.3.1/../../../../arm-none-eabi/lib/thumb/v7e-m+fp/hard\libm.a
END GROUP
START GROUP
LOAD C:/ST/STM32CubeIDE_1.19.0/STM32CubeIDE/plugins/com.st.stm32cube.ide.mcu.externaltools.gnu-tools-for-stm32.13.3.rel1.win32_1.0.0.202411081344/tools/bin/../lib/gcc/arm-none-eabi/13.3.1/thumb/v7e-m+fp/hard\libgcc.a
LOAD C:/ST/STM32CubeIDE_1.19.0/STM32CubeIDE/plugins/com.st.stm32cube.ide.mcu.externaltools.gnu-tools-for-stm32.13.3.rel1.win32_1.0.0.202411081344/tools/bin/../lib/gcc/arm-none-eabi/13.3.1/../../../../arm-none-eabi/lib/thumb/v7e-m+fp/hard\libc_nano.a
END GROUP
START GROUP
LOAD C:/ST/STM32CubeIDE_1.19.0/STM32CubeIDE/plugins/com.st.stm32cube.ide.mcu.externaltools.gnu-tools-for-stm32.13.3.rel1.win32_1.0.0.202411081344/tools/bin/../lib/gcc/arm-none-eabi/13.3.1/thumb/v7e-m+fp/hard\libgcc.a
LOAD C:/ST/STM32CubeIDE_1.19.0/STM32CubeIDE/plugins/com.st.stm32cube.ide.mcu.externaltools.gnu-tools-for-stm32.13.3.rel1.win32_1.0.0.202411081344/tools/bin/../lib/gcc/arm-none-eabi/13.3.1/../../../../arm-none-eabi/lib/thumb/v7e-m+fp/hard\libc_nano.a
LOAD C:/ST/STM32CubeIDE_1.19.0/STM32CubeIDE/plugins/com.st.stm32cube.ide.mcu.externaltools.gnu-tools-for-stm32.13.3.rel1.win32_1.0.0.202411081344/tools/bin/../lib/gcc/arm-none-eabi/13.3.1/../../../../arm-none-eabi/lib/thumb/v7e-m+fp/hard\libnosys.a
END GROUP
START GROUP
LOAD C:/ST/STM32CubeIDE_1.19.0/STM32CubeIDE/plugins/com.st.stm32cube.ide.mcu.externaltools.gnu-tools-for-stm32.13.3.rel1.win32_1.0.0.202411081344/tools/bin/../lib/gcc/arm-none-eabi/13.3.1/thumb/v7e-m+fp/hard\libgcc.a
LOAD C:/ST/STM32CubeIDE_1.19.0/STM32CubeIDE/plugins/com.st.stm32cube.ide.mcu.externaltools.gnu-tools-for-stm32.13.3.rel1.win32_1.0.0.202411081344/tools/bin/../lib/gcc/arm-none-eabi/13.3.1/../../../../arm-none-eabi/lib/thumb/v7e-m+fp/hard\libc_nano.a
LOAD C:/ST/STM32CubeIDE_1.19.0/STM32CubeIDE/plugins/com.st.stm32cube.ide.mcu.externaltools.gnu-tools-for-stm32.13.3.rel1.win32_1.0.0.202411081344/tools/bin/../lib/gcc/arm-none-eabi/13.3.1/../../../../arm-none-eabi/lib/thumb/v7e-m+fp/hard\libnosys.a
END GROUP
LOAD C:/ST/STM32CubeIDE_1.19.0/STM32CubeIDE/plugins/com.st.stm32cube.ide.mcu.externaltools.gnu-tools-for-stm32.13.3.rel1.win32_1.0.0.202411081344/tools/bin/../lib/gcc/arm-none-eabi/13.3.1/thumb/v7e-m+fp/hard/crtend.o
LOAD C:/ST/STM32CubeIDE_1.19.0/STM32CubeIDE/plugins/com.st.stm32cube.ide.mcu.externaltools.gnu-tools-for-stm32.13.3.rel1.win32_1.0.0.202411081344/tools/bin/../lib/gcc/arm-none-eabi/13.3.1/thumb/v7e-m+fp/hard/crtn.o
                0x20018000                        _estack = (ORIGIN (RAM) + LENGTH (RAM))
                0x00000200                        _Min_Heap_Size = 0x200
                0x00000400                        _Min_Stack_Size = 0x400

.isr_vector     0x08000000      0x188
                0x08000000                        . = ALIGN (0x4)
 *(.isr_vector)
 .isr_vector    0x08000000      0x188 ./Core/Startup/startup_stm32l475vgtx.o
                0x08000000                g_pfnVectors
                0x08000188                        . = ALIGN (0x4)

.text           0x08000190     0x8d5c
                0x08000190                        . = ALIGN (0x4)
 *(.text)
 .text          0x08000190       0x40 C:/ST/STM32CubeIDE_1.19.0/STM32CubeIDE/plugins/com.st.stm32cube.ide.mcu.externaltools.gnu-tools-for-stm32.13.3.rel1.win32_1.0.0.202411081344/tools/bin/../lib/gcc/arm-none-eabi/13.3.1/thumb/v7e-m+fp/hard/crtbegin.o
 .text          0x080001d0       0x10 C:/ST/STM32CubeIDE_1.19.0/STM32CubeIDE/plugins/com.st.stm32cube.ide.mcu.externaltools.gnu-tools-for-stm32.13.3.rel1.win32_1.0.0.202411081344/tools/bin/../lib/gcc/arm-none-eabi/13.3.1/../../../../arm-none-eabi/lib/thumb/v7e-m+fp/hard\libc_nano.a(libc_a-strlen.o)
                0x080001d0                strlen
 .text          0x080001e0       0xa0 C:/ST/STM32CubeIDE_1.19.0/STM32CubeIDE/plugins/com.st.stm32cube.ide.mcu.externaltools.gnu-tools-for-stm32.13.3.rel1.win32_1.0.0.202411081344/tools/bin/../lib/gcc/arm-none-eabi/13.3.1/../../../../arm-none-eabi/lib/thumb/v7e-m+fp/hard\libc_nano.a(libc_a-memchr.o)
                0x080001e0                memchr
 .text          0x08000280       0x30 C:/ST/STM32CubeIDE_1.19.0/STM32CubeIDE/plugins/com.st.stm32cube.ide.mcu.externaltools.gnu-tools-for-stm32.13.3.rel1.win32_1.0.0.202411081344/tools/bin/../lib/gcc/arm-none-eabi/13.3.1/thumb/v7e-m+fp/hard\libgcc.a(_aeabi_uldivmod.o)
                0x08000280                __aeabi_uldivmod
 .text          0x080002b0      0x2f8 C:/ST/STM32CubeIDE_1.19.0/STM32CubeIDE/plugins/com.st.stm32cube.ide.mcu.externaltools.gnu-tools-for-stm32.13.3.rel1.win32_1.0.0.202411081344/tools/bin/../lib/gcc/arm-none-eabi/13.3.1/thumb/v7e-m+fp/hard\libgcc.a(_udivmoddi4.o)
                0x080002b0                __udivmoddi4
 .text          0x080005a8        0x4 C:/ST/STM32CubeIDE_1.19.0/STM32CubeIDE/plugins/com.st.stm32cube.ide.mcu.externaltools.gnu-tools-for-stm32.13.3.rel1.win32_1.0.0.202411081344/tools/bin/../lib/gcc/arm-none-eabi/13.3.1/thumb/v7e-m+fp/hard\libgcc.a(_dvmd_tls.o)
                0x080005a8                __aeabi_idiv0
                0x080005a8                __aeabi_ldiv0
 *(.text*)
 .text.has_header_tail
                0x080005ac       0x4e ./App/Src/Protocol/Requests/led_control_request.o
 .text.frame_expect_req
                0x080005fa       0x52 ./App/Src/Protocol/Requests/led_control_request.o
 .text.led_ctrl_req_decoder
                0x0800064c       0x72 ./App/Src/Protocol/Requests/led_control_request.o
                0x0800064c                led_ctrl_req_decoder
 *fill*         0x080006be        0x2 
 .text.router_init
                0x080006c0       0x44 ./App/Src/Protocol/router.o
                0x080006c0                router_init
 .text.is_req_complete
                0x08000704       0x56 ./App/Src/Protocol/router.o
 *fill*         0x0800075a        0x2 
 .text.dispatch
                0x0800075c      0x18c ./App/Src/Protocol/router.o
 .text.router_feed_bytes
                0x080008e8       0x96 ./App/Src/Protocol/router.o
                0x080008e8                router_feed_bytes
 .text.resp_fifo_create
                0x0800097e       0x1c ./App/Src/Protocol/router.o
                0x0800097e                resp_fifo_create
 .text.resp_fifo_pop
                0x0800099a       0x8a ./App/Src/Protocol/router.o
                0x0800099a                resp_fifo_pop
 .text.home_on_move_home
                0x08000a24       0x16 ./App/Src/Services/Home/home_service.o
                0x08000a24                home_on_move_home
 *fill*         0x08000a3a        0x2 
 .text.led_service_init
                0x08000a3c       0x78 ./App/Src/Services/Led/led_service.o
                0x08000a3c                led_service_init
 .text.led_apply_rgb
                0x08000ab4       0x8c ./App/Src/Services/Led/led_service.o
 .text.led_on_led_ctrl
                0x08000b40       0x90 ./App/Src/Services/Led/led_service.o
                0x08000b40                led_on_led_ctrl
 .text.rb_count
                0x08000bd0       0x44 ./App/Src/Services/Log/log_service.o
 .text.rb_space
                0x08000c14       0x16 ./App/Src/Services/Log/log_service.o
 *fill*         0x08000c2a        0x2 
 .text.rb_push_bytes
                0x08000c2c       0x84 ./App/Src/Services/Log/log_service.o
 .text.push_line
                0x08000cb0       0x36 ./App/Src/Services/Log/log_service.o
 *fill*         0x08000ce6        0x2 
 .text.log_service_init
                0x08000ce8       0x44 ./App/Src/Services/Log/log_service.o
                0x08000ce8                log_service_init
 .text.log_event_ids
                0x08000d2c       0x68 ./App/Src/Services/Log/log_service.o
                0x08000d2c                log_event_ids
 .text.log_event_names
                0x08000d94       0x88 ./App/Src/Services/Log/log_service.o
                0x08000d94                log_event_names
 .text.log_poll
                0x08000e1c       0xf8 ./App/Src/Services/Log/log_service.o
                0x08000e1c                log_poll
 .text.HAL_UART_TxCpltCallback
                0x08000f14       0x34 ./App/Src/Services/Log/log_service.o
                0x08000f14                HAL_UART_TxCpltCallback
 .text.motion_on_move_queue_add
                0x08000f48       0x38 ./App/Src/Services/Motion/motion_service.o
                0x08000f48                motion_on_move_queue_add
 .text.motion_on_move_queue_status
                0x08000f80       0x16 ./App/Src/Services/Motion/motion_service.o
                0x08000f80                motion_on_move_queue_status
 *fill*         0x08000f96        0x2 
 .text.motion_on_start_move
                0x08000f98       0x2c ./App/Src/Services/Motion/motion_service.o
                0x08000f98                motion_on_start_move
 .text.motion_on_move_end
                0x08000fc4       0x20 ./App/Src/Services/Motion/motion_service.o
                0x08000fc4                motion_on_move_end
 .text.probe_on_move_probe_level
                0x08000fe4       0x16 ./App/Src/Services/Probe/probe_service.o
                0x08000fe4                probe_on_move_probe_level
 .text.h_move_queue_add
                0x08000ffa       0x1c ./App/Src/Services/service_adapters.o
 .text.h_move_queue_status
                0x08001016       0x1c ./App/Src/Services/service_adapters.o
 .text.h_start_move
                0x08001032       0x1c ./App/Src/Services/service_adapters.o
 .text.h_move_home
                0x0800104e       0x1c ./App/Src/Services/service_adapters.o
 .text.h_move_probe_level
                0x0800106a       0x1c ./App/Src/Services/service_adapters.o
 .text.h_move_end
                0x08001086       0x1c ./App/Src/Services/service_adapters.o
 .text.h_led_ctrl
                0x080010a2       0x1c ./App/Src/Services/service_adapters.o
 .text.h_fpga_status
                0x080010be       0x18 ./App/Src/Services/service_adapters.o
 *fill*         0x080010d6        0x2 
 .text.services_register_handlers
                0x080010d8       0x6c ./App/Src/Services/service_adapters.o
                0x080010d8                services_register_handlers
 .text.app_init
                0x08001144       0x78 ./App/Src/app.o
                0x08001144                app_init
 .text.app_poll
                0x080011bc       0x60 ./App/Src/app.o
                0x080011bc                app_poll
 .text.HAL_SPI_RxHalfCpltCallback
                0x0800121c       0x38 ./App/Src/app.o
                0x0800121c                HAL_SPI_RxHalfCpltCallback
 .text.HAL_SPI_RxCpltCallback
                0x08001254       0x38 ./App/Src/app.o
                0x08001254                HAL_SPI_RxCpltCallback
 .text.HAL_SPI_TxCpltCallback
                0x0800128c       0x34 ./App/Src/app.o
                0x0800128c                HAL_SPI_TxCpltCallback
 .text.MX_DMA_Init
                0x080012c0       0x4c ./Core/Src/dma.o
                0x080012c0                MX_DMA_Init
 .text.MX_GPIO_Init
                0x0800130c      0x164 ./Core/Src/gpio.o
                0x0800130c                MX_GPIO_Init
 .text.main     0x08001470       0x3a ./Core/Src/main.o
                0x08001470                main
 .text.SystemClock_Config
                0x080014aa       0xa6 ./Core/Src/main.o
                0x080014aa                SystemClock_Config
 .text.Error_Handler
                0x08001550        0xc ./Core/Src/main.o
                0x08001550                Error_Handler
 .text.assert_failed
                0x0800155c       0x16 ./Core/Src/main.o
                0x0800155c                assert_failed
 *fill*         0x08001572        0x2 
 .text.MX_SPI1_Init
                0x08001574       0x70 ./Core/Src/spi.o
                0x08001574                MX_SPI1_Init
 .text.HAL_SPI_MspInit
                0x080015e4      0x188 ./Core/Src/spi.o
                0x080015e4                HAL_SPI_MspInit
 .text.HAL_MspInit
                0x0800176c       0x48 ./Core/Src/stm32l4xx_hal_msp.o
                0x0800176c                HAL_MspInit
 .text.NMI_Handler
                0x080017b4        0x8 ./Core/Src/stm32l4xx_it.o
                0x080017b4                NMI_Handler
 .text.HardFault_Handler
                0x080017bc        0x8 ./Core/Src/stm32l4xx_it.o
                0x080017bc                HardFault_Handler
 .text.MemManage_Handler
                0x080017c4        0x8 ./Core/Src/stm32l4xx_it.o
                0x080017c4                MemManage_Handler
 .text.BusFault_Handler
                0x080017cc        0x8 ./Core/Src/stm32l4xx_it.o
                0x080017cc                BusFault_Handler
 .text.UsageFault_Handler
                0x080017d4        0x8 ./Core/Src/stm32l4xx_it.o
                0x080017d4                UsageFault_Handler
 .text.SVC_Handler
                0x080017dc        0xe ./Core/Src/stm32l4xx_it.o
                0x080017dc                SVC_Handler
 .text.DebugMon_Handler
                0x080017ea        0xe ./Core/Src/stm32l4xx_it.o
                0x080017ea                DebugMon_Handler
 .text.PendSV_Handler
                0x080017f8        0xe ./Core/Src/stm32l4xx_it.o
                0x080017f8                PendSV_Handler
 .text.SysTick_Handler
                0x08001806        0xc ./Core/Src/stm32l4xx_it.o
                0x08001806                SysTick_Handler
 *fill*         0x08001812        0x2 
 .text.DMA1_Channel2_IRQHandler
                0x08001814       0x14 ./Core/Src/stm32l4xx_it.o
                0x08001814                DMA1_Channel2_IRQHandler
 .text.DMA1_Channel3_IRQHandler
                0x08001828       0x14 ./Core/Src/stm32l4xx_it.o
                0x08001828                DMA1_Channel3_IRQHandler
 .text.SPI1_IRQHandler
                0x0800183c       0x14 ./Core/Src/stm32l4xx_it.o
                0x0800183c                SPI1_IRQHandler
 .text.TIM6_DAC_IRQHandler
                0x08001850       0x14 ./Core/Src/stm32l4xx_it.o
                0x08001850                TIM6_DAC_IRQHandler
 .text.TIM7_IRQHandler
                0x08001864       0x14 ./Core/Src/stm32l4xx_it.o
                0x08001864                TIM7_IRQHandler
 .text.USART1_IRQHandler
                0x08001878       0x14 ./Core/Src/stm32l4xx_it.o
                0x08001878                USART1_IRQHandler
 .text._sbrk    0x0800188c       0x6c ./Core/Src/sysmem.o
                0x0800188c                _sbrk
 .text.SystemInit
                0x080018f8       0x24 ./Core/Src/system_stm32l4xx.o
                0x080018f8                SystemInit
 .text.MX_TIM2_Init
                0x0800191c       0xa8 ./Core/Src/tim.o
                0x0800191c                MX_TIM2_Init
 .text.MX_TIM3_Init
                0x080019c4       0xac ./Core/Src/tim.o
                0x080019c4                MX_TIM3_Init
 .text.MX_TIM5_Init
                0x08001a70       0xac ./Core/Src/tim.o
                0x08001a70                MX_TIM5_Init
 .text.MX_TIM6_Init
                0x08001b1c       0x6c ./Core/Src/tim.o
                0x08001b1c                MX_TIM6_Init
 .text.MX_TIM7_Init
                0x08001b88       0x6c ./Core/Src/tim.o
                0x08001b88                MX_TIM7_Init
 .text.HAL_TIM_Encoder_MspInit
                0x08001bf4      0x184 ./Core/Src/tim.o
                0x08001bf4                HAL_TIM_Encoder_MspInit
 .text.HAL_TIM_Base_MspInit
                0x08001d78       0x84 ./Core/Src/tim.o
                0x08001d78                HAL_TIM_Base_MspInit
 .text.MX_USART1_UART_Init
                0x08001dfc       0x60 ./Core/Src/usart.o
                0x08001dfc                MX_USART1_UART_Init
 .text.HAL_UART_MspInit
                0x08001e5c       0xcc ./Core/Src/usart.o
                0x08001e5c                HAL_UART_MspInit
 .text.Reset_Handler
                0x08001f28       0x50 ./Core/Startup/startup_stm32l475vgtx.o
                0x08001f28                Reset_Handler
 .text.Default_Handler
                0x08001f78        0x2 ./Core/Startup/startup_stm32l475vgtx.o
                0x08001f78                RTC_Alarm_IRQHandler
                0x08001f78                EXTI2_IRQHandler
                0x08001f78                TIM8_TRG_COM_IRQHandler
                0x08001f78                TIM8_CC_IRQHandler
                0x08001f78                TIM1_CC_IRQHandler
                0x08001f78                TSC_IRQHandler
                0x08001f78                TAMP_STAMP_IRQHandler
                0x08001f78                EXTI3_IRQHandler
                0x08001f78                LPTIM2_IRQHandler
                0x08001f78                DFSDM1_FLT1_IRQHandler
                0x08001f78                I2C3_ER_IRQHandler
                0x08001f78                DFSDM1_FLT2_IRQHandler
                0x08001f78                EXTI0_IRQHandler
                0x08001f78                I2C2_EV_IRQHandler
                0x08001f78                CAN1_RX0_IRQHandler
                0x08001f78                FPU_IRQHandler
                0x08001f78                TIM1_UP_TIM16_IRQHandler
                0x08001f78                ADC1_2_IRQHandler
                0x08001f78                TIM8_UP_IRQHandler
                0x08001f78                DMA2_Channel2_IRQHandler
                0x08001f78                DMA1_Channel4_IRQHandler
                0x08001f78                SAI2_IRQHandler
                0x08001f78                DFSDM1_FLT3_IRQHandler
                0x08001f78                USART3_IRQHandler
                0x08001f78                DMA1_Channel7_IRQHandler
                0x08001f78                CAN1_RX1_IRQHandler
                0x08001f78                UART5_IRQHandler
                0x08001f78                ADC3_IRQHandler
                0x08001f78                TIM4_IRQHandler
                0x08001f78                DMA2_Channel1_IRQHandler
                0x08001f78                QUADSPI_IRQHandler
                0x08001f78                I2C1_EV_IRQHandler
                0x08001f78                DMA1_Channel6_IRQHandler
                0x08001f78                UART4_IRQHandler
                0x08001f78                DMA2_Channel4_IRQHandler
                0x08001f78                TIM3_IRQHandler
                0x08001f78                RCC_IRQHandler
                0x08001f78                DMA1_Channel1_IRQHandler
                0x08001f78                Default_Handler
                0x08001f78                DMA2_Channel7_IRQHandler
                0x08001f78                EXTI15_10_IRQHandler
                0x08001f78                SDMMC1_IRQHandler
                0x08001f78                TIM5_IRQHandler
                0x08001f78                I2C3_EV_IRQHandler
                0x08001f78                EXTI9_5_IRQHandler
                0x08001f78                RTC_WKUP_IRQHandler
                0x08001f78                PVD_PVM_IRQHandler
                0x08001f78                SPI2_IRQHandler
                0x08001f78                CAN1_TX_IRQHandler
                0x08001f78                DMA2_Channel5_IRQHandler
                0x08001f78                DMA1_Channel5_IRQHandler
                0x08001f78                EXTI4_IRQHandler
                0x08001f78                RNG_IRQHandler
                0x08001f78                TIM1_TRG_COM_TIM17_IRQHandler
                0x08001f78                COMP_IRQHandler
                0x08001f78                WWDG_IRQHandler
                0x08001f78                LPUART1_IRQHandler
                0x08001f78                DMA2_Channel6_IRQHandler
                0x08001f78                TIM2_IRQHandler
                0x08001f78                EXTI1_IRQHandler
                0x08001f78                USART2_IRQHandler
                0x08001f78                DFSDM1_FLT0_IRQHandler
                0x08001f78                I2C2_ER_IRQHandler
                0x08001f78                TIM8_BRK_IRQHandler
                0x08001f78                CAN1_SCE_IRQHandler
                0x08001f78                FLASH_IRQHandler
                0x08001f78                OTG_FS_IRQHandler
                0x08001f78                SPI3_IRQHandler
                0x08001f78                I2C1_ER_IRQHandler
                0x08001f78                FMC_IRQHandler
                0x08001f78                SWPMI1_IRQHandler
                0x08001f78                LPTIM1_IRQHandler
                0x08001f78                SAI1_IRQHandler
                0x08001f78                DMA2_Channel3_IRQHandler
                0x08001f78                TIM1_BRK_TIM15_IRQHandler
 .text.HAL_Init
                0x08001f7a       0x30 ./Drivers/STM32L4xx_HAL_Driver/Src/stm32l4xx_hal.o
                0x08001f7a                HAL_Init
 *fill*         0x08001faa        0x2 
 .text.HAL_InitTick
                0x08001fac       0x78 ./Drivers/STM32L4xx_HAL_Driver/Src/stm32l4xx_hal.o
                0x08001fac                HAL_InitTick
 .text.HAL_IncTick
                0x08002024       0x28 ./Drivers/STM32L4xx_HAL_Driver/Src/stm32l4xx_hal.o
                0x08002024                HAL_IncTick
 .text.HAL_GetTick
                0x0800204c       0x18 ./Drivers/STM32L4xx_HAL_Driver/Src/stm32l4xx_hal.o
                0x0800204c                HAL_GetTick
 .text.__NVIC_SetPriorityGrouping
                0x08002064       0x48 ./Drivers/STM32L4xx_HAL_Driver/Src/stm32l4xx_hal_cortex.o
 .text.__NVIC_GetPriorityGrouping
                0x080020ac       0x1c ./Drivers/STM32L4xx_HAL_Driver/Src/stm32l4xx_hal_cortex.o
 .text.__NVIC_EnableIRQ
                0x080020c8       0x3c ./Drivers/STM32L4xx_HAL_Driver/Src/stm32l4xx_hal_cortex.o
 .text.__NVIC_SetPriority
                0x08002104       0x54 ./Drivers/STM32L4xx_HAL_Driver/Src/stm32l4xx_hal_cortex.o
 .text.NVIC_EncodePriority
                0x08002158       0x66 ./Drivers/STM32L4xx_HAL_Driver/Src/stm32l4xx_hal_cortex.o
 *fill*         0x080021be        0x2 
 .text.SysTick_Config
                0x080021c0       0x44 ./Drivers/STM32L4xx_HAL_Driver/Src/stm32l4xx_hal_cortex.o
 .text.HAL_NVIC_SetPriorityGrouping
                0x08002204       0x40 ./Drivers/STM32L4xx_HAL_Driver/Src/stm32l4xx_hal_cortex.o
                0x08002204                HAL_NVIC_SetPriorityGrouping
 .text.HAL_NVIC_SetPriority
                0x08002244       0x58 ./Drivers/STM32L4xx_HAL_Driver/Src/stm32l4xx_hal_cortex.o
                0x08002244                HAL_NVIC_SetPriority
 .text.HAL_NVIC_EnableIRQ
                0x0800229c       0x30 ./Drivers/STM32L4xx_HAL_Driver/Src/stm32l4xx_hal_cortex.o
                0x0800229c                HAL_NVIC_EnableIRQ
 .text.HAL_SYSTICK_Config
                0x080022cc       0x18 ./Drivers/STM32L4xx_HAL_Driver/Src/stm32l4xx_hal_cortex.o
                0x080022cc                HAL_SYSTICK_Config
 .text.HAL_DMA_Init
                0x080022e4      0x370 ./Drivers/STM32L4xx_HAL_Driver/Src/stm32l4xx_hal_dma.o
                0x080022e4                HAL_DMA_Init
 .text.HAL_DMA_Start_IT
                0x08002654       0xdc ./Drivers/STM32L4xx_HAL_Driver/Src/stm32l4xx_hal_dma.o
                0x08002654                HAL_DMA_Start_IT
 .text.HAL_DMA_Abort
                0x08002730       0x7c ./Drivers/STM32L4xx_HAL_Driver/Src/stm32l4xx_hal_dma.o
                0x08002730                HAL_DMA_Abort
 .text.HAL_DMA_Abort_IT
                0x080027ac       0x82 ./Drivers/STM32L4xx_HAL_Driver/Src/stm32l4xx_hal_dma.o
                0x080027ac                HAL_DMA_Abort_IT
 .text.HAL_DMA_IRQHandler
                0x0800282e      0x15e ./Drivers/STM32L4xx_HAL_Driver/Src/stm32l4xx_hal_dma.o
                0x0800282e                HAL_DMA_IRQHandler
 .text.DMA_SetConfig
                0x0800298c       0x60 ./Drivers/STM32L4xx_HAL_Driver/Src/stm32l4xx_hal_dma.o
 .text.HAL_GPIO_Init
                0x080029ec      0x518 ./Drivers/STM32L4xx_HAL_Driver/Src/stm32l4xx_hal_gpio.o
                0x080029ec                HAL_GPIO_Init
 .text.HAL_GPIO_WritePin
                0x08002f04       0x58 ./Drivers/STM32L4xx_HAL_Driver/Src/stm32l4xx_hal_gpio.o
                0x08002f04                HAL_GPIO_WritePin
 .text.HAL_PWREx_GetVoltageRange
                0x08002f5c       0x1c ./Drivers/STM32L4xx_HAL_Driver/Src/stm32l4xx_hal_pwr_ex.o
                0x08002f5c                HAL_PWREx_GetVoltageRange
 .text.HAL_PWREx_ControlVoltageScaling
                0x08002f78       0xc4 ./Drivers/STM32L4xx_HAL_Driver/Src/stm32l4xx_hal_pwr_ex.o
                0x08002f78                HAL_PWREx_ControlVoltageScaling
 .text.HAL_RCC_OscConfig
                0x0800303c      0xa04 ./Drivers/STM32L4xx_HAL_Driver/Src/stm32l4xx_hal_rcc.o
                0x0800303c                HAL_RCC_OscConfig
 .text.HAL_RCC_ClockConfig
                0x08003a40      0x340 ./Drivers/STM32L4xx_HAL_Driver/Src/stm32l4xx_hal_rcc.o
                0x08003a40                HAL_RCC_ClockConfig
 .text.HAL_RCC_GetSysClockFreq
                0x08003d80      0x118 ./Drivers/STM32L4xx_HAL_Driver/Src/stm32l4xx_hal_rcc.o
                0x08003d80                HAL_RCC_GetSysClockFreq
 .text.HAL_RCC_GetHCLKFreq
                0x08003e98       0x18 ./Drivers/STM32L4xx_HAL_Driver/Src/stm32l4xx_hal_rcc.o
                0x08003e98                HAL_RCC_GetHCLKFreq
 .text.HAL_RCC_GetPCLK1Freq
                0x08003eb0       0x2c ./Drivers/STM32L4xx_HAL_Driver/Src/stm32l4xx_hal_rcc.o
                0x08003eb0                HAL_RCC_GetPCLK1Freq
 .text.HAL_RCC_GetPCLK2Freq
                0x08003edc       0x2c ./Drivers/STM32L4xx_HAL_Driver/Src/stm32l4xx_hal_rcc.o
                0x08003edc                HAL_RCC_GetPCLK2Freq
 .text.RCC_SetFlashLatencyFromMSIRange
                0x08003f08       0xc0 ./Drivers/STM32L4xx_HAL_Driver/Src/stm32l4xx_hal_rcc.o
 .text.HAL_RCCEx_PeriphCLKConfig
                0x08003fc8      0x97c ./Drivers/STM32L4xx_HAL_Driver/Src/stm32l4xx_hal_rcc_ex.o
                0x08003fc8                HAL_RCCEx_PeriphCLKConfig
 .text.RCCEx_PLLSAI1_Config
                0x08004944      0x300 ./Drivers/STM32L4xx_HAL_Driver/Src/stm32l4xx_hal_rcc_ex.o
 .text.RCCEx_PLLSAI2_Config
                0x08004c44      0x294 ./Drivers/STM32L4xx_HAL_Driver/Src/stm32l4xx_hal_rcc_ex.o
 .text.HAL_SPI_Init
                0x08004ed8      0x3dc ./Drivers/STM32L4xx_HAL_Driver/Src/stm32l4xx_hal_spi.o
                0x08004ed8                HAL_SPI_Init
 .text.HAL_SPI_Transmit_IT
                0x080052b4      0x12c ./Drivers/STM32L4xx_HAL_Driver/Src/stm32l4xx_hal_spi.o
                0x080052b4                HAL_SPI_Transmit_IT
 .text.HAL_SPI_Receive_DMA
                0x080053e0      0x268 ./Drivers/STM32L4xx_HAL_Driver/Src/stm32l4xx_hal_spi.o
                0x080053e0                HAL_SPI_Receive_DMA
 .text.HAL_SPI_TransmitReceive_DMA
                0x08005648      0x348 ./Drivers/STM32L4xx_HAL_Driver/Src/stm32l4xx_hal_spi.o
                0x08005648                HAL_SPI_TransmitReceive_DMA
 .text.HAL_SPI_IRQHandler
                0x08005990      0x200 ./Drivers/STM32L4xx_HAL_Driver/Src/stm32l4xx_hal_spi.o
                0x08005990                HAL_SPI_IRQHandler
 .text.HAL_SPI_TxRxCpltCallback
                0x08005b90       0x14 ./Drivers/STM32L4xx_HAL_Driver/Src/stm32l4xx_hal_spi.o
                0x08005b90                HAL_SPI_TxRxCpltCallback
 .text.HAL_SPI_TxRxHalfCpltCallback
                0x08005ba4       0x14 ./Drivers/STM32L4xx_HAL_Driver/Src/stm32l4xx_hal_spi.o
                0x08005ba4                HAL_SPI_TxRxHalfCpltCallback
 .text.HAL_SPI_ErrorCallback
                0x08005bb8       0x14 ./Drivers/STM32L4xx_HAL_Driver/Src/stm32l4xx_hal_spi.o
                0x08005bb8                HAL_SPI_ErrorCallback
 .text.SPI_DMAReceiveCplt
                0x08005bcc       0xa8 ./Drivers/STM32L4xx_HAL_Driver/Src/stm32l4xx_hal_spi.o
 .text.SPI_DMATransmitReceiveCplt
                0x08005c74       0x90 ./Drivers/STM32L4xx_HAL_Driver/Src/stm32l4xx_hal_spi.o
 .text.SPI_DMAHalfReceiveCplt
                0x08005d04       0x1c ./Drivers/STM32L4xx_HAL_Driver/Src/stm32l4xx_hal_spi.o
 .text.SPI_DMAHalfTransmitReceiveCplt
                0x08005d20       0x1c ./Drivers/STM32L4xx_HAL_Driver/Src/stm32l4xx_hal_spi.o
 .text.SPI_DMAError
                0x08005d3c       0x40 ./Drivers/STM32L4xx_HAL_Driver/Src/stm32l4xx_hal_spi.o
 .text.SPI_DMAAbortOnError
                0x08005d7c       0x2a ./Drivers/STM32L4xx_HAL_Driver/Src/stm32l4xx_hal_spi.o
 .text.SPI_TxISR_8BIT
                0x08005da6       0x46 ./Drivers/STM32L4xx_HAL_Driver/Src/stm32l4xx_hal_spi.o
 .text.SPI_TxISR_16BIT
                0x08005dec       0x44 ./Drivers/STM32L4xx_HAL_Driver/Src/stm32l4xx_hal_spi.o
 .text.SPI_WaitFlagStateUntilTimeout
                0x08005e30      0x110 ./Drivers/STM32L4xx_HAL_Driver/Src/stm32l4xx_hal_spi.o
 .text.SPI_WaitFifoStateUntilTimeout
                0x08005f40      0x12c ./Drivers/STM32L4xx_HAL_Driver/Src/stm32l4xx_hal_spi.o
 .text.SPI_EndRxTransaction
                0x0800606c       0xb0 ./Drivers/STM32L4xx_HAL_Driver/Src/stm32l4xx_hal_spi.o
 .text.SPI_EndRxTxTransaction
                0x0800611c       0x8c ./Drivers/STM32L4xx_HAL_Driver/Src/stm32l4xx_hal_spi.o
 .text.SPI_CloseTx_ISR
                0x080061a8       0x7e ./Drivers/STM32L4xx_HAL_Driver/Src/stm32l4xx_hal_spi.o
 *fill*         0x08006226        0x2 
 .text.HAL_TIM_Base_Init
                0x08006228      0x214 ./Drivers/STM32L4xx_HAL_Driver/Src/stm32l4xx_hal_tim.o
                0x08006228                HAL_TIM_Base_Init
 .text.HAL_TIM_Encoder_Init
                0x0800643c      0x384 ./Drivers/STM32L4xx_HAL_Driver/Src/stm32l4xx_hal_tim.o
                0x0800643c                HAL_TIM_Encoder_Init
 .text.HAL_TIM_IRQHandler
                0x080067c0      0x20e ./Drivers/STM32L4xx_HAL_Driver/Src/stm32l4xx_hal_tim.o
                0x080067c0                HAL_TIM_IRQHandler
 .text.HAL_TIM_PeriodElapsedCallback
                0x080069ce       0x14 ./Drivers/STM32L4xx_HAL_Driver/Src/stm32l4xx_hal_tim.o
                0x080069ce                HAL_TIM_PeriodElapsedCallback
 .text.HAL_TIM_OC_DelayElapsedCallback
                0x080069e2       0x14 ./Drivers/STM32L4xx_HAL_Driver/Src/stm32l4xx_hal_tim.o
                0x080069e2                HAL_TIM_OC_DelayElapsedCallback
 .text.HAL_TIM_IC_CaptureCallback
                0x080069f6       0x14 ./Drivers/STM32L4xx_HAL_Driver/Src/stm32l4xx_hal_tim.o
                0x080069f6                HAL_TIM_IC_CaptureCallback
 .text.HAL_TIM_PWM_PulseFinishedCallback
                0x08006a0a       0x14 ./Drivers/STM32L4xx_HAL_Driver/Src/stm32l4xx_hal_tim.o
                0x08006a0a                HAL_TIM_PWM_PulseFinishedCallback
 .text.HAL_TIM_TriggerCallback
                0x08006a1e       0x14 ./Drivers/STM32L4xx_HAL_Driver/Src/stm32l4xx_hal_tim.o
                0x08006a1e                HAL_TIM_TriggerCallback
 *fill*         0x08006a32        0x2 
 .text.TIM_Base_SetConfig
                0x08006a34      0x14c ./Drivers/STM32L4xx_HAL_Driver/Src/stm32l4xx_hal_tim.o
                0x08006a34                TIM_Base_SetConfig
 .text.HAL_TIMEx_MasterConfigSynchronization
                0x08006b80      0x2ac ./Drivers/STM32L4xx_HAL_Driver/Src/stm32l4xx_hal_tim_ex.o
                0x08006b80                HAL_TIMEx_MasterConfigSynchronization
 .text.HAL_TIMEx_CommutCallback
                0x08006e2c       0x14 ./Drivers/STM32L4xx_HAL_Driver/Src/stm32l4xx_hal_tim_ex.o
                0x08006e2c                HAL_TIMEx_CommutCallback
 .text.HAL_TIMEx_BreakCallback
                0x08006e40       0x14 ./Drivers/STM32L4xx_HAL_Driver/Src/stm32l4xx_hal_tim_ex.o
                0x08006e40                HAL_TIMEx_BreakCallback
 .text.HAL_TIMEx_Break2Callback
                0x08006e54       0x14 ./Drivers/STM32L4xx_HAL_Driver/Src/stm32l4xx_hal_tim_ex.o
                0x08006e54                HAL_TIMEx_Break2Callback
 .text.HAL_UART_Init
                0x08006e68      0x150 ./Drivers/STM32L4xx_HAL_Driver/Src/stm32l4xx_hal_uart.o
                0x08006e68                HAL_UART_Init
 .text.HAL_UART_Transmit_IT
                0x08006fb8       0xbc ./Drivers/STM32L4xx_HAL_Driver/Src/stm32l4xx_hal_uart.o
                0x08006fb8                HAL_UART_Transmit_IT
 .text.HAL_UART_IRQHandler
                0x08007074      0x60c ./Drivers/STM32L4xx_HAL_Driver/Src/stm32l4xx_hal_uart.o
                0x08007074                HAL_UART_IRQHandler
 .text.HAL_UART_ErrorCallback
                0x08007680       0x14 ./Drivers/STM32L4xx_HAL_Driver/Src/stm32l4xx_hal_uart.o
                0x08007680                HAL_UART_ErrorCallback
 .text.HAL_UARTEx_RxEventCallback
                0x08007694       0x18 ./Drivers/STM32L4xx_HAL_Driver/Src/stm32l4xx_hal_uart.o
                0x08007694                HAL_UARTEx_RxEventCallback
 .text.UART_SetConfig
                0x080076ac      0x6bc ./Drivers/STM32L4xx_HAL_Driver/Src/stm32l4xx_hal_uart.o
                0x080076ac                UART_SetConfig
 .text.UART_AdvFeatureConfig
                0x08007d68      0x2c0 ./Drivers/STM32L4xx_HAL_Driver/Src/stm32l4xx_hal_uart.o
                0x08007d68                UART_AdvFeatureConfig
 .text.UART_CheckIdleState
                0x08008028      0x150 ./Drivers/STM32L4xx_HAL_Driver/Src/stm32l4xx_hal_uart.o
                0x08008028                UART_CheckIdleState
 .text.UART_WaitOnFlagUntilTimeout
                0x08008178       0xda ./Drivers/STM32L4xx_HAL_Driver/Src/stm32l4xx_hal_uart.o
                0x08008178                UART_WaitOnFlagUntilTimeout
 .text.UART_EndRxTransfer
                0x08008252       0xc8 ./Drivers/STM32L4xx_HAL_Driver/Src/stm32l4xx_hal_uart.o
 .text.UART_DMAAbortOnError
                0x0800831a       0x2c ./Drivers/STM32L4xx_HAL_Driver/Src/stm32l4xx_hal_uart.o
 .text.UART_TxISR_8BIT
                0x08008346       0xb6 ./Drivers/STM32L4xx_HAL_Driver/Src/stm32l4xx_hal_uart.o
 .text.UART_TxISR_16BIT
                0x080083fc       0xc0 ./Drivers/STM32L4xx_HAL_Driver/Src/stm32l4xx_hal_uart.o
 .text.UART_EndTransmit_IT
                0x080084bc       0x54 ./Drivers/STM32L4xx_HAL_Driver/Src/stm32l4xx_hal_uart.o
 .text.HAL_UARTEx_WakeupCallback
                0x08008510       0x14 ./Drivers/STM32L4xx_HAL_Driver/Src/stm32l4xx_hal_uart_ex.o
                0x08008510                HAL_UARTEx_WakeupCallback
 .text.calloc   0x08008524       0x10 C:/ST/STM32CubeIDE_1.19.0/STM32CubeIDE/plugins/com.st.stm32cube.ide.mcu.externaltools.gnu-tools-for-stm32.13.3.rel1.win32_1.0.0.202411081344/tools/bin/../lib/gcc/arm-none-eabi/13.3.1/../../../../arm-none-eabi/lib/thumb/v7e-m+fp/hard\libc_nano.a(libc_a-calloc.o)
                0x08008524                calloc
 .text._calloc_r
                0x08008534       0x28 C:/ST/STM32CubeIDE_1.19.0/STM32CubeIDE/plugins/com.st.stm32cube.ide.mcu.externaltools.gnu-tools-for-stm32.13.3.rel1.win32_1.0.0.202411081344/tools/bin/../lib/gcc/arm-none-eabi/13.3.1/../../../../arm-none-eabi/lib/thumb/v7e-m+fp/hard\libc_nano.a(libc_a-callocr.o)
                0x08008534                _calloc_r
 .text.free     0x0800855c       0x10 C:/ST/STM32CubeIDE_1.19.0/STM32CubeIDE/plugins/com.st.stm32cube.ide.mcu.externaltools.gnu-tools-for-stm32.13.3.rel1.win32_1.0.0.202411081344/tools/bin/../lib/gcc/arm-none-eabi/13.3.1/../../../../arm-none-eabi/lib/thumb/v7e-m+fp/hard\libc_nano.a(libc_a-malloc.o)
                0x0800855c                free
 .text.sbrk_aligned
                0x0800856c       0x44 C:/ST/STM32CubeIDE_1.19.0/STM32CubeIDE/plugins/com.st.stm32cube.ide.mcu.externaltools.gnu-tools-for-stm32.13.3.rel1.win32_1.0.0.202411081344/tools/bin/../lib/gcc/arm-none-eabi/13.3.1/../../../../arm-none-eabi/lib/thumb/v7e-m+fp/hard\libc_nano.a(libc_a-mallocr.o)
 .text._malloc_r
                0x080085b0      0x100 C:/ST/STM32CubeIDE_1.19.0/STM32CubeIDE/plugins/com.st.stm32cube.ide.mcu.externaltools.gnu-tools-for-stm32.13.3.rel1.win32_1.0.0.202411081344/tools/bin/../lib/gcc/arm-none-eabi/13.3.1/../../../../arm-none-eabi/lib/thumb/v7e-m+fp/hard\libc_nano.a(libc_a-mallocr.o)
                0x080085b0                _malloc_r
 .text.__malloc_lock
                0x080086b0        0xc C:/ST/STM32CubeIDE_1.19.0/STM32CubeIDE/plugins/com.st.stm32cube.ide.mcu.externaltools.gnu-tools-for-stm32.13.3.rel1.win32_1.0.0.202411081344/tools/bin/../lib/gcc/arm-none-eabi/13.3.1/../../../../arm-none-eabi/lib/thumb/v7e-m+fp/hard\libc_nano.a(libc_a-mlock.o)
                0x080086b0                __malloc_lock
 .text.__malloc_unlock
                0x080086bc        0xc C:/ST/STM32CubeIDE_1.19.0/STM32CubeIDE/plugins/com.st.stm32cube.ide.mcu.externaltools.gnu-tools-for-stm32.13.3.rel1.win32_1.0.0.202411081344/tools/bin/../lib/gcc/arm-none-eabi/13.3.1/../../../../arm-none-eabi/lib/thumb/v7e-m+fp/hard\libc_nano.a(libc_a-mlock.o)
                0x080086bc                __malloc_unlock
 .text.snprintf
                0x080086c8       0x6c C:/ST/STM32CubeIDE_1.19.0/STM32CubeIDE/plugins/com.st.stm32cube.ide.mcu.externaltools.gnu-tools-for-stm32.13.3.rel1.win32_1.0.0.202411081344/tools/bin/../lib/gcc/arm-none-eabi/13.3.1/../../../../arm-none-eabi/lib/thumb/v7e-m+fp/hard\libc_nano.a(libc_a-snprintf.o)
                0x080086c8                sniprintf
                0x080086c8                snprintf
 .text.memset   0x08008734       0x10 C:/ST/STM32CubeIDE_1.19.0/STM32CubeIDE/plugins/com.st.stm32cube.ide.mcu.externaltools.gnu-tools-for-stm32.13.3.rel1.win32_1.0.0.202411081344/tools/bin/../lib/gcc/arm-none-eabi/13.3.1/../../../../arm-none-eabi/lib/thumb/v7e-m+fp/hard\libc_nano.a(libc_a-memset.o)
                0x08008734                memset
 .text._sbrk_r  0x08008744       0x20 C:/ST/STM32CubeIDE_1.19.0/STM32CubeIDE/plugins/com.st.stm32cube.ide.mcu.externaltools.gnu-tools-for-stm32.13.3.rel1.win32_1.0.0.202411081344/tools/bin/../lib/gcc/arm-none-eabi/13.3.1/../../../../arm-none-eabi/lib/thumb/v7e-m+fp/hard\libc_nano.a(libc_a-sbrkr.o)
                0x08008744                _sbrk_r
 .text.__errno  0x08008764        0xc C:/ST/STM32CubeIDE_1.19.0/STM32CubeIDE/plugins/com.st.stm32cube.ide.mcu.externaltools.gnu-tools-for-stm32.13.3.rel1.win32_1.0.0.202411081344/tools/bin/../lib/gcc/arm-none-eabi/13.3.1/../../../../arm-none-eabi/lib/thumb/v7e-m+fp/hard\libc_nano.a(libc_a-errno.o)
                0x08008764                __errno
 .text.__libc_init_array
                0x08008770       0x48 C:/ST/STM32CubeIDE_1.19.0/STM32CubeIDE/plugins/com.st.stm32cube.ide.mcu.externaltools.gnu-tools-for-stm32.13.3.rel1.win32_1.0.0.202411081344/tools/bin/../lib/gcc/arm-none-eabi/13.3.1/../../../../arm-none-eabi/lib/thumb/v7e-m+fp/hard\libc_nano.a(libc_a-init.o)
                0x08008770                __libc_init_array
 .text.__retarget_lock_acquire_recursive
                0x080087b8        0x2 C:/ST/STM32CubeIDE_1.19.0/STM32CubeIDE/plugins/com.st.stm32cube.ide.mcu.externaltools.gnu-tools-for-stm32.13.3.rel1.win32_1.0.0.202411081344/tools/bin/../lib/gcc/arm-none-eabi/13.3.1/../../../../arm-none-eabi/lib/thumb/v7e-m+fp/hard\libc_nano.a(libc_a-lock.o)
                0x080087b8                __retarget_lock_acquire_recursive
 .text.__retarget_lock_release_recursive
                0x080087ba        0x2 C:/ST/STM32CubeIDE_1.19.0/STM32CubeIDE/plugins/com.st.stm32cube.ide.mcu.externaltools.gnu-tools-for-stm32.13.3.rel1.win32_1.0.0.202411081344/tools/bin/../lib/gcc/arm-none-eabi/13.3.1/../../../../arm-none-eabi/lib/thumb/v7e-m+fp/hard\libc_nano.a(libc_a-lock.o)
                0x080087ba                __retarget_lock_release_recursive
 .text.memcpy   0x080087bc       0x1c C:/ST/STM32CubeIDE_1.19.0/STM32CubeIDE/plugins/com.st.stm32cube.ide.mcu.externaltools.gnu-tools-for-stm32.13.3.rel1.win32_1.0.0.202411081344/tools/bin/../lib/gcc/arm-none-eabi/13.3.1/../../../../arm-none-eabi/lib/thumb/v7e-m+fp/hard\libc_nano.a(libc_a-memcpy-stub.o)
                0x080087bc                memcpy
 .text._free_r  0x080087d8       0x94 C:/ST/STM32CubeIDE_1.19.0/STM32CubeIDE/plugins/com.st.stm32cube.ide.mcu.externaltools.gnu-tools-for-stm32.13.3.rel1.win32_1.0.0.202411081344/tools/bin/../lib/gcc/arm-none-eabi/13.3.1/../../../../arm-none-eabi/lib/thumb/v7e-m+fp/hard\libc_nano.a(libc_a-freer.o)
                0x080087d8                _free_r
 .text.__ssputs_r
                0x0800886c       0xb6 C:/ST/STM32CubeIDE_1.19.0/STM32CubeIDE/plugins/com.st.stm32cube.ide.mcu.externaltools.gnu-tools-for-stm32.13.3.rel1.win32_1.0.0.202411081344/tools/bin/../lib/gcc/arm-none-eabi/13.3.1/../../../../arm-none-eabi/lib/thumb/v7e-m+fp/hard\libc_nano.a(libc_a-nano-svfprintf.o)
                0x0800886c                __ssputs_r
 *fill*         0x08008922        0x2 
 .text._svfprintf_r
                0x08008924      0x1f8 C:/ST/STM32CubeIDE_1.19.0/STM32CubeIDE/plugins/com.st.stm32cube.ide.mcu.externaltools.gnu-tools-for-stm32.13.3.rel1.win32_1.0.0.202411081344/tools/bin/../lib/gcc/arm-none-eabi/13.3.1/../../../../arm-none-eabi/lib/thumb/v7e-m+fp/hard\libc_nano.a(libc_a-nano-svfprintf.o)
                0x08008924                _svfiprintf_r
                0x08008924                _svfprintf_r
 .text._printf_common
                0x08008b1c       0xda C:/ST/STM32CubeIDE_1.19.0/STM32CubeIDE/plugins/com.st.stm32cube.ide.mcu.externaltools.gnu-tools-for-stm32.13.3.rel1.win32_1.0.0.202411081344/tools/bin/../lib/gcc/arm-none-eabi/13.3.1/../../../../arm-none-eabi/lib/thumb/v7e-m+fp/hard\libc_nano.a(libc_a-nano-vfprintf_i.o)
                0x08008b1c                _printf_common
 *fill*         0x08008bf6        0x2 
 .text._printf_i
                0x08008bf8      0x23c C:/ST/STM32CubeIDE_1.19.0/STM32CubeIDE/plugins/com.st.stm32cube.ide.mcu.externaltools.gnu-tools-for-stm32.13.3.rel1.win32_1.0.0.202411081344/tools/bin/../lib/gcc/arm-none-eabi/13.3.1/../../../../arm-none-eabi/lib/thumb/v7e-m+fp/hard\libc_nano.a(libc_a-nano-vfprintf_i.o)
                0x08008bf8                _printf_i
 .text.memmove  0x08008e34       0x34 C:/ST/STM32CubeIDE_1.19.0/STM32CubeIDE/plugins/com.st.stm32cube.ide.mcu.externaltools.gnu-tools-for-stm32.13.3.rel1.win32_1.0.0.202411081344/tools/bin/../lib/gcc/arm-none-eabi/13.3.1/../../../../arm-none-eabi/lib/thumb/v7e-m+fp/hard\libc_nano.a(libc_a-memmove.o)
                0x08008e34                memmove
 .text._realloc_r
                0x08008e68       0x5c C:/ST/STM32CubeIDE_1.19.0/STM32CubeIDE/plugins/com.st.stm32cube.ide.mcu.externaltools.gnu-tools-for-stm32.13.3.rel1.win32_1.0.0.202411081344/tools/bin/../lib/gcc/arm-none-eabi/13.3.1/../../../../arm-none-eabi/lib/thumb/v7e-m+fp/hard\libc_nano.a(libc_a-reallocr.o)
                0x08008e68                _realloc_r
 .text._malloc_usable_size_r
                0x08008ec4       0x10 C:/ST/STM32CubeIDE_1.19.0/STM32CubeIDE/plugins/com.st.stm32cube.ide.mcu.externaltools.gnu-tools-for-stm32.13.3.rel1.win32_1.0.0.202411081344/tools/bin/../lib/gcc/arm-none-eabi/13.3.1/../../../../arm-none-eabi/lib/thumb/v7e-m+fp/hard\libc_nano.a(libc_a-msizer.o)
                0x08008ec4                _malloc_usable_size_r
 *(.glue_7)
 .glue_7        0x08008ed4        0x0 linker stubs
 *(.glue_7t)
 .glue_7t       0x08008ed4        0x0 linker stubs
 *(.eh_frame)
 .eh_frame      0x08008ed4        0x0 C:/ST/STM32CubeIDE_1.19.0/STM32CubeIDE/plugins/com.st.stm32cube.ide.mcu.externaltools.gnu-tools-for-stm32.13.3.rel1.win32_1.0.0.202411081344/tools/bin/../lib/gcc/arm-none-eabi/13.3.1/thumb/v7e-m+fp/hard/crtbegin.o
 *(.init)
 .init          0x08008ed4        0x4 C:/ST/STM32CubeIDE_1.19.0/STM32CubeIDE/plugins/com.st.stm32cube.ide.mcu.externaltools.gnu-tools-for-stm32.13.3.rel1.win32_1.0.0.202411081344/tools/bin/../lib/gcc/arm-none-eabi/13.3.1/thumb/v7e-m+fp/hard/crti.o
                0x08008ed4                _init
 .init          0x08008ed8        0x8 C:/ST/STM32CubeIDE_1.19.0/STM32CubeIDE/plugins/com.st.stm32cube.ide.mcu.externaltools.gnu-tools-for-stm32.13.3.rel1.win32_1.0.0.202411081344/tools/bin/../lib/gcc/arm-none-eabi/13.3.1/thumb/v7e-m+fp/hard/crtn.o
 *(.fini)
 .fini          0x08008ee0        0x4 C:/ST/STM32CubeIDE_1.19.0/STM32CubeIDE/plugins/com.st.stm32cube.ide.mcu.externaltools.gnu-tools-for-stm32.13.3.rel1.win32_1.0.0.202411081344/tools/bin/../lib/gcc/arm-none-eabi/13.3.1/thumb/v7e-m+fp/hard/crti.o
                0x08008ee0                _fini
 .fini          0x08008ee4        0x8 C:/ST/STM32CubeIDE_1.19.0/STM32CubeIDE/plugins/com.st.stm32cube.ide.mcu.externaltools.gnu-tools-for-stm32.13.3.rel1.win32_1.0.0.202411081344/tools/bin/../lib/gcc/arm-none-eabi/13.3.1/thumb/v7e-m+fp/hard/crtn.o
                0x08008eec                        . = ALIGN (0x4)
                0x08008eec                        _etext = .

.vfp11_veneer   0x08008eec        0x0
 .vfp11_veneer  0x08008eec        0x0 linker stubs

.v4_bx          0x08008eec        0x0
 .v4_bx         0x08008eec        0x0 linker stubs

.iplt           0x08008eec        0x0
 .iplt          0x08008eec        0x0 C:/ST/STM32CubeIDE_1.19.0/STM32CubeIDE/plugins/com.st.stm32cube.ide.mcu.externaltools.gnu-tools-for-stm32.13.3.rel1.win32_1.0.0.202411081344/tools/bin/../lib/gcc/arm-none-eabi/13.3.1/thumb/v7e-m+fp/hard/crtbegin.o

.rodata         0x08008eec      0x348
                0x08008eec                        . = ALIGN (0x4)
 *(.rodata)
 .rodata        0x08008eec       0x28 ./App/Src/Services/Led/led_service.o
 .rodata        0x08008f14       0x48 ./App/Src/Services/Log/log_service.o
 .rodata        0x08008f5c       0x14 ./App/Src/app.o
 .rodata        0x08008f70       0x3b ./Drivers/STM32L4xx_HAL_Driver/Src/stm32l4xx_hal_cortex.o
 *fill*         0x08008fab        0x1 
 .rodata        0x08008fac       0x38 ./Drivers/STM32L4xx_HAL_Driver/Src/stm32l4xx_hal_dma.o
 .rodata        0x08008fe4       0x39 ./Drivers/STM32L4xx_HAL_Driver/Src/stm32l4xx_hal_gpio.o
 *fill*         0x0800901d        0x3 
 .rodata        0x08009020       0x3b ./Drivers/STM32L4xx_HAL_Driver/Src/stm32l4xx_hal_pwr_ex.o
 *fill*         0x0800905b        0x1 
 .rodata        0x0800905c       0x38 ./Drivers/STM32L4xx_HAL_Driver/Src/stm32l4xx_hal_rcc.o
 .rodata        0x08009094       0x3b ./Drivers/STM32L4xx_HAL_Driver/Src/stm32l4xx_hal_rcc_ex.o
 *fill*         0x080090cf        0x1 
 .rodata        0x080090d0       0x38 ./Drivers/STM32L4xx_HAL_Driver/Src/stm32l4xx_hal_spi.o
 .rodata        0x08009108       0x38 ./Drivers/STM32L4xx_HAL_Driver/Src/stm32l4xx_hal_tim.o
 .rodata        0x08009140       0x3b ./Drivers/STM32L4xx_HAL_Driver/Src/stm32l4xx_hal_tim_ex.o
 *fill*         0x0800917b        0x1 
 .rodata        0x0800917c       0x39 ./Drivers/STM32L4xx_HAL_Driver/Src/stm32l4xx_hal_uart.o
 *(.rodata*)
 *fill*         0x080091b5        0x3 
 .rodata.AHBPrescTable
                0x080091b8       0x10 ./Core/Src/system_stm32l4xx.o
                0x080091b8                AHBPrescTable
 .rodata.APBPrescTable
                0x080091c8        0x8 ./Core/Src/system_stm32l4xx.o
                0x080091c8                APBPrescTable
 .rodata.MSIRangeTable
                0x080091d0       0x30 ./Core/Src/system_stm32l4xx.o
                0x080091d0                MSIRangeTable
 .rodata._svfprintf_r.str1.1
                0x08009200       0x33 C:/ST/STM32CubeIDE_1.19.0/STM32CubeIDE/plugins/com.st.stm32cube.ide.mcu.externaltools.gnu-tools-for-stm32.13.3.rel1.win32_1.0.0.202411081344/tools/bin/../lib/gcc/arm-none-eabi/13.3.1/../../../../arm-none-eabi/lib/thumb/v7e-m+fp/hard\libc_nano.a(libc_a-nano-svfprintf.o)
                                 0x11 (size before relaxing)
 .rodata._printf_i.str1.1
                0x08009233       0x22 C:/ST/STM32CubeIDE_1.19.0/STM32CubeIDE/plugins/com.st.stm32cube.ide.mcu.externaltools.gnu-tools-for-stm32.13.3.rel1.win32_1.0.0.202411081344/tools/bin/../lib/gcc/arm-none-eabi/13.3.1/../../../../arm-none-eabi/lib/thumb/v7e-m+fp/hard\libc_nano.a(libc_a-nano-vfprintf_i.o)
                0x08009258                        . = ALIGN (0x4)
 *fill*         0x08009233        0x1 

.ARM.extab      0x08009234        0x0
                0x08009234                        . = ALIGN (0x4)
 *(.ARM.extab* .gnu.linkonce.armextab.*)
                0x08009234                        . = ALIGN (0x4)

.ARM            0x08009234        0x8
                0x08009234                        . = ALIGN (0x4)
                0x08009234                        __exidx_start = .
 *(.ARM.exidx*)
 .ARM.exidx     0x08009234        0x8 C:/ST/STM32CubeIDE_1.19.0/STM32CubeIDE/plugins/com.st.stm32cube.ide.mcu.externaltools.gnu-tools-for-stm32.13.3.rel1.win32_1.0.0.202411081344/tools/bin/../lib/gcc/arm-none-eabi/13.3.1/../../../../arm-none-eabi/lib/thumb/v7e-m+fp/hard\libc_nano.a(libc_a-strlen.o)
 .ARM.exidx     0x0800923c        0x0 C:/ST/STM32CubeIDE_1.19.0/STM32CubeIDE/plugins/com.st.stm32cube.ide.mcu.externaltools.gnu-tools-for-stm32.13.3.rel1.win32_1.0.0.202411081344/tools/bin/../lib/gcc/arm-none-eabi/13.3.1/../../../../arm-none-eabi/lib/thumb/v7e-m+fp/hard\libc_nano.a(libc_a-memchr.o)
                                  0x8 (size before relaxing)
 .ARM.exidx     0x0800923c        0x0 C:/ST/STM32CubeIDE_1.19.0/STM32CubeIDE/plugins/com.st.stm32cube.ide.mcu.externaltools.gnu-tools-for-stm32.13.3.rel1.win32_1.0.0.202411081344/tools/bin/../lib/gcc/arm-none-eabi/13.3.1/thumb/v7e-m+fp/hard\libgcc.a(_udivmoddi4.o)
                                  0x8 (size before relaxing)
                0x0800923c                        __exidx_end = .
                0x0800923c                        . = ALIGN (0x4)

.preinit_array  0x0800923c        0x0
                0x0800923c                        . = ALIGN (0x4)
                0x0800923c                        PROVIDE (__preinit_array_start = .)
 *(.preinit_array*)
                0x0800923c                        PROVIDE (__preinit_array_end = .)
                0x0800923c                        . = ALIGN (0x4)

.init_array     0x0800923c        0x4
                0x0800923c                        . = ALIGN (0x4)
                0x0800923c                        PROVIDE (__init_array_start = .)
 *(SORT_BY_NAME(.init_array.*))
 *(.init_array*)
 .init_array    0x0800923c        0x4 C:/ST/STM32CubeIDE_1.19.0/STM32CubeIDE/plugins/com.st.stm32cube.ide.mcu.externaltools.gnu-tools-for-stm32.13.3.rel1.win32_1.0.0.202411081344/tools/bin/../lib/gcc/arm-none-eabi/13.3.1/thumb/v7e-m+fp/hard/crtbegin.o
                0x08009240                        PROVIDE (__init_array_end = .)
                0x08009240                        . = ALIGN (0x4)

.fini_array     0x08009240        0x4
                0x08009240                        . = ALIGN (0x4)
                [!provide]                        PROVIDE (__fini_array_start = .)
 *(SORT_BY_NAME(.fini_array.*))
 *(.fini_array*)
 .fini_array    0x08009240        0x4 C:/ST/STM32CubeIDE_1.19.0/STM32CubeIDE/plugins/com.st.stm32cube.ide.mcu.externaltools.gnu-tools-for-stm32.13.3.rel1.win32_1.0.0.202411081344/tools/bin/../lib/gcc/arm-none-eabi/13.3.1/thumb/v7e-m+fp/hard/crtbegin.o
                [!provide]                        PROVIDE (__fini_array_end = .)
                0x08009244                        . = ALIGN (0x4)
                0x08009244                        _sidata = LOADADDR (.data)

.rel.dyn        0x08009244        0x0
 .rel.iplt      0x08009244        0x0 C:/ST/STM32CubeIDE_1.19.0/STM32CubeIDE/plugins/com.st.stm32cube.ide.mcu.externaltools.gnu-tools-for-stm32.13.3.rel1.win32_1.0.0.202411081344/tools/bin/../lib/gcc/arm-none-eabi/13.3.1/thumb/v7e-m+fp/hard/crtbegin.o

.data           0x20000000       0x60 load address 0x08009244
                0x20000000                        . = ALIGN (0x4)
                0x20000000                        _sdata = .
 *(.data)
 *(.data*)
 .data.s_enabled
                0x20000000        0x4 ./App/Src/Services/Log/log_service.o
 .data.SystemCoreClock
                0x20000004        0x4 ./Core/Src/system_stm32l4xx.o
                0x20000004                SystemCoreClock
 .data.uwTickPrio
                0x20000008        0x4 ./Drivers/STM32L4xx_HAL_Driver/Src/stm32l4xx_hal.o
                0x20000008                uwTickPrio
 .data.uwTickFreq
                0x2000000c        0x1 ./Drivers/STM32L4xx_HAL_Driver/Src/stm32l4xx_hal.o
                0x2000000c                uwTickFreq
 *fill*         0x2000000d        0x3 
 .data._impure_ptr
                0x20000010        0x4 C:/ST/STM32CubeIDE_1.19.0/STM32CubeIDE/plugins/com.st.stm32cube.ide.mcu.externaltools.gnu-tools-for-stm32.13.3.rel1.win32_1.0.0.202411081344/tools/bin/../lib/gcc/arm-none-eabi/13.3.1/../../../../arm-none-eabi/lib/thumb/v7e-m+fp/hard\libc_nano.a(libc_a-impure.o)
                0x20000010                _impure_ptr
 .data._impure_data
                0x20000014       0x4c C:/ST/STM32CubeIDE_1.19.0/STM32CubeIDE/plugins/com.st.stm32cube.ide.mcu.externaltools.gnu-tools-for-stm32.13.3.rel1.win32_1.0.0.202411081344/tools/bin/../lib/gcc/arm-none-eabi/13.3.1/../../../../arm-none-eabi/lib/thumb/v7e-m+fp/hard\libc_nano.a(libc_a-impure.o)
                0x20000014                _impure_data
 *(.RamFunc)
 *(.RamFunc*)
                0x20000060                        . = ALIGN (0x4)
                0x20000060                        _edata = .

.igot.plt       0x20000060        0x0 load address 0x080092a4
 .igot.plt      0x20000060        0x0 C:/ST/STM32CubeIDE_1.19.0/STM32CubeIDE/plugins/com.st.stm32cube.ide.mcu.externaltools.gnu-tools-for-stm32.13.3.rel1.win32_1.0.0.202411081344/tools/bin/../lib/gcc/arm-none-eabi/13.3.1/thumb/v7e-m+fp/hard/crtbegin.o
                0x20000060                        . = ALIGN (0x4)

.bss            0x20000060      0xa6c load address 0x080092a4
                0x20000060                        _sbss = .
                0x20000060                        __bss_start__ = _sbss
 *(.bss)
 .bss           0x20000060       0x1c C:/ST/STM32CubeIDE_1.19.0/STM32CubeIDE/plugins/com.st.stm32cube.ide.mcu.externaltools.gnu-tools-for-stm32.13.3.rel1.win32_1.0.0.202411081344/tools/bin/../lib/gcc/arm-none-eabi/13.3.1/thumb/v7e-m+fp/hard/crtbegin.o
 *(.bss*)
 .bss.handlers  0x2000007c       0x20 ./App/Src/Protocol/router.o
 .bss.s_mode    0x2000009c        0x1 ./App/Src/Services/Log/log_service.o
 *fill*         0x2000009d        0x3 
 .bss.s_buf     0x200000a0      0x400 ./App/Src/Services/Log/log_service.o
 .bss.s_head    0x200004a0        0x2 ./App/Src/Services/Log/log_service.o
 .bss.s_tail    0x200004a2        0x2 ./App/Src/Services/Log/log_service.o
 .bss.s_tx_busy
                0x200004a4        0x1 ./App/Src/Services/Log/log_service.o
 *fill*         0x200004a5        0x3 
 .bss.s_tx_buf  0x200004a8       0x60 ./App/Src/Services/Log/log_service.o
 .bss.s_tx_len  0x20000508        0x2 ./App/Src/Services/Log/log_service.o
 *fill*         0x2000050a        0x2 
 .bss.g_status  0x2000050c        0x8 ./App/Src/Services/Motion/motion_service.o
 .bss.g_router  0x20000514       0x48 ./App/Src/app.o
 .bss.g_handlers
                0x2000055c       0x20 ./App/Src/app.o
 .bss.g_resp_fifo
                0x2000057c        0x4 ./App/Src/app.o
 .bss.g_spi_rx_buf
                0x20000580      0x100 ./App/Src/app.o
 .bss.g_spi_tx_busy
                0x20000680        0x4 ./App/Src/app.o
 .bss.hspi1     0x20000684       0x64 ./Core/Src/spi.o
                0x20000684                hspi1
 .bss.hdma_spi1_rx
                0x200006e8       0x48 ./Core/Src/spi.o
                0x200006e8                hdma_spi1_rx
 .bss.hdma_spi1_tx
                0x20000730       0x48 ./Core/Src/spi.o
                0x20000730                hdma_spi1_tx
 .bss.__sbrk_heap_end
                0x20000778        0x4 ./Core/Src/sysmem.o
 .bss.htim2     0x2000077c       0x4c ./Core/Src/tim.o
                0x2000077c                htim2
 .bss.htim3     0x200007c8       0x4c ./Core/Src/tim.o
                0x200007c8                htim3
 .bss.htim5     0x20000814       0x4c ./Core/Src/tim.o
                0x20000814                htim5
 .bss.htim6     0x20000860       0x4c ./Core/Src/tim.o
                0x20000860                htim6
 .bss.htim7     0x200008ac       0x4c ./Core/Src/tim.o
                0x200008ac                htim7
 .bss.huart1    0x200008f8       0x88 ./Core/Src/usart.o
                0x200008f8                huart1
 .bss.uwTick    0x20000980        0x4 ./Drivers/STM32L4xx_HAL_Driver/Src/stm32l4xx_hal.o
                0x20000980                uwTick
 .bss.__malloc_sbrk_start
                0x20000984        0x4 C:/ST/STM32CubeIDE_1.19.0/STM32CubeIDE/plugins/com.st.stm32cube.ide.mcu.externaltools.gnu-tools-for-stm32.13.3.rel1.win32_1.0.0.202411081344/tools/bin/../lib/gcc/arm-none-eabi/13.3.1/../../../../arm-none-eabi/lib/thumb/v7e-m+fp/hard\libc_nano.a(libc_a-mallocr.o)
                0x20000984                __malloc_sbrk_start
 .bss.__malloc_free_list
                0x20000988        0x4 C:/ST/STM32CubeIDE_1.19.0/STM32CubeIDE/plugins/com.st.stm32cube.ide.mcu.externaltools.gnu-tools-for-stm32.13.3.rel1.win32_1.0.0.202411081344/tools/bin/../lib/gcc/arm-none-eabi/13.3.1/../../../../arm-none-eabi/lib/thumb/v7e-m+fp/hard\libc_nano.a(libc_a-mallocr.o)
                0x20000988                __malloc_free_list
 .bss.__sf      0x2000098c      0x138 C:/ST/STM32CubeIDE_1.19.0/STM32CubeIDE/plugins/com.st.stm32cube.ide.mcu.externaltools.gnu-tools-for-stm32.13.3.rel1.win32_1.0.0.202411081344/tools/bin/../lib/gcc/arm-none-eabi/13.3.1/../../../../arm-none-eabi/lib/thumb/v7e-m+fp/hard\libc_nano.a(libc_a-findfp.o)
                0x2000098c                __sf
 .bss.errno     0x20000ac4        0x4 C:/ST/STM32CubeIDE_1.19.0/STM32CubeIDE/plugins/com.st.stm32cube.ide.mcu.externaltools.gnu-tools-for-stm32.13.3.rel1.win32_1.0.0.202411081344/tools/bin/../lib/gcc/arm-none-eabi/13.3.1/../../../../arm-none-eabi/lib/thumb/v7e-m+fp/hard\libc_nano.a(libc_a-reent.o)
                0x20000ac4                errno
 .bss.__lock___malloc_recursive_mutex
                0x20000ac8        0x1 C:/ST/STM32CubeIDE_1.19.0/STM32CubeIDE/plugins/com.st.stm32cube.ide.mcu.externaltools.gnu-tools-for-stm32.13.3.rel1.win32_1.0.0.202411081344/tools/bin/../lib/gcc/arm-none-eabi/13.3.1/../../../../arm-none-eabi/lib/thumb/v7e-m+fp/hard\libc_nano.a(libc_a-lock.o)
                0x20000ac8                __lock___malloc_recursive_mutex
 *(COMMON)
                0x20000acc                        . = ALIGN (0x4)
 *fill*         0x20000ac9        0x3 
                0x20000acc                        _ebss = .
                0x20000acc                        __bss_end__ = _ebss

._user_heap_stack
                0x20000acc      0x604 load address 0x080092a4
                0x20000ad0                        . = ALIGN (0x8)
 *fill*         0x20000acc        0x4 
                [!provide]                        PROVIDE (end = .)
                0x20000ad0                        PROVIDE (_end = .)
                0x20000cd0                        . = (. + _Min_Heap_Size)
 *fill*         0x20000ad0      0x200 
                0x200010d0                        . = (. + _Min_Stack_Size)
 *fill*         0x20000cd0      0x400 
                0x200010d0                        . = ALIGN (0x8)

/DISCARD/
 libc.a(*)
 libm.a(*)
 libgcc.a(*)

.ARM.attributes
                0x00000000       0x30
 *(.ARM.attributes)
 .ARM.attributes
                0x00000000       0x22 C:/ST/STM32CubeIDE_1.19.0/STM32CubeIDE/plugins/com.st.stm32cube.ide.mcu.externaltools.gnu-tools-for-stm32.13.3.rel1.win32_1.0.0.202411081344/tools/bin/../lib/gcc/arm-none-eabi/13.3.1/thumb/v7e-m+fp/hard/crti.o
 .ARM.attributes
                0x00000022       0x34 C:/ST/STM32CubeIDE_1.19.0/STM32CubeIDE/plugins/com.st.stm32cube.ide.mcu.externaltools.gnu-tools-for-stm32.13.3.rel1.win32_1.0.0.202411081344/tools/bin/../lib/gcc/arm-none-eabi/13.3.1/thumb/v7e-m+fp/hard/crtbegin.o
 .ARM.attributes
                0x00000056       0x34 ./App/Src/Protocol/Requests/led_control_request.o
 .ARM.attributes
                0x0000008a       0x34 ./App/Src/Protocol/router.o
 .ARM.attributes
                0x000000be       0x34 ./App/Src/Services/Home/home_service.o
 .ARM.attributes
                0x000000f2       0x34 ./App/Src/Services/Led/led_service.o
 .ARM.attributes
                0x00000126       0x34 ./App/Src/Services/Log/log_service.o
 .ARM.attributes
                0x0000015a       0x34 ./App/Src/Services/Motion/motion_service.o
 .ARM.attributes
                0x0000018e       0x34 ./App/Src/Services/Probe/probe_service.o
 .ARM.attributes
                0x000001c2       0x34 ./App/Src/Services/service_adapters.o
 .ARM.attributes
                0x000001f6       0x34 ./App/Src/app.o
 .ARM.attributes
                0x0000022a       0x34 ./Core/Src/dma.o
 .ARM.attributes
                0x0000025e       0x34 ./Core/Src/gpio.o
 .ARM.attributes
                0x00000292       0x34 ./Core/Src/main.o
 .ARM.attributes
                0x000002c6       0x34 ./Core/Src/spi.o
 .ARM.attributes
                0x000002fa       0x34 ./Core/Src/stm32l4xx_hal_msp.o
 .ARM.attributes
                0x0000032e       0x34 ./Core/Src/stm32l4xx_it.o
 .ARM.attributes
                0x00000362       0x34 ./Core/Src/sysmem.o
 .ARM.attributes
                0x00000396       0x34 ./Core/Src/system_stm32l4xx.o
 .ARM.attributes
                0x000003ca       0x34 ./Core/Src/tim.o
 .ARM.attributes
                0x000003fe       0x34 ./Core/Src/usart.o
 .ARM.attributes
                0x00000432       0x21 ./Core/Startup/startup_stm32l475vgtx.o
 .ARM.attributes
                0x00000453       0x34 ./Drivers/STM32L4xx_HAL_Driver/Src/stm32l4xx_hal.o
 .ARM.attributes
                0x00000487       0x34 ./Drivers/STM32L4xx_HAL_Driver/Src/stm32l4xx_hal_cortex.o
 .ARM.attributes
                0x000004bb       0x34 ./Drivers/STM32L4xx_HAL_Driver/Src/stm32l4xx_hal_dma.o
 .ARM.attributes
                0x000004ef       0x34 ./Drivers/STM32L4xx_HAL_Driver/Src/stm32l4xx_hal_gpio.o
 .ARM.attributes
                0x00000523       0x34 ./Drivers/STM32L4xx_HAL_Driver/Src/stm32l4xx_hal_pwr_ex.o
 .ARM.attributes
                0x00000557       0x34 ./Drivers/STM32L4xx_HAL_Driver/Src/stm32l4xx_hal_rcc.o
 .ARM.attributes
                0x0000058b       0x34 ./Drivers/STM32L4xx_HAL_Driver/Src/stm32l4xx_hal_rcc_ex.o
 .ARM.attributes
                0x000005bf       0x34 ./Drivers/STM32L4xx_HAL_Driver/Src/stm32l4xx_hal_spi.o
 .ARM.attributes
                0x000005f3       0x34 ./Drivers/STM32L4xx_HAL_Driver/Src/stm32l4xx_hal_tim.o
 .ARM.attributes
                0x00000627       0x34 ./Drivers/STM32L4xx_HAL_Driver/Src/stm32l4xx_hal_tim_ex.o
 .ARM.attributes
                0x0000065b       0x34 ./Drivers/STM32L4xx_HAL_Driver/Src/stm32l4xx_hal_uart.o
 .ARM.attributes
                0x0000068f       0x34 ./Drivers/STM32L4xx_HAL_Driver/Src/stm32l4xx_hal_uart_ex.o
 .ARM.attributes
                0x000006c3       0x34 C:/ST/STM32CubeIDE_1.19.0/STM32CubeIDE/plugins/com.st.stm32cube.ide.mcu.externaltools.gnu-tools-for-stm32.13.3.rel1.win32_1.0.0.202411081344/tools/bin/../lib/gcc/arm-none-eabi/13.3.1/../../../../arm-none-eabi/lib/thumb/v7e-m+fp/hard\libc_nano.a(libc_a-calloc.o)
 .ARM.attributes
                0x000006f7       0x34 C:/ST/STM32CubeIDE_1.19.0/STM32CubeIDE/plugins/com.st.stm32cube.ide.mcu.externaltools.gnu-tools-for-stm32.13.3.rel1.win32_1.0.0.202411081344/tools/bin/../lib/gcc/arm-none-eabi/13.3.1/../../../../arm-none-eabi/lib/thumb/v7e-m+fp/hard\libc_nano.a(libc_a-callocr.o)
 .ARM.attributes
                0x0000072b       0x34 C:/ST/STM32CubeIDE_1.19.0/STM32CubeIDE/plugins/com.st.stm32cube.ide.mcu.externaltools.gnu-tools-for-stm32.13.3.rel1.win32_1.0.0.202411081344/tools/bin/../lib/gcc/arm-none-eabi/13.3.1/../../../../arm-none-eabi/lib/thumb/v7e-m+fp/hard\libc_nano.a(libc_a-malloc.o)
 .ARM.attributes
                0x0000075f       0x34 C:/ST/STM32CubeIDE_1.19.0/STM32CubeIDE/plugins/com.st.stm32cube.ide.mcu.externaltools.gnu-tools-for-stm32.13.3.rel1.win32_1.0.0.202411081344/tools/bin/../lib/gcc/arm-none-eabi/13.3.1/../../../../arm-none-eabi/lib/thumb/v7e-m+fp/hard\libc_nano.a(libc_a-mallocr.o)
 .ARM.attributes
                0x00000793       0x34 C:/ST/STM32CubeIDE_1.19.0/STM32CubeIDE/plugins/com.st.stm32cube.ide.mcu.externaltools.gnu-tools-for-stm32.13.3.rel1.win32_1.0.0.202411081344/tools/bin/../lib/gcc/arm-none-eabi/13.3.1/../../../../arm-none-eabi/lib/thumb/v7e-m+fp/hard\libc_nano.a(libc_a-mlock.o)
 .ARM.attributes
                0x000007c7       0x34 C:/ST/STM32CubeIDE_1.19.0/STM32CubeIDE/plugins/com.st.stm32cube.ide.mcu.externaltools.gnu-tools-for-stm32.13.3.rel1.win32_1.0.0.202411081344/tools/bin/../lib/gcc/arm-none-eabi/13.3.1/../../../../arm-none-eabi/lib/thumb/v7e-m+fp/hard\libc_nano.a(libc_a-findfp.o)
 .ARM.attributes
                0x000007fb       0x34 C:/ST/STM32CubeIDE_1.19.0/STM32CubeIDE/plugins/com.st.stm32cube.ide.mcu.externaltools.gnu-tools-for-stm32.13.3.rel1.win32_1.0.0.202411081344/tools/bin/../lib/gcc/arm-none-eabi/13.3.1/../../../../arm-none-eabi/lib/thumb/v7e-m+fp/hard\libc_nano.a(libc_a-snprintf.o)
 .ARM.attributes
                0x0000082f       0x34 C:/ST/STM32CubeIDE_1.19.0/STM32CubeIDE/plugins/com.st.stm32cube.ide.mcu.externaltools.gnu-tools-for-stm32.13.3.rel1.win32_1.0.0.202411081344/tools/bin/../lib/gcc/arm-none-eabi/13.3.1/../../../../arm-none-eabi/lib/thumb/v7e-m+fp/hard\libc_nano.a(libc_a-memset.o)
 .ARM.attributes
                0x00000863       0x34 C:/ST/STM32CubeIDE_1.19.0/STM32CubeIDE/plugins/com.st.stm32cube.ide.mcu.externaltools.gnu-tools-for-stm32.13.3.rel1.win32_1.0.0.202411081344/tools/bin/../lib/gcc/arm-none-eabi/13.3.1/../../../../arm-none-eabi/lib/thumb/v7e-m+fp/hard\libc_nano.a(libc_a-reent.o)
 .ARM.attributes
                0x00000897       0x34 C:/ST/STM32CubeIDE_1.19.0/STM32CubeIDE/plugins/com.st.stm32cube.ide.mcu.externaltools.gnu-tools-for-stm32.13.3.rel1.win32_1.0.0.202411081344/tools/bin/../lib/gcc/arm-none-eabi/13.3.1/../../../../arm-none-eabi/lib/thumb/v7e-m+fp/hard\libc_nano.a(libc_a-impure.o)
 .ARM.attributes
                0x000008cb       0x34 C:/ST/STM32CubeIDE_1.19.0/STM32CubeIDE/plugins/com.st.stm32cube.ide.mcu.externaltools.gnu-tools-for-stm32.13.3.rel1.win32_1.0.0.202411081344/tools/bin/../lib/gcc/arm-none-eabi/13.3.1/../../../../arm-none-eabi/lib/thumb/v7e-m+fp/hard\libc_nano.a(libc_a-sbrkr.o)
 .ARM.attributes
                0x000008ff       0x34 C:/ST/STM32CubeIDE_1.19.0/STM32CubeIDE/plugins/com.st.stm32cube.ide.mcu.externaltools.gnu-tools-for-stm32.13.3.rel1.win32_1.0.0.202411081344/tools/bin/../lib/gcc/arm-none-eabi/13.3.1/../../../../arm-none-eabi/lib/thumb/v7e-m+fp/hard\libc_nano.a(libc_a-errno.o)
 .ARM.attributes
                0x00000933       0x34 C:/ST/STM32CubeIDE_1.19.0/STM32CubeIDE/plugins/com.st.stm32cube.ide.mcu.externaltools.gnu-tools-for-stm32.13.3.rel1.win32_1.0.0.202411081344/tools/bin/../lib/gcc/arm-none-eabi/13.3.1/../../../../arm-none-eabi/lib/thumb/v7e-m+fp/hard\libc_nano.a(libc_a-init.o)
 .ARM.attributes
                0x00000967       0x34 C:/ST/STM32CubeIDE_1.19.0/STM32CubeIDE/plugins/com.st.stm32cube.ide.mcu.externaltools.gnu-tools-for-stm32.13.3.rel1.win32_1.0.0.202411081344/tools/bin/../lib/gcc/arm-none-eabi/13.3.1/../../../../arm-none-eabi/lib/thumb/v7e-m+fp/hard\libc_nano.a(libc_a-lock.o)
 .ARM.attributes
                0x0000099b       0x34 C:/ST/STM32CubeIDE_1.19.0/STM32CubeIDE/plugins/com.st.stm32cube.ide.mcu.externaltools.gnu-tools-for-stm32.13.3.rel1.win32_1.0.0.202411081344/tools/bin/../lib/gcc/arm-none-eabi/13.3.1/../../../../arm-none-eabi/lib/thumb/v7e-m+fp/hard\libc_nano.a(libc_a-memcpy-stub.o)
 .ARM.attributes
                0x000009cf       0x17 C:/ST/STM32CubeIDE_1.19.0/STM32CubeIDE/plugins/com.st.stm32cube.ide.mcu.externaltools.gnu-tools-for-stm32.13.3.rel1.win32_1.0.0.202411081344/tools/bin/../lib/gcc/arm-none-eabi/13.3.1/../../../../arm-none-eabi/lib/thumb/v7e-m+fp/hard\libc_nano.a(libc_a-strlen.o)
 .ARM.attributes
                0x000009e6       0x34 C:/ST/STM32CubeIDE_1.19.0/STM32CubeIDE/plugins/com.st.stm32cube.ide.mcu.externaltools.gnu-tools-for-stm32.13.3.rel1.win32_1.0.0.202411081344/tools/bin/../lib/gcc/arm-none-eabi/13.3.1/../../../../arm-none-eabi/lib/thumb/v7e-m+fp/hard\libc_nano.a(libc_a-freer.o)
 .ARM.attributes
                0x00000a1a       0x34 C:/ST/STM32CubeIDE_1.19.0/STM32CubeIDE/plugins/com.st.stm32cube.ide.mcu.externaltools.gnu-tools-for-stm32.13.3.rel1.win32_1.0.0.202411081344/tools/bin/../lib/gcc/arm-none-eabi/13.3.1/../../../../arm-none-eabi/lib/thumb/v7e-m+fp/hard\libc_nano.a(libc_a-nano-svfprintf.o)
 .ARM.attributes
                0x00000a4e       0x34 C:/ST/STM32CubeIDE_1.19.0/STM32CubeIDE/plugins/com.st.stm32cube.ide.mcu.externaltools.gnu-tools-for-stm32.13.3.rel1.win32_1.0.0.202411081344/tools/bin/../lib/gcc/arm-none-eabi/13.3.1/../../../../arm-none-eabi/lib/thumb/v7e-m+fp/hard\libc_nano.a(libc_a-nano-vfprintf_i.o)
 .ARM.attributes
                0x00000a82       0x34 C:/ST/STM32CubeIDE_1.19.0/STM32CubeIDE/plugins/com.st.stm32cube.ide.mcu.externaltools.gnu-tools-for-stm32.13.3.rel1.win32_1.0.0.202411081344/tools/bin/../lib/gcc/arm-none-eabi/13.3.1/../../../../arm-none-eabi/lib/thumb/v7e-m+fp/hard\libc_nano.a(libc_a-memmove.o)
 .ARM.attributes
                0x00000ab6       0x1c C:/ST/STM32CubeIDE_1.19.0/STM32CubeIDE/plugins/com.st.stm32cube.ide.mcu.externaltools.gnu-tools-for-stm32.13.3.rel1.win32_1.0.0.202411081344/tools/bin/../lib/gcc/arm-none-eabi/13.3.1/../../../../arm-none-eabi/lib/thumb/v7e-m+fp/hard\libc_nano.a(libc_a-memchr.o)
 .ARM.attributes
                0x00000ad2       0x34 C:/ST/STM32CubeIDE_1.19.0/STM32CubeIDE/plugins/com.st.stm32cube.ide.mcu.externaltools.gnu-tools-for-stm32.13.3.rel1.win32_1.0.0.202411081344/tools/bin/../lib/gcc/arm-none-eabi/13.3.1/../../../../arm-none-eabi/lib/thumb/v7e-m+fp/hard\libc_nano.a(libc_a-reallocr.o)
 .ARM.attributes
                0x00000b06       0x34 C:/ST/STM32CubeIDE_1.19.0/STM32CubeIDE/plugins/com.st.stm32cube.ide.mcu.externaltools.gnu-tools-for-stm32.13.3.rel1.win32_1.0.0.202411081344/tools/bin/../lib/gcc/arm-none-eabi/13.3.1/../../../../arm-none-eabi/lib/thumb/v7e-m+fp/hard\libc_nano.a(libc_a-msizer.o)
 .ARM.attributes
                0x00000b3a       0x22 C:/ST/STM32CubeIDE_1.19.0/STM32CubeIDE/plugins/com.st.stm32cube.ide.mcu.externaltools.gnu-tools-for-stm32.13.3.rel1.win32_1.0.0.202411081344/tools/bin/../lib/gcc/arm-none-eabi/13.3.1/thumb/v7e-m+fp/hard\libgcc.a(_aeabi_uldivmod.o)
 .ARM.attributes
                0x00000b5c       0x34 C:/ST/STM32CubeIDE_1.19.0/STM32CubeIDE/plugins/com.st.stm32cube.ide.mcu.externaltools.gnu-tools-for-stm32.13.3.rel1.win32_1.0.0.202411081344/tools/bin/../lib/gcc/arm-none-eabi/13.3.1/thumb/v7e-m+fp/hard\libgcc.a(_udivmoddi4.o)
 .ARM.attributes
                0x00000b90       0x22 C:/ST/STM32CubeIDE_1.19.0/STM32CubeIDE/plugins/com.st.stm32cube.ide.mcu.externaltools.gnu-tools-for-stm32.13.3.rel1.win32_1.0.0.202411081344/tools/bin/../lib/gcc/arm-none-eabi/13.3.1/thumb/v7e-m+fp/hard\libgcc.a(_dvmd_tls.o)
 .ARM.attributes
                0x00000bb2       0x22 C:/ST/STM32CubeIDE_1.19.0/STM32CubeIDE/plugins/com.st.stm32cube.ide.mcu.externaltools.gnu-tools-for-stm32.13.3.rel1.win32_1.0.0.202411081344/tools/bin/../lib/gcc/arm-none-eabi/13.3.1/thumb/v7e-m+fp/hard/crtn.o
OUTPUT(CNC_Controller.elf elf32-littlearm)
LOAD linker stubs
LOAD C:/ST/STM32CubeIDE_1.19.0/STM32CubeIDE/plugins/com.st.stm32cube.ide.mcu.externaltools.gnu-tools-for-stm32.13.3.rel1.win32_1.0.0.202411081344/tools/bin/../lib/gcc/arm-none-eabi/13.3.1/../../../../arm-none-eabi/lib/thumb/v7e-m+fp/hard\libc.a
LOAD C:/ST/STM32CubeIDE_1.19.0/STM32CubeIDE/plugins/com.st.stm32cube.ide.mcu.externaltools.gnu-tools-for-stm32.13.3.rel1.win32_1.0.0.202411081344/tools/bin/../lib/gcc/arm-none-eabi/13.3.1/../../../../arm-none-eabi/lib/thumb/v7e-m+fp/hard\libm.a
LOAD C:/ST/STM32CubeIDE_1.19.0/STM32CubeIDE/plugins/com.st.stm32cube.ide.mcu.externaltools.gnu-tools-for-stm32.13.3.rel1.win32_1.0.0.202411081344/tools/bin/../lib/gcc/arm-none-eabi/13.3.1/thumb/v7e-m+fp/hard\libgcc.a

.debug_info     0x00000000    0x16b77
 .debug_info    0x00000000      0x5b2 ./App/Src/Protocol/Requests/led_control_request.o
 .debug_info    0x000005b2      0x5f8 ./App/Src/Protocol/router.o
 .debug_info    0x00000baa      0x155 ./App/Src/Services/Home/home_service.o
 .debug_info    0x00000cff      0x440 ./App/Src/Services/Led/led_service.o
 .debug_info    0x0000113f      0xa94 ./App/Src/Services/Log/log_service.o
 .debug_info    0x00001bd3      0x2b3 ./App/Src/Services/Motion/motion_service.o
 .debug_info    0x00001e86      0x180 ./App/Src/Services/Probe/probe_service.o
 .debug_info    0x00002006      0x430 ./App/Src/Services/service_adapters.o
 .debug_info    0x00002436      0x974 ./App/Src/app.o
 .debug_info    0x00002daa      0x4fd ./Core/Src/dma.o
 .debug_info    0x000032a7      0x46b ./Core/Src/gpio.o
 .debug_info    0x00003712      0x36e ./Core/Src/main.o
 .debug_info    0x00003a80      0xc66 ./Core/Src/spi.o
 .debug_info    0x000046e6      0x2b9 ./Core/Src/stm32l4xx_hal_msp.o
 .debug_info    0x0000499f      0xdee ./Core/Src/stm32l4xx_it.o
 .debug_info    0x0000578d      0x168 ./Core/Src/sysmem.o
 .debug_info    0x000058f5      0x5b1 ./Core/Src/system_stm32l4xx.o
 .debug_info    0x00005ea6     0x1091 ./Core/Src/tim.o
 .debug_info    0x00006f37      0xf94 ./Core/Src/usart.o
 .debug_info    0x00007ecb       0x30 ./Core/Startup/startup_stm32l475vgtx.o
 .debug_info    0x00007efb      0xb1e ./Drivers/STM32L4xx_HAL_Driver/Src/stm32l4xx_hal.o
 .debug_info    0x00008a19      0xdb0 ./Drivers/STM32L4xx_HAL_Driver/Src/stm32l4xx_hal_cortex.o
 .debug_info    0x000097c9      0x728 ./Drivers/STM32L4xx_HAL_Driver/Src/stm32l4xx_hal_dma.o
 .debug_info    0x00009ef1      0x788 ./Drivers/STM32L4xx_HAL_Driver/Src/stm32l4xx_hal_gpio.o
 .debug_info    0x0000a679      0x998 ./Drivers/STM32L4xx_HAL_Driver/Src/stm32l4xx_hal_pwr_ex.o
 .debug_info    0x0000b011      0xc2f ./Drivers/STM32L4xx_HAL_Driver/Src/stm32l4xx_hal_rcc.o
 .debug_info    0x0000bc40      0xe48 ./Drivers/STM32L4xx_HAL_Driver/Src/stm32l4xx_hal_rcc_ex.o
 .debug_info    0x0000ca88     0x155f ./Drivers/STM32L4xx_HAL_Driver/Src/stm32l4xx_hal_spi.o
 .debug_info    0x0000dfe7     0x2b08 ./Drivers/STM32L4xx_HAL_Driver/Src/stm32l4xx_hal_tim.o
 .debug_info    0x00010aef     0x16f3 ./Drivers/STM32L4xx_HAL_Driver/Src/stm32l4xx_hal_tim_ex.o
 .debug_info    0x000121e2     0x3b7c ./Drivers/STM32L4xx_HAL_Driver/Src/stm32l4xx_hal_uart.o
 .debug_info    0x00015d5e      0xe19 ./Drivers/STM32L4xx_HAL_Driver/Src/stm32l4xx_hal_uart_ex.o

.debug_abbrev   0x00000000     0x3aef
 .debug_abbrev  0x00000000      0x1af ./App/Src/Protocol/Requests/led_control_request.o
 .debug_abbrev  0x000001af      0x1f0 ./App/Src/Protocol/router.o
 .debug_abbrev  0x0000039f       0xf7 ./App/Src/Services/Home/home_service.o
 .debug_abbrev  0x00000496      0x1fd ./App/Src/Services/Led/led_service.o
 .debug_abbrev  0x00000693      0x258 ./App/Src/Services/Log/log_service.o
 .debug_abbrev  0x000008eb      0x118 ./App/Src/Services/Motion/motion_service.o
 .debug_abbrev  0x00000a03       0xf6 ./App/Src/Services/Probe/probe_service.o
 .debug_abbrev  0x00000af9      0x13b ./App/Src/Services/service_adapters.o
 .debug_abbrev  0x00000c34      0x249 ./App/Src/app.o
 .debug_abbrev  0x00000e7d       0xfc ./Core/Src/dma.o
 .debug_abbrev  0x00000f79      0x134 ./Core/Src/gpio.o
 .debug_abbrev  0x000010ad      0x178 ./Core/Src/main.o
 .debug_abbrev  0x00001225      0x216 ./Core/Src/spi.o
 .debug_abbrev  0x0000143b       0xc6 ./Core/Src/stm32l4xx_hal_msp.o
 .debug_abbrev  0x00001501      0x1c6 ./Core/Src/stm32l4xx_it.o
 .debug_abbrev  0x000016c7       0xbc ./Core/Src/sysmem.o
 .debug_abbrev  0x00001783      0x11a ./Core/Src/system_stm32l4xx.o
 .debug_abbrev  0x0000189d      0x256 ./Core/Src/tim.o
 .debug_abbrev  0x00001af3      0x1fb ./Core/Src/usart.o
 .debug_abbrev  0x00001cee       0x24 ./Core/Startup/startup_stm32l475vgtx.o
 .debug_abbrev  0x00001d12      0x22e ./Drivers/STM32L4xx_HAL_Driver/Src/stm32l4xx_hal.o
 .debug_abbrev  0x00001f40      0x338 ./Drivers/STM32L4xx_HAL_Driver/Src/stm32l4xx_hal_cortex.o
 .debug_abbrev  0x00002278      0x1f9 ./Drivers/STM32L4xx_HAL_Driver/Src/stm32l4xx_hal_dma.o
 .debug_abbrev  0x00002471      0x1e8 ./Drivers/STM32L4xx_HAL_Driver/Src/stm32l4xx_hal_gpio.o
 .debug_abbrev  0x00002659      0x233 ./Drivers/STM32L4xx_HAL_Driver/Src/stm32l4xx_hal_pwr_ex.o
 .debug_abbrev  0x0000288c      0x2b0 ./Drivers/STM32L4xx_HAL_Driver/Src/stm32l4xx_hal_rcc.o
 .debug_abbrev  0x00002b3c      0x2a4 ./Drivers/STM32L4xx_HAL_Driver/Src/stm32l4xx_hal_rcc_ex.o
 .debug_abbrev  0x00002de0      0x275 ./Drivers/STM32L4xx_HAL_Driver/Src/stm32l4xx_hal_spi.o
 .debug_abbrev  0x00003055      0x276 ./Drivers/STM32L4xx_HAL_Driver/Src/stm32l4xx_hal_tim.o
 .debug_abbrev  0x000032cb      0x280 ./Drivers/STM32L4xx_HAL_Driver/Src/stm32l4xx_hal_tim_ex.o
 .debug_abbrev  0x0000354b      0x2e7 ./Drivers/STM32L4xx_HAL_Driver/Src/stm32l4xx_hal_uart.o
 .debug_abbrev  0x00003832      0x2bd ./Drivers/STM32L4xx_HAL_Driver/Src/stm32l4xx_hal_uart_ex.o

.debug_aranges  0x00000000     0x14f0
 .debug_aranges
                0x00000000       0x90 ./App/Src/Protocol/Requests/led_control_request.o
 .debug_aranges
                0x00000090       0x60 ./App/Src/Protocol/router.o
 .debug_aranges
                0x000000f0       0x30 ./App/Src/Services/Home/home_service.o
 .debug_aranges
                0x00000120       0x30 ./App/Src/Services/Led/led_service.o
 .debug_aranges
                0x00000150       0x70 ./App/Src/Services/Log/log_service.o
 .debug_aranges
                0x000001c0       0x58 ./App/Src/Services/Motion/motion_service.o
 .debug_aranges
                0x00000218       0x30 ./App/Src/Services/Probe/probe_service.o
 .debug_aranges
                0x00000248       0x60 ./App/Src/Services/service_adapters.o
 .debug_aranges
                0x000002a8       0x40 ./App/Src/app.o
 .debug_aranges
                0x000002e8       0x20 ./Core/Src/dma.o
 .debug_aranges
                0x00000308       0x20 ./Core/Src/gpio.o
 .debug_aranges
                0x00000328       0x38 ./Core/Src/main.o
 .debug_aranges
                0x00000360       0x30 ./Core/Src/spi.o
 .debug_aranges
                0x00000390       0x20 ./Core/Src/stm32l4xx_hal_msp.o
 .debug_aranges
                0x000003b0       0x90 ./Core/Src/stm32l4xx_it.o
 .debug_aranges
                0x00000440       0x20 ./Core/Src/sysmem.o
 .debug_aranges
                0x00000460       0x28 ./Core/Src/system_stm32l4xx.o
 .debug_aranges
                0x00000488       0x60 ./Core/Src/tim.o
 .debug_aranges
                0x000004e8       0x30 ./Core/Src/usart.o
 .debug_aranges
                0x00000518       0x28 ./Core/Startup/startup_stm32l475vgtx.o
 .debug_aranges
                0x00000540      0x130 ./Drivers/STM32L4xx_HAL_Driver/Src/stm32l4xx_hal.o
 .debug_aranges
                0x00000670      0x128 ./Drivers/STM32L4xx_HAL_Driver/Src/stm32l4xx_hal_cortex.o
 .debug_aranges
                0x00000798       0x80 ./Drivers/STM32L4xx_HAL_Driver/Src/stm32l4xx_hal_dma.o
 .debug_aranges
                0x00000818       0x58 ./Drivers/STM32L4xx_HAL_Driver/Src/stm32l4xx_hal_gpio.o
 .debug_aranges
                0x00000870      0x150 ./Drivers/STM32L4xx_HAL_Driver/Src/stm32l4xx_hal_pwr_ex.o
 .debug_aranges
                0x000009c0       0x90 ./Drivers/STM32L4xx_HAL_Driver/Src/stm32l4xx_hal_rcc.o
 .debug_aranges
                0x00000a50       0xc0 ./Drivers/STM32L4xx_HAL_Driver/Src/stm32l4xx_hal_rcc_ex.o
 .debug_aranges
                0x00000b10      0x1d8 ./Drivers/STM32L4xx_HAL_Driver/Src/stm32l4xx_hal_spi.o
 .debug_aranges
                0x00000ce8      0x3e0 ./Drivers/STM32L4xx_HAL_Driver/Src/stm32l4xx_hal_tim.o
 .debug_aranges
                0x000010c8      0x180 ./Drivers/STM32L4xx_HAL_Driver/Src/stm32l4xx_hal_tim_ex.o
 .debug_aranges
                0x00001248      0x228 ./Drivers/STM32L4xx_HAL_Driver/Src/stm32l4xx_hal_uart.o
 .debug_aranges
                0x00001470       0x80 ./Drivers/STM32L4xx_HAL_Driver/Src/stm32l4xx_hal_uart_ex.o

.debug_rnglists
                0x00000000     0x1021
 .debug_rnglists
                0x00000000       0x67 ./App/Src/Protocol/Requests/led_control_request.o
 .debug_rnglists
                0x00000067       0x47 ./App/Src/Protocol/router.o
 .debug_rnglists
                0x000000ae       0x1f ./App/Src/Services/Home/home_service.o
 .debug_rnglists
                0x000000cd       0x21 ./App/Src/Services/Led/led_service.o
 .debug_rnglists
                0x000000ee       0x52 ./App/Src/Services/Log/log_service.o
 .debug_rnglists
                0x00000140       0x3d ./App/Src/Services/Motion/motion_service.o
 .debug_rnglists
                0x0000017d       0x1f ./App/Src/Services/Probe/probe_service.o
 .debug_rnglists
                0x0000019c       0x43 ./App/Src/Services/service_adapters.o
 .debug_rnglists
                0x000001df       0x2b ./App/Src/app.o
 .debug_rnglists
                0x0000020a       0x13 ./Core/Src/dma.o
 .debug_rnglists
                0x0000021d       0x14 ./Core/Src/gpio.o
 .debug_rnglists
                0x00000231       0x26 ./Core/Src/main.o
 .debug_rnglists
                0x00000257       0x20 ./Core/Src/spi.o
 .debug_rnglists
                0x00000277       0x13 ./Core/Src/stm32l4xx_hal_msp.o
 .debug_rnglists
                0x0000028a       0x67 ./Core/Src/stm32l4xx_it.o
 .debug_rnglists
                0x000002f1       0x13 ./Core/Src/sysmem.o
 .debug_rnglists
                0x00000304       0x1a ./Core/Src/system_stm32l4xx.o
 .debug_rnglists
                0x0000031e       0x49 ./Core/Src/tim.o
 .debug_rnglists
                0x00000367       0x20 ./Core/Src/usart.o
 .debug_rnglists
                0x00000387       0x19 ./Core/Startup/startup_stm32l475vgtx.o
 .debug_rnglists
                0x000003a0       0xdf ./Drivers/STM32L4xx_HAL_Driver/Src/stm32l4xx_hal.o
 .debug_rnglists
                0x0000047f       0xda ./Drivers/STM32L4xx_HAL_Driver/Src/stm32l4xx_hal_cortex.o
 .debug_rnglists
                0x00000559       0x64 ./Drivers/STM32L4xx_HAL_Driver/Src/stm32l4xx_hal_dma.o
 .debug_rnglists
                0x000005bd       0x40 ./Drivers/STM32L4xx_HAL_Driver/Src/stm32l4xx_hal_gpio.o
 .debug_rnglists
                0x000005fd       0xfd ./Drivers/STM32L4xx_HAL_Driver/Src/stm32l4xx_hal_pwr_ex.o
 .debug_rnglists
                0x000006fa       0x6f ./Drivers/STM32L4xx_HAL_Driver/Src/stm32l4xx_hal_rcc.o
 .debug_rnglists
                0x00000769       0x95 ./Drivers/STM32L4xx_HAL_Driver/Src/stm32l4xx_hal_rcc_ex.o
 .debug_rnglists
                0x000007fe      0x179 ./Drivers/STM32L4xx_HAL_Driver/Src/stm32l4xx_hal_spi.o
 .debug_rnglists
                0x00000977      0x330 ./Drivers/STM32L4xx_HAL_Driver/Src/stm32l4xx_hal_tim.o
 .debug_rnglists
                0x00000ca7      0x13d ./Drivers/STM32L4xx_HAL_Driver/Src/stm32l4xx_hal_tim_ex.o
 .debug_rnglists
                0x00000de4      0x1dd ./Drivers/STM32L4xx_HAL_Driver/Src/stm32l4xx_hal_uart.o
 .debug_rnglists
                0x00000fc1       0x60 ./Drivers/STM32L4xx_HAL_Driver/Src/stm32l4xx_hal_uart_ex.o

.debug_macro    0x00000000    0x2792c
 .debug_macro   0x00000000       0x75 ./App/Src/Protocol/Requests/led_control_request.o
 .debug_macro   0x00000075       0x28 ./App/Src/Protocol/Requests/led_control_request.o
 .debug_macro   0x0000009d      0x171 ./App/Src/Protocol/router.o
 .debug_macro   0x0000020e       0x5b ./App/Src/Protocol/router.o
 .debug_macro   0x00000269       0x2a ./App/Src/Protocol/router.o
 .debug_macro   0x00000293       0x94 ./App/Src/Protocol/router.o
 .debug_macro   0x00000327       0x43 ./App/Src/Protocol/router.o
 .debug_macro   0x0000036a       0x34 ./App/Src/Protocol/router.o
 .debug_macro   0x0000039e      0x190 ./App/Src/Protocol/router.o
 .debug_macro   0x0000052e       0x57 ./App/Src/Protocol/router.o
 .debug_macro   0x00000585      0x370 ./App/Src/Protocol/router.o
 .debug_macro   0x000008f5       0x16 ./App/Src/Protocol/router.o
 .debug_macro   0x0000090b       0x4a ./App/Src/Protocol/router.o
 .debug_macro   0x00000955       0x34 ./App/Src/Protocol/router.o
 .debug_macro   0x00000989       0x10 ./App/Src/Protocol/router.o
 .debug_macro   0x00000999       0x58 ./App/Src/Protocol/router.o
 .debug_macro   0x000009f1       0x8e ./App/Src/Protocol/router.o
 .debug_macro   0x00000a7f       0x1c ./App/Src/Protocol/router.o
 .debug_macro   0x00000a9b      0x185 ./App/Src/Protocol/router.o
 .debug_macro   0x00000c20       0x10 ./App/Src/Protocol/router.o
 .debug_macro   0x00000c30       0x3c ./App/Src/Protocol/router.o
 .debug_macro   0x00000c6c       0x20 ./App/Src/Protocol/router.o
 .debug_macro   0x00000c8c       0x16 ./App/Src/Protocol/router.o
 .debug_macro   0x00000ca2       0x16 ./App/Src/Protocol/router.o
 .debug_macro   0x00000cb8       0x29 ./App/Src/Protocol/router.o
 .debug_macro   0x00000ce1       0x67 ./App/Src/Services/Home/home_service.o
 .debug_macro   0x00000d48      0x2e9 ./App/Src/Services/Led/led_service.o
 .debug_macro   0x00001031       0x3a ./App/Src/Services/Led/led_service.o
 .debug_macro   0x0000106b      0x1b4 ./App/Src/Services/Led/led_service.o
 .debug_macro   0x0000121f       0x2e ./App/Src/Services/Led/led_service.o
 .debug_macro   0x0000124d       0x28 ./App/Src/Services/Led/led_service.o
 .debug_macro   0x00001275       0x1c ./App/Src/Services/Led/led_service.o
 .debug_macro   0x00001291       0x22 ./App/Src/Services/Led/led_service.o
 .debug_macro   0x000012b3       0xfb ./App/Src/Services/Led/led_service.o
 .debug_macro   0x000013ae     0x1011 ./App/Src/Services/Led/led_service.o
 .debug_macro   0x000023bf      0x11f ./App/Src/Services/Led/led_service.o
 .debug_macro   0x000024de    0x19dc7 ./App/Src/Services/Led/led_service.o
 .debug_macro   0x0001c2a5       0x6d ./App/Src/Services/Led/led_service.o
 .debug_macro   0x0001c312     0x38fb ./App/Src/Services/Led/led_service.o
 .debug_macro   0x0001fc0d       0x5c ./App/Src/Services/Led/led_service.o
 .debug_macro   0x0001fc69     0x1558 ./App/Src/Services/Led/led_service.o
 .debug_macro   0x000211c1      0x5a5 ./App/Src/Services/Led/led_service.o
 .debug_macro   0x00021766      0x1b9 ./App/Src/Services/Led/led_service.o
 .debug_macro   0x0002191f      0x17d ./App/Src/Services/Led/led_service.o
 .debug_macro   0x00021a9c      0x26b ./App/Src/Services/Led/led_service.o
 .debug_macro   0x00021d07      0x23d ./App/Src/Services/Led/led_service.o
 .debug_macro   0x00021f44      0x241 ./App/Src/Services/Led/led_service.o
 .debug_macro   0x00022185      0x37c ./App/Src/Services/Led/led_service.o
 .debug_macro   0x00022501       0xd6 ./App/Src/Services/Led/led_service.o
 .debug_macro   0x000225d7      0x122 ./App/Src/Services/Led/led_service.o
 .debug_macro   0x000226f9      0x3e8 ./App/Src/Services/Led/led_service.o
 .debug_macro   0x00022ae1      0x2fe ./App/Src/Services/Led/led_service.o
 .debug_macro   0x00022ddf      0xa98 ./App/Src/Services/Led/led_service.o
 .debug_macro   0x00023877      0x1e6 ./App/Src/Services/Led/led_service.o
 .debug_macro   0x00023a5d      0x5cf ./App/Src/Services/Led/led_service.o
 .debug_macro   0x0002402c       0x44 ./App/Src/Services/Led/led_service.o
 .debug_macro   0x00024070      0x330 ./App/Src/Services/Led/led_service.o
 .debug_macro   0x000243a0       0x16 ./App/Src/Services/Led/led_service.o
 .debug_macro   0x000243b6       0x61 ./App/Src/Services/Led/led_service.o
 .debug_macro   0x00024417       0x16 ./App/Src/Services/Led/led_service.o
 .debug_macro   0x0002442d       0x10 ./App/Src/Services/Led/led_service.o
 .debug_macro   0x0002443d       0x16 ./App/Src/Services/Led/led_service.o
 .debug_macro   0x00024453       0x16 ./App/Src/Services/Led/led_service.o
 .debug_macro   0x00024469      0x146 ./App/Src/Services/Led/led_service.o
 .debug_macro   0x000245af      0x304 ./App/Src/Services/Log/log_service.o
 .debug_macro   0x000248b3       0x1c ./App/Src/Services/Log/log_service.o
 .debug_macro   0x000248cf       0x1c ./App/Src/Services/Log/log_service.o
 .debug_macro   0x000248eb       0x56 ./App/Src/Services/Log/log_service.o
 .debug_macro   0x00024941       0x67 ./App/Src/Services/Motion/motion_service.o
 .debug_macro   0x000249a8       0x67 ./App/Src/Services/Probe/probe_service.o
 .debug_macro   0x00024a0f       0x89 ./App/Src/Services/service_adapters.o
 .debug_macro   0x00024a98      0x2e2 ./App/Src/app.o
 .debug_macro   0x00024d7a      0x1e9 ./Core/Src/dma.o
 .debug_macro   0x00024f63      0x1e9 ./Core/Src/gpio.o
 .debug_macro   0x0002514c      0x219 ./Core/Src/main.o
 .debug_macro   0x00025365      0x1e9 ./Core/Src/spi.o
 .debug_macro   0x0002554e      0x1df ./Core/Src/stm32l4xx_hal_msp.o
 .debug_macro   0x0002572d      0x1e9 ./Core/Src/stm32l4xx_it.o
 .debug_macro   0x00025916      0x112 ./Core/Src/sysmem.o
 .debug_macro   0x00025a28      0x23c ./Core/Src/sysmem.o
 .debug_macro   0x00025c64      0x1d5 ./Core/Src/system_stm32l4xx.o
 .debug_macro   0x00025e39      0x1e9 ./Core/Src/tim.o
 .debug_macro   0x00026022      0x1e9 ./Core/Src/usart.o
 .debug_macro   0x0002620b      0x223 ./Drivers/STM32L4xx_HAL_Driver/Src/stm32l4xx_hal.o
 .debug_macro   0x0002642e      0x1d5 ./Drivers/STM32L4xx_HAL_Driver/Src/stm32l4xx_hal_cortex.o
 .debug_macro   0x00026603      0x1d5 ./Drivers/STM32L4xx_HAL_Driver/Src/stm32l4xx_hal_dma.o
 .debug_macro   0x000267d8      0x1dc ./Drivers/STM32L4xx_HAL_Driver/Src/stm32l4xx_hal_gpio.o
 .debug_macro   0x000269b4      0x1f9 ./Drivers/STM32L4xx_HAL_Driver/Src/stm32l4xx_hal_pwr_ex.o
 .debug_macro   0x00026bad      0x217 ./Drivers/STM32L4xx_HAL_Driver/Src/stm32l4xx_hal_rcc.o
 .debug_macro   0x00026dc4      0x20b ./Drivers/STM32L4xx_HAL_Driver/Src/stm32l4xx_hal_rcc_ex.o
 .debug_macro   0x00026fcf      0x1dd ./Drivers/STM32L4xx_HAL_Driver/Src/stm32l4xx_hal_spi.o
 .debug_macro   0x000271ac      0x1d6 ./Drivers/STM32L4xx_HAL_Driver/Src/stm32l4xx_hal_tim.o
 .debug_macro   0x00027382      0x1d5 ./Drivers/STM32L4xx_HAL_Driver/Src/stm32l4xx_hal_tim_ex.o
 .debug_macro   0x00027557      0x200 ./Drivers/STM32L4xx_HAL_Driver/Src/stm32l4xx_hal_uart.o
 .debug_macro   0x00027757      0x1d5 ./Drivers/STM32L4xx_HAL_Driver/Src/stm32l4xx_hal_uart_ex.o

.debug_line     0x00000000    0x1ede4
 .debug_line    0x00000000      0x76f ./App/Src/Protocol/Requests/led_control_request.o
 .debug_line    0x0000076f      0x881 ./App/Src/Protocol/router.o
 .debug_line    0x00000ff0      0x473 ./App/Src/Services/Home/home_service.o
 .debug_line    0x00001463      0xa1e ./App/Src/Services/Led/led_service.o
 .debug_line    0x00001e81      0xb8b ./App/Src/Services/Log/log_service.o