Archive member included to satisfy reference by file (symbol)

C:/ST/STM32CubeIDE_1.19.0/STM32CubeIDE/plugins/com.st.stm32cube.ide.mcu.externaltools.gnu-tools-for-stm32.13.3.rel1.win32_1.0.0.202411081344/tools/bin/../lib/gcc/arm-none-eabi/13.3.1/../../../../arm-none-eabi/lib/thumb/v7e-m+fp/hard\libc_nano.a(libc_a-calloc.o)
                              ./App/Src/Protocol/router.o (calloc)
C:/ST/STM32CubeIDE_1.19.0/STM32CubeIDE/plugins/com.st.stm32cube.ide.mcu.externaltools.gnu-tools-for-stm32.13.3.rel1.win32_1.0.0.202411081344/tools/bin/../lib/gcc/arm-none-eabi/13.3.1/../../../../arm-none-eabi/lib/thumb/v7e-m+fp/hard\libc_nano.a(libc_a-callocr.o)
                              C:/ST/STM32CubeIDE_1.19.0/STM32CubeIDE/plugins/com.st.stm32cube.ide.mcu.externaltools.gnu-tools-for-stm32.13.3.rel1.win32_1.0.0.202411081344/tools/bin/../lib/gcc/arm-none-eabi/13.3.1/../../../../arm-none-eabi/lib/thumb/v7e-m+fp/hard\libc_nano.a(libc_a-calloc.o) (_calloc_r)
C:/ST/STM32CubeIDE_1.19.0/STM32CubeIDE/plugins/com.st.stm32cube.ide.mcu.externaltools.gnu-tools-for-stm32.13.3.rel1.win32_1.0.0.202411081344/tools/bin/../lib/gcc/arm-none-eabi/13.3.1/../../../../arm-none-eabi/lib/thumb/v7e-m+fp/hard\libc_nano.a(libc_a-exit.o)
                              C:/ST/STM32CubeIDE_1.19.0/STM32CubeIDE/plugins/com.st.stm32cube.ide.mcu.externaltools.gnu-tools-for-stm32.13.3.rel1.win32_1.0.0.202411081344/tools/bin/../lib/gcc/arm-none-eabi/13.3.1/../../../../arm-none-eabi/lib/thumb/v7e-m+fp/hard/crt0.o (exit)
C:/ST/STM32CubeIDE_1.19.0/STM32CubeIDE/plugins/com.st.stm32cube.ide.mcu.externaltools.gnu-tools-for-stm32.13.3.rel1.win32_1.0.0.202411081344/tools/bin/../lib/gcc/arm-none-eabi/13.3.1/../../../../arm-none-eabi/lib/thumb/v7e-m+fp/hard\libc_nano.a(libc_a-malloc.o)
                              ./App/Src/Protocol/router.o (malloc)
C:/ST/STM32CubeIDE_1.19.0/STM32CubeIDE/plugins/com.st.stm32cube.ide.mcu.externaltools.gnu-tools-for-stm32.13.3.rel1.win32_1.0.0.202411081344/tools/bin/../lib/gcc/arm-none-eabi/13.3.1/../../../../arm-none-eabi/lib/thumb/v7e-m+fp/hard\libc_nano.a(libc_a-mallocr.o)
                              C:/ST/STM32CubeIDE_1.19.0/STM32CubeIDE/plugins/com.st.stm32cube.ide.mcu.externaltools.gnu-tools-for-stm32.13.3.rel1.win32_1.0.0.202411081344/tools/bin/../lib/gcc/arm-none-eabi/13.3.1/../../../../arm-none-eabi/lib/thumb/v7e-m+fp/hard\libc_nano.a(libc_a-callocr.o) (_malloc_r)
C:/ST/STM32CubeIDE_1.19.0/STM32CubeIDE/plugins/com.st.stm32cube.ide.mcu.externaltools.gnu-tools-for-stm32.13.3.rel1.win32_1.0.0.202411081344/tools/bin/../lib/gcc/arm-none-eabi/13.3.1/../../../../arm-none-eabi/lib/thumb/v7e-m+fp/hard\libc_nano.a(libc_a-mlock.o)
                              C:/ST/STM32CubeIDE_1.19.0/STM32CubeIDE/plugins/com.st.stm32cube.ide.mcu.externaltools.gnu-tools-for-stm32.13.3.rel1.win32_1.0.0.202411081344/tools/bin/../lib/gcc/arm-none-eabi/13.3.1/../../../../arm-none-eabi/lib/thumb/v7e-m+fp/hard\libc_nano.a(libc_a-mallocr.o) (__malloc_lock)
C:/ST/STM32CubeIDE_1.19.0/STM32CubeIDE/plugins/com.st.stm32cube.ide.mcu.externaltools.gnu-tools-for-stm32.13.3.rel1.win32_1.0.0.202411081344/tools/bin/../lib/gcc/arm-none-eabi/13.3.1/../../../../arm-none-eabi/lib/thumb/v7e-m+fp/hard\libc_nano.a(libc_a-findfp.o)
                              C:/ST/STM32CubeIDE_1.19.0/STM32CubeIDE/plugins/com.st.stm32cube.ide.mcu.externaltools.gnu-tools-for-stm32.13.3.rel1.win32_1.0.0.202411081344/tools/bin/../lib/gcc/arm-none-eabi/13.3.1/../../../../arm-none-eabi/lib/thumb/v7e-m+fp/hard\libc_nano.a(libc_a-exit.o) (__stdio_exit_handler)
C:/ST/STM32CubeIDE_1.19.0/STM32CubeIDE/plugins/com.st.stm32cube.ide.mcu.externaltools.gnu-tools-for-stm32.13.3.rel1.win32_1.0.0.202411081344/tools/bin/../lib/gcc/arm-none-eabi/13.3.1/../../../../arm-none-eabi/lib/thumb/v7e-m+fp/hard\libc_nano.a(libc_a-fwalk.o)
                              C:/ST/STM32CubeIDE_1.19.0/STM32CubeIDE/plugins/com.st.stm32cube.ide.mcu.externaltools.gnu-tools-for-stm32.13.3.rel1.win32_1.0.0.202411081344/tools/bin/../lib/gcc/arm-none-eabi/13.3.1/../../../../arm-none-eabi/lib/thumb/v7e-m+fp/hard\libc_nano.a(libc_a-findfp.o) (_fwalk_sglue)
C:/ST/STM32CubeIDE_1.19.0/STM32CubeIDE/plugins/com.st.stm32cube.ide.mcu.externaltools.gnu-tools-for-stm32.13.3.rel1.win32_1.0.0.202411081344/tools/bin/../lib/gcc/arm-none-eabi/13.3.1/../../../../arm-none-eabi/lib/thumb/v7e-m+fp/hard\libc_nano.a(libc_a-printf.o)
                              ./App/Src/Services/Log/log_service.o (printf)
C:/ST/STM32CubeIDE_1.19.0/STM32CubeIDE/plugins/com.st.stm32cube.ide.mcu.externaltools.gnu-tools-for-stm32.13.3.rel1.win32_1.0.0.202411081344/tools/bin/../lib/gcc/arm-none-eabi/13.3.1/../../../../arm-none-eabi/lib/thumb/v7e-m+fp/hard\libc_nano.a(libc_a-setvbuf.o)
                              ./App/Src/Services/Log/log_service.o (setvbuf)
[...]
Memory Configuration

Name             Origin             Length             Attributes
RAM              0x20000000         0x00018000         xrw
RAM2             0x10000000         0x00008000         xrw
FLASH            0x08000000         0x00100000         xr
*default*        0x00000000         0xffffffff

Linker script and memory map

LOAD C:/ST/STM32CubeIDE_1.19.0/STM32CubeIDE/plugins/com.st.stm32cube.ide.mcu.externaltools.gnu-tools-for-stm32.13.3.rel1.win32_1.0.0.202411081344/tools/bin/../lib/gcc/arm-none-eabi/13.3.1/thumb/v7e-m+fp/hard/crti.o
LOAD C:/ST/STM32CubeIDE_1.19.0/STM32CubeIDE/plugins/com.st.stm32cube.ide.mcu.externaltools.gnu-tools-for-stm32.13.3.rel1.win32_1.0.0.202411081344/tools/bin/../lib/gcc/arm-none-eabi/13.3.1/thumb/v7e-m+fp/hard/crtbegin.o
LOAD C:/ST/STM32CubeIDE_1.19.0/STM32CubeIDE/plugins/com.st.stm32cube.ide.mcu.externaltools.gnu-tools-for-stm32.13.3.rel1.win32_1.0.0.202411081344/tools/bin/../lib/gcc/arm-none-eabi/13.3.1/../../../../arm-none-eabi/lib/thumb/v7e-m+fp/hard/crt0.o
LOAD ./App/Src/Protocol/Requests/fpga_status_request.o
LOAD ./App/Src/Protocol/Requests/led_control_request.o
LOAD ./App/Src/Protocol/Requests/move_end_request.o
LOAD ./App/Src/Protocol/Requests/move_home_request.o
LOAD ./App/Src/Protocol/Requests/move_probe_level_request.o
LOAD ./App/Src/Protocol/Requests/move_queue_add_request.o
LOAD ./App/Src/Protocol/Requests/move_queue_status_request.o
LOAD ./App/Src/Protocol/Requests/start_move_request.o
LOAD ./App/Src/Protocol/Responses/home_status_response.o
LOAD ./App/Src/Protocol/Responses/led_control_response.o
LOAD ./App/Src/Protocol/Responses/move_end_response.o
LOAD ./App/Src/Protocol/Responses/move_home_response.o
LOAD ./App/Src/Protocol/Responses/move_probe_level_response.o
LOAD ./App/Src/Protocol/Responses/move_queue_add_ack_response.o
LOAD ./App/Src/Protocol/Responses/move_queue_status_response.o
LOAD ./App/Src/Protocol/Responses/start_move_response.o
LOAD ./App/Src/Protocol/router.o
LOAD ./App/Src/Services/Home/home_service.o
LOAD ./App/Src/Services/Led/led_service.o
LOAD ./App/Src/Services/Log/log_service.o
LOAD ./App/Src/Services/Motion/motion_service.o
LOAD ./App/Src/Services/Probe/probe_service.o
LOAD ./App/Src/Services/Safety/safety_service.o
LOAD ./App/Src/Services/Test/test_spi_service.o
LOAD ./App/Src/Services/service_adapters.o
LOAD ./App/Src/app.o
LOAD ./App/Src/board_config.o
LOAD ./Core/Src/dma.o
LOAD ./Core/Src/gpio.o
LOAD ./Core/Src/main.o
LOAD ./Core/Src/spi.o
LOAD ./Core/Src/stm32l4xx_hal_msp.o
LOAD ./Core/Src/stm32l4xx_it.o
LOAD ./Core/Src/syscalls.o
LOAD ./Core/Src/sysmem.o
LOAD ./Core/Src/system_stm32l4xx.o
LOAD ./Core/Src/tim.o
LOAD ./Core/Src/usart.o
LOAD ./Core/Startup/startup_stm32l475vgtx.o
LOAD ./Drivers/STM32L4xx_HAL_Driver/Src/stm32l4xx_hal.o
LOAD ./Drivers/STM32L4xx_HAL_Driver/Src/stm32l4xx_hal_cortex.o
LOAD ./Drivers/STM32L4xx_HAL_Driver/Src/stm32l4xx_hal_dma.o
LOAD ./Drivers/STM32L4xx_HAL_Driver/Src/stm32l4xx_hal_dma_ex.o
LOAD ./Drivers/STM32L4xx_HAL_Driver/Src/stm32l4xx_hal_exti.o
LOAD ./Drivers/STM32L4xx_HAL_Driver/Src/stm32l4xx_hal_flash.o
LOAD ./Drivers/STM32L4xx_HAL_Driver/Src/stm32l4xx_hal_flash_ex.o
LOAD ./Drivers/STM32L4xx_HAL_Driver/Src/stm32l4xx_hal_flash_ramfunc.o
LOAD ./Drivers/STM32L4xx_HAL_Driver/Src/stm32l4xx_hal_gpio.o
LOAD ./Drivers/STM32L4xx_HAL_Driver/Src/stm32l4xx_hal_i2c.o
LOAD ./Drivers/STM32L4xx_HAL_Driver/Src/stm32l4xx_hal_i2c_ex.o
LOAD ./Drivers/STM32L4xx_HAL_Driver/Src/stm32l4xx_hal_pwr.o
LOAD ./Drivers/STM32L4xx_HAL_Driver/Src/stm32l4xx_hal_pwr_ex.o
LOAD ./Drivers/STM32L4xx_HAL_Driver/Src/stm32l4xx_hal_rcc.o
LOAD ./Drivers/STM32L4xx_HAL_Driver/Src/stm32l4xx_hal_rcc_ex.o
LOAD ./Drivers/STM32L4xx_HAL_Driver/Src/stm32l4xx_hal_spi.o
LOAD ./Drivers/STM32L4xx_HAL_Driver/Src/stm32l4xx_hal_spi_ex.o
LOAD ./Drivers/STM32L4xx_HAL_Driver/Src/stm32l4xx_hal_tim.o
LOAD ./Drivers/STM32L4xx_HAL_Driver/Src/stm32l4xx_hal_tim_ex.o
LOAD ./Drivers/STM32L4xx_HAL_Driver/Src/stm32l4xx_hal_uart.o
LOAD ./Drivers/STM32L4xx_HAL_Driver/Src/stm32l4xx_hal_uart_ex.o
START GROUP
LOAD C:/ST/STM32CubeIDE_1.19.0/STM32CubeIDE/plugins/com.st.stm32cube.ide.mcu.externaltools.gnu-tools-for-stm32.13.3.rel1.win32_1.0.0.202411081344/tools/bin/../lib/gcc/arm-none-eabi/13.3.1/../../../../arm-none-eabi/lib/thumb/v7e-m+fp/hard\libc_nano.a
LOAD C:/ST/STM32CubeIDE_1.19.0/STM32CubeIDE/plugins/com.st.stm32cube.ide.mcu.externaltools.gnu-tools-for-stm32.13.3.rel1.win32_1.0.0.202411081344/tools/bin/../lib/gcc/arm-none-eabi/13.3.1/../../../../arm-none-eabi/lib/thumb/v7e-m+fp/hard\libm.a
END GROUP
START GROUP
LOAD C:/ST/STM32CubeIDE_1.19.0/STM32CubeIDE/plugins/com.st.stm32cube.ide.mcu.externaltools.gnu-tools-for-stm32.13.3.rel1.win32_1.0.0.202411081344/tools/bin/../lib/gcc/arm-none-eabi/13.3.1/thumb/v7e-m+fp/hard\libgcc.a
LOAD C:/ST/STM32CubeIDE_1.19.0/STM32CubeIDE/plugins/com.st.stm32cube.ide.mcu.externaltools.gnu-tools-for-stm32.13.3.rel1.win32_1.0.0.202411081344/tools/bin/../lib/gcc/arm-none-eabi/13.3.1/../../../../arm-none-eabi/lib/thumb/v7e-m+fp/hard\libc_nano.a
END GROUP
START GROUP
LOAD C:/ST/STM32CubeIDE_1.19.0/STM32CubeIDE/plugins/com.st.stm32cube.ide.mcu.externaltools.gnu-tools-for-stm32.13.3.rel1.win32_1.0.0.202411081344/tools/bin/../lib/gcc/arm-none-eabi/13.3.1/thumb/v7e-m+fp/hard\libgcc.a
LOAD C:/ST/STM32CubeIDE_1.19.0/STM32CubeIDE/plugins/com.st.stm32cube.ide.mcu.externaltools.gnu-tools-for-stm32.13.3.rel1.win32_1.0.0.202411081344/tools/bin/../lib/gcc/arm-none-eabi/13.3.1/../../../../arm-none-eabi/lib/thumb/v7e-m+fp/hard\libc_nano.a
LOAD C:/ST/STM32CubeIDE_1.19.0/STM32CubeIDE/plugins/com.st.stm32cube.ide.mcu.externaltools.gnu-tools-for-stm32.13.3.rel1.win32_1.0.0.202411081344/tools/bin/../lib/gcc/arm-none-eabi/13.3.1/../../../../arm-none-eabi/lib/thumb/v7e-m+fp/hard\libnosys.a
END GROUP
START GROUP
LOAD C:/ST/STM32CubeIDE_1.19.0/STM32CubeIDE/plugins/com.st.stm32cube.ide.mcu.externaltools.gnu-tools-for-stm32.13.3.rel1.win32_1.0.0.202411081344/tools/bin/../lib/gcc/arm-none-eabi/13.3.1/thumb/v7e-m+fp/hard\libgcc.a
LOAD C:/ST/STM32CubeIDE_1.19.0/STM32CubeIDE/plugins/com.st.stm32cube.ide.mcu.externaltools.gnu-tools-for-stm32.13.3.rel1.win32_1.0.0.202411081344/tools/bin/../lib/gcc/arm-none-eabi/13.3.1/../../../../arm-none-eabi/lib/thumb/v7e-m+fp/hard\libc_nano.a
LOAD C:/ST/STM32CubeIDE_1.19.0/STM32CubeIDE/plugins/com.st.stm32cube.ide.mcu.externaltools.gnu-tools-for-stm32.13.3.rel1.win32_1.0.0.202411081344/tools/bin/../lib/gcc/arm-none-eabi/13.3.1/../../../../arm-none-eabi/lib/thumb/v7e-m+fp/hard\libnosys.a
END GROUP
LOAD C:/ST/STM32CubeIDE_1.19.0/STM32CubeIDE/plugins/com.st.stm32cube.ide.mcu.externaltools.gnu-tools-for-stm32.13.3.rel1.win32_1.0.0.202411081344/tools/bin/../lib/gcc/arm-none-eabi/13.3.1/thumb/v7e-m+fp/hard/crtend.o
LOAD C:/ST/STM32CubeIDE_1.19.0/STM32CubeIDE/plugins/com.st.stm32cube.ide.mcu.externaltools.gnu-tools-for-stm32.13.3.rel1.win32_1.0.0.202411081344/tools/bin/../lib/gcc/arm-none-eabi/13.3.1/thumb/v7e-m+fp/hard/crtn.o
                0x20018000                        _estack = (ORIGIN (RAM) + LENGTH (RAM))
                0x00000200                        _Min_Heap_Size = 0x200
                0x00000400                        _Min_Stack_Size = 0x400

.isr_vector     0x08000000      0x188
                0x08000000                        . = ALIGN (0x4)
 *(.isr_vector)
 .isr_vector    0x08000000      0x188 ./Core/Startup/startup_stm32l475vgtx.o
                0x08000000                g_pfnVectors
                0x08000188                        . = ALIGN (0x4)

.text           0x08000190     0xbdfc
                0x08000190                        . = ALIGN (0x4)
 *(.text)
 .text          0x08000190       0x40 C:/ST/STM32CubeIDE_1.19.0/STM32CubeIDE/plugins/com.st.stm32cube.ide.mcu.externaltools.gnu-tools-for-stm32.13.3.rel1.win32_1.0.0.202411081344/tools/bin/../lib/gcc/arm-none-eabi/13.3.1/thumb/v7e-m+fp/hard/crtbegin.o
 .text          0x080001d0       0xa0 C:/ST/STM32CubeIDE_1.19.0/STM32CubeIDE/plugins/com.st.stm32cube.ide.mcu.externaltools.gnu-tools-for-stm32.13.3.rel1.win32_1.0.0.202411081344/tools/bin/../lib/gcc/arm-none-eabi/13.3.1/../../../../arm-none-eabi/lib/thumb/v7e-m+fp/hard\libc_nano.a(libc_a-memchr.o)
                0x080001d0                memchr
 .text          0x08000270       0x30 C:/ST/STM32CubeIDE_1.19.0/STM32CubeIDE/plugins/com.st.stm32cube.ide.mcu.externaltools.gnu-tools-for-stm32.13.3.rel1.win32_1.0.0.202411081344/tools/bin/../lib/gcc/arm-none-eabi/13.3.1/thumb/v7e-m+fp/hard\libgcc.a(_aeabi_uldivmod.o)
                0x08000270                __aeabi_uldivmod
 .text          0x080002a0      0x2f8 C:/ST/STM32CubeIDE_1.19.0/STM32CubeIDE/plugins/com.st.stm32cube.ide.mcu.externaltools.gnu-tools-for-stm32.13.3.rel1.win32_1.0.0.202411081344/tools/bin/../lib/gcc/arm-none-eabi/13.3.1/thumb/v7e-m+fp/hard\libgcc.a(_udivmoddi4.o)
                0x080002a0                __udivmoddi4
 .text          0x08000598        0x4 C:/ST/STM32CubeIDE_1.19.0/STM32CubeIDE/plugins/com.st.stm32cube.ide.mcu.externaltools.gnu-tools-for-stm32.13.3.rel1.win32_1.0.0.202411081344/tools/bin/../lib/gcc/arm-none-eabi/13.3.1/thumb/v7e-m+fp/hard\libgcc.a(_dvmd_tls.o)
                0x08000598                __aeabi_idiv0
                0x08000598                __aeabi_ldiv0
 *(.text*)
 .text.has_header_tail
                0x0800059c       0x4e ./App/Src/Protocol/Requests/led_control_request.o
 .text.be16_read
                0x080005ea       0x2c ./App/Src/Protocol/Requests/led_control_request.o
 .text.frame_expect_req
                0x08000616       0x52 ./App/Src/Protocol/Requests/led_control_request.o
 .text.led_ctrl_req_decoder
                0x08000668       0x7c ./App/Src/Protocol/Requests/led_control_request.o
                0x08000668                led_ctrl_req_decoder
 .text.xor_reduce_bytes
                0x080006e4       0x3e ./App/Src/Protocol/Responses/led_control_response.o
 .text.set_parity_byte
                0x08000722       0x3a ./App/Src/Protocol/Responses/led_control_response.o
 .text.resp_init
                0x0800075c       0x26 ./App/Src/Protocol/Responses/led_control_response.o
 .text.resp_set_tail
                0x08000782       0x20 ./App/Src/Protocol/Responses/led_control_response.o
 .text.parity_set_byte_1N
                0x080007a2       0x22 ./App/Src/Protocol/Responses/led_control_response.o
 .text.led_ctrl_resp_encoder
                0x080007c4       0x66 ./App/Src/Protocol/Responses/led_control_response.o
                0x080007c4                led_ctrl_resp_encoder
 *fill*         0x0800082a        0x2 
 .text.router_init
                0x0800082c       0x44 ./App/Src/Protocol/router.o
                0x0800082c                router_init
 .text.is_req_complete
                0x08000870       0x56 ./App/Src/Protocol/router.o
 *fill*         0x080008c6        0x2 
 .text.dispatch
                0x080008c8      0x18c ./App/Src/Protocol/router.o
 .text.router_feed_bytes
                0x08000a54       0x96 ./App/Src/Protocol/router.o
                0x08000a54                router_feed_bytes
 .text.resp_fifo_create
                0x08000aea       0x1c ./App/Src/Protocol/router.o
                0x08000aea                resp_fifo_create
 .text.resp_fifo_push
                0x08000b06       0xa8 ./App/Src/Protocol/router.o
                0x08000b06                resp_fifo_push
 .text.resp_fifo_pop
                0x08000bae       0x8a ./App/Src/Protocol/router.o
                0x08000bae                resp_fifo_pop
 .text.home_on_move_home
                0x08000c38       0x3c ./App/Src/Services/Home/home_service.o
                0x08000c38                home_on_move_home
 .text.led_push_response
                0x08000c74       0x90 ./App/Src/Services/Led/led_service.o
 .text.led_timer_get_clock
                0x08000d04       0x38 ./App/Src/Services/Led/led_service.o
 .text.led_compute_period_ticks
                0x08000d3c       0xf4 ./App/Src/Services/Led/led_service.o
 .text.led_apply_pwm
                0x08000e30       0x60 ./App/Src/Services/Led/led_service.o
 .text.led_force_off
                0x08000e90       0x3c ./App/Src/Services/Led/led_service.o
 .text.led_force_on
                0x08000ecc       0x48 ./App/Src/Services/Led/led_service.o
 .text.led_force_blink
                0x08000f14       0x64 ./App/Src/Services/Led/led_service.o
 .text.led_apply_config
                0x08000f78       0x6c ./App/Src/Services/Led/led_service.o
 .text.led_pwm_start
                0x08000fe4       0x20 ./App/Src/Services/Led/led_service.o
 .text.led_service_init
                0x08001004      0x184 ./App/Src/Services/Led/led_service.o
                0x08001004                led_service_init
 .text.led_on_led_ctrl
                0x08001188      0x1ec ./App/Src/Services/Led/led_service.o
                0x08001188                led_on_led_ctrl
 .text.log_service_init
                0x08001374       0x1c ./App/Src/Services/Log/log_service.o
                0x08001374                log_service_init
 .text.log_event_ids
                0x08001390       0x28 ./App/Src/Services/Log/log_service.o
                0x08001390                log_event_ids
 .text.log_event_names
                0x080013b8       0x48 ./App/Src/Services/Log/log_service.o
                0x080013b8                log_event_names
 .text._write   0x08001400       0x4c ./App/Src/Services/Log/log_service.o
                0x08001400                _write
 .text.log_event_auto
                0x0800144c       0x8c ./App/Src/Services/Log/log_service.o
                0x0800144c                log_event_auto
 .text.motion_on_move_queue_add
                0x080014d8       0x60 ./App/Src/Services/Motion/motion_service.o
                0x080014d8                motion_on_move_queue_add
 .text.motion_on_move_queue_status
                0x08001538       0x4c ./App/Src/Services/Motion/motion_service.o
                0x08001538                motion_on_move_queue_status
 .text.motion_on_start_move
                0x08001584       0x64 ./App/Src/Services/Motion/motion_service.o
                0x08001584                motion_on_start_move
 .text.motion_on_move_end
                0x080015e8       0x48 ./App/Src/Services/Motion/motion_service.o
                0x080015e8                motion_on_move_end
 .text.probe_on_move_probe_level
                0x08001630       0x3c ./App/Src/Services/Probe/probe_service.o
                0x08001630                probe_on_move_probe_level
 .text.test_spi_service_init
                0x0800166c        0xe ./App/Src/Services/Test/test_spi_service.o
                0x0800166c                test_spi_service_init
 .text.test_spi_send_hello
                0x0800167a       0x36 ./App/Src/Services/Test/test_spi_service.o
                0x0800167a                test_spi_send_hello
 .text.h_move_queue_add
                0x080016b0       0x1c ./App/Src/Services/service_adapters.o
 .text.h_move_queue_status
                0x080016cc       0x1c ./App/Src/Services/service_adapters.o
 .text.h_start_move
                0x080016e8       0x1c ./App/Src/Services/service_adapters.o
 .text.h_move_home
                0x08001704       0x1c ./App/Src/Services/service_adapters.o
 .text.h_move_probe_level
                0x08001720       0x1c ./App/Src/Services/service_adapters.o
 .text.h_move_end
                0x0800173c       0x1c ./App/Src/Services/service_adapters.o
 .text.h_led_ctrl
                0x08001758       0x1c ./App/Src/Services/service_adapters.o
 .text.h_fpga_status
                0x08001774       0x18 ./App/Src/Services/service_adapters.o
 .text.services_register_handlers
                0x0800178c       0x6c ./App/Src/Services/service_adapters.o
                0x0800178c                services_register_handlers
 .text.app_spi_clean_dcache
                0x080017f8       0x16 ./App/Src/app.o
 .text.app_spi_invalidate_dcache
                0x0800180e       0x16 ./App/Src/app.o
 .text.app_init
                0x08001824       0xbc ./App/Src/app.o
                0x08001824                app_init
 .text.app_poll
                0x080018e0       0xc8 ./App/Src/app.o
                0x080018e0                app_poll
 .text.app_on_spi_txrx_half_complete
                0x080019a8       0x34 ./App/Src/app.o
                0x080019a8                app_on_spi_txrx_half_complete
 .text.app_on_spi_txrx_complete
                0x080019dc       0x28 ./App/Src/app.o
                0x080019dc                app_on_spi_txrx_complete
 .text.app_on_spi_tx_complete
                0x08001a04       0x34 ./App/Src/app.o
                0x08001a04                app_on_spi_tx_complete
 .text.app_resp_push
                0x08001a38       0x40 ./App/Src/app.o
                0x08001a38                app_resp_push
 .text.app_spi_queue_reset
                0x08001a78       0x40 ./App/Src/app.o
 .text.app_spi_prime_tx_buffer
                0x08001ab8       0x2c ./App/Src/app.o
 .text.app_spi_compute_status
                0x08001ae4       0x24 ./App/Src/app.o
 .text.app_spi_restart_dma
                0x08001b08       0x68 ./App/Src/app.o
 .text.app_spi_try_restart_dma
                0x08001b70       0x3c ./App/Src/app.o
 .text.app_spi_locate_frame
                0x08001bac       0xa6 ./App/Src/app.o
 *fill*         0x08001c52        0x2 
 .text.app_spi_queue_push_isr
                0x08001c54       0xa4 ./App/Src/app.o
 .text.app_spi_queue_pop
                0x08001cf8       0xb4 ./App/Src/app.o
 .text.app_spi_handle_txrx_complete
                0x08001dac       0x94 ./App/Src/app.o
 .text.configure_encoder_timer
                0x08001e40       0x82 ./App/Src/board_config.o
 .text.configure_output
                0x08001ec2       0x40 ./App/Src/board_config.o
 *fill*         0x08001f02        0x2 
 .text.board_config_apply_motion_gpio
                0x08001f04       0xb4 ./App/Src/board_config.o
                0x08001f04                board_config_apply_motion_gpio
 .text.board_config_force_encoder_quadrature
                0x08001fb8       0x28 ./App/Src/board_config.o
                0x08001fb8                board_config_force_encoder_quadrature
 .text.board_config_remap_tim3_encoder_pins
                0x08001fe0       0x68 ./App/Src/board_config.o
                0x08001fe0                board_config_remap_tim3_encoder_pins
 .text.board_config_apply_interrupt_priorities
                0x08002048       0xb8 ./App/Src/board_config.o
                0x08002048                board_config_apply_interrupt_priorities
 .text.MX_DMA_Init
                0x08002100       0x4c ./Core/Src/dma.o
                0x08002100                MX_DMA_Init
 .text.MX_GPIO_Init
                0x0800214c      0x164 ./Core/Src/gpio.o
                0x0800214c                MX_GPIO_Init
 .text.main     0x080022b0       0x4e ./Core/Src/main.o
                0x080022b0                main
 .text.SystemClock_Config
                0x080022fe       0xa6 ./Core/Src/main.o
                0x080022fe                SystemClock_Config
 .text.HAL_SPI_TxRxHalfCpltCallback
                0x080023a4       0x16 ./Core/Src/main.o
                0x080023a4                HAL_SPI_TxRxHalfCpltCallback
 .text.HAL_SPI_TxRxCpltCallback
                0x080023ba       0x16 ./Core/Src/main.o
                0x080023ba                HAL_SPI_TxRxCpltCallback
 .text.HAL_SPI_TxCpltCallback
                0x080023d0       0x16 ./Core/Src/main.o
                0x080023d0                HAL_SPI_TxCpltCallback
 *fill*         0x080023e6        0x2 
 .text.Error_Handler
                0x080023e8       0x30 ./Core/Src/main.o
                0x080023e8                Error_Handler
 .text.assert_failed
                0x08002418       0x16 ./Core/Src/main.o
                0x08002418                assert_failed
 *fill*         0x0800242e        0x2 
 .text.MX_SPI1_Init
                0x08002430       0x70 ./Core/Src/spi.o
                0x08002430                MX_SPI1_Init
 .text.HAL_SPI_MspInit
                0x080024a0      0x14c ./Core/Src/spi.o
                0x080024a0                HAL_SPI_MspInit
 .text.HAL_MspInit
                0x080025ec       0x48 ./Core/Src/stm32l4xx_hal_msp.o
                0x080025ec                HAL_MspInit
 .text.NMI_Handler
                0x08002634        0x8 ./Core/Src/stm32l4xx_it.o
                0x08002634                NMI_Handler
 .text.HardFault_Handler
                0x0800263c        0x8 ./Core/Src/stm32l4xx_it.o
                0x0800263c                HardFault_Handler
 .text.MemManage_Handler
                0x08002644        0x8 ./Core/Src/stm32l4xx_it.o
                0x08002644                MemManage_Handler
 .text.BusFault_Handler
                0x0800264c        0x8 ./Core/Src/stm32l4xx_it.o
                0x0800264c                BusFault_Handler
 .text.UsageFault_Handler
                0x08002654        0x8 ./Core/Src/stm32l4xx_it.o
                0x08002654                UsageFault_Handler
 .text.SVC_Handler
                0x0800265c        0xe ./Core/Src/stm32l4xx_it.o
                0x0800265c                SVC_Handler
 .text.DebugMon_Handler
                0x0800266a        0xe ./Core/Src/stm32l4xx_it.o
                0x0800266a                DebugMon_Handler
 .text.PendSV_Handler
                0x08002678        0xe ./Core/Src/stm32l4xx_it.o
                0x08002678                PendSV_Handler
 .text.SysTick_Handler
                0x08002686        0xc ./Core/Src/stm32l4xx_it.o
                0x08002686                SysTick_Handler
 *fill*         0x08002692        0x2 
 .text.DMA1_Channel2_IRQHandler
                0x08002694       0x14 ./Core/Src/stm32l4xx_it.o
                0x08002694                DMA1_Channel2_IRQHandler
 .text.DMA1_Channel3_IRQHandler
                0x080026a8       0x14 ./Core/Src/stm32l4xx_it.o
                0x080026a8                DMA1_Channel3_IRQHandler
 .text.SPI1_IRQHandler
                0x080026bc       0x14 ./Core/Src/stm32l4xx_it.o
                0x080026bc                SPI1_IRQHandler
 .text.TIM6_DAC_IRQHandler
                0x080026d0       0x14 ./Core/Src/stm32l4xx_it.o
                0x080026d0                TIM6_DAC_IRQHandler
 .text.TIM7_IRQHandler
                0x080026e4       0x14 ./Core/Src/stm32l4xx_it.o
                0x080026e4                TIM7_IRQHandler
 .text.EXTI0_IRQHandler
                0x080026f8        0xe ./Core/Src/stm32l4xx_it.o
                0x080026f8                EXTI0_IRQHandler
 .text.EXTI1_IRQHandler
                0x08002706        0xe ./Core/Src/stm32l4xx_it.o
                0x08002706                EXTI1_IRQHandler
 .text.EXTI2_IRQHandler
                0x08002714        0xe ./Core/Src/stm32l4xx_it.o
                0x08002714                EXTI2_IRQHandler
 .text.EXTI15_10_IRQHandler
                0x08002722       0x10 ./Core/Src/stm32l4xx_it.o
                0x08002722                EXTI15_10_IRQHandler
 .text._read    0x08002732       0x3a ./Core/Src/syscalls.o
                0x08002732                _read
 .text._close   0x0800276c       0x18 ./Core/Src/syscalls.o
                0x0800276c                _close
 .text._fstat   0x08002784       0x20 ./Core/Src/syscalls.o
                0x08002784                _fstat
 .text._isatty  0x080027a4       0x16 ./Core/Src/syscalls.o
                0x080027a4                _isatty
 .text._lseek   0x080027ba       0x1a ./Core/Src/syscalls.o
                0x080027ba                _lseek
 .text._sbrk    0x080027d4       0x6c ./Core/Src/sysmem.o
                0x080027d4                _sbrk
 .text.SystemInit
                0x08002840       0x24 ./Core/Src/system_stm32l4xx.o
                0x08002840                SystemInit
 .text.MX_TIM2_Init
                0x08002864       0xa8 ./Core/Src/tim.o
                0x08002864                MX_TIM2_Init
 .text.MX_TIM3_Init
                0x0800290c       0xac ./Core/Src/tim.o
                0x0800290c                MX_TIM3_Init
 .text.MX_TIM5_Init
                0x080029b8       0xac ./Core/Src/tim.o
                0x080029b8                MX_TIM5_Init
 .text.MX_TIM6_Init
                0x08002a64       0x6c ./Core/Src/tim.o
                0x08002a64                MX_TIM6_Init
 .text.MX_TIM7_Init
                0x08002ad0       0x6c ./Core/Src/tim.o
                0x08002ad0                MX_TIM7_Init
 .text.MX_TIM15_Init
                0x08002b3c      0x144 ./Core/Src/tim.o
                0x08002b3c                MX_TIM15_Init
 .text.HAL_TIM_Encoder_MspInit
                0x08002c80      0x184 ./Core/Src/tim.o
                0x08002c80                HAL_TIM_Encoder_MspInit
 .text.HAL_TIM_Base_MspInit
                0x08002e04       0xac ./Core/Src/tim.o
                0x08002e04                HAL_TIM_Base_MspInit
 .text.HAL_TIM_MspPostInit
                0x08002eb0       0xac ./Core/Src/tim.o
                0x08002eb0                HAL_TIM_MspPostInit
 .text.MX_USART1_UART_Init
                0x08002f5c       0x60 ./Core/Src/usart.o
                0x08002f5c                MX_USART1_UART_Init
 .text.HAL_UART_MspInit
                0x08002fbc       0xbc ./Core/Src/usart.o
                0x08002fbc                HAL_UART_MspInit
 .text.Reset_Handler
                0x08003078       0x50 ./Core/Startup/startup_stm32l475vgtx.o
                0x08003078                Reset_Handler
 .text.Default_Handler
                0x080030c8        0x2 ./Core/Startup/startup_stm32l475vgtx.o
                0x080030c8                RTC_Alarm_IRQHandler
                0x080030c8                TIM8_TRG_COM_IRQHandler
                0x080030c8                TIM8_CC_IRQHandler
                0x080030c8                TIM1_CC_IRQHandler
                0x080030c8                TSC_IRQHandler
                0x080030c8                TAMP_STAMP_IRQHandler
                0x080030c8                EXTI3_IRQHandler
                0x080030c8                LPTIM2_IRQHandler
                0x080030c8                DFSDM1_FLT1_IRQHandler
                0x080030c8                I2C3_ER_IRQHandler
                0x080030c8                DFSDM1_FLT2_IRQHandler
                0x080030c8                I2C2_EV_IRQHandler
                0x080030c8                CAN1_RX0_IRQHandler
                0x080030c8                FPU_IRQHandler
                0x080030c8                TIM1_UP_TIM16_IRQHandler
                0x080030c8                ADC1_2_IRQHandler
                0x080030c8                TIM8_UP_IRQHandler
                0x080030c8                DMA2_Channel2_IRQHandler
                0x080030c8                DMA1_Channel4_IRQHandler
                0x080030c8                SAI2_IRQHandler
                0x080030c8                DFSDM1_FLT3_IRQHandler
                0x080030c8                USART3_IRQHandler
                0x080030c8                DMA1_Channel7_IRQHandler
                0x080030c8                CAN1_RX1_IRQHandler
                0x080030c8                UART5_IRQHandler
                0x080030c8                ADC3_IRQHandler
                0x080030c8                TIM4_IRQHandler
                0x080030c8                DMA2_Channel1_IRQHandler
                0x080030c8                QUADSPI_IRQHandler
                0x080030c8                I2C1_EV_IRQHandler
                0x080030c8                DMA1_Channel6_IRQHandler
                0x080030c8                UART4_IRQHandler
                0x080030c8                DMA2_Channel4_IRQHandler
                0x080030c8                TIM3_IRQHandler
                0x080030c8                RCC_IRQHandler
                0x080030c8                DMA1_Channel1_IRQHandler
                0x080030c8                Default_Handler
                0x080030c8                DMA2_Channel7_IRQHandler
                0x080030c8                SDMMC1_IRQHandler
                0x080030c8                TIM5_IRQHandler
                0x080030c8                I2C3_EV_IRQHandler
                0x080030c8                EXTI9_5_IRQHandler
                0x080030c8                RTC_WKUP_IRQHandler
                0x080030c8                PVD_PVM_IRQHandler
                0x080030c8                SPI2_IRQHandler
                0x080030c8                CAN1_TX_IRQHandler
                0x080030c8                DMA2_Channel5_IRQHandler
                0x080030c8                DMA1_Channel5_IRQHandler
                0x080030c8                EXTI4_IRQHandler
                0x080030c8                RNG_IRQHandler
                0x080030c8                TIM1_TRG_COM_TIM17_IRQHandler
                0x080030c8                COMP_IRQHandler
                0x080030c8                WWDG_IRQHandler
                0x080030c8                LPUART1_IRQHandler
                0x080030c8                DMA2_Channel6_IRQHandler
                0x080030c8                TIM2_IRQHandler
                0x080030c8                USART2_IRQHandler
                0x080030c8                DFSDM1_FLT0_IRQHandler
                0x080030c8                I2C2_ER_IRQHandler
                0x080030c8                TIM8_BRK_IRQHandler
                0x080030c8                CAN1_SCE_IRQHandler
                0x080030c8                FLASH_IRQHandler
                0x080030c8                USART1_IRQHandler
                0x080030c8                OTG_FS_IRQHandler
                0x080030c8                SPI3_IRQHandler
                0x080030c8                I2C1_ER_IRQHandler
                0x080030c8                FMC_IRQHandler
                0x080030c8                SWPMI1_IRQHandler
                0x080030c8                LPTIM1_IRQHandler
                0x080030c8                SAI1_IRQHandler
                0x080030c8                DMA2_Channel3_IRQHandler
                0x080030c8                TIM1_BRK_TIM15_IRQHandler
 .text.HAL_Init
                0x080030ca       0x30 ./Drivers/STM32L4xx_HAL_Driver/Src/stm32l4xx_hal.o
                0x080030ca                HAL_Init
 *fill*         0x080030fa        0x2 
 .text.HAL_InitTick
                0x080030fc       0x78 ./Drivers/STM32L4xx_HAL_Driver/Src/stm32l4xx_hal.o
                0x080030fc                HAL_InitTick
 .text.HAL_IncTick
                0x08003174       0x28 ./Drivers/STM32L4xx_HAL_Driver/Src/stm32l4xx_hal.o
                0x08003174                HAL_IncTick
 .text.HAL_GetTick
                0x0800319c       0x18 ./Drivers/STM32L4xx_HAL_Driver/Src/stm32l4xx_hal.o
                0x0800319c                HAL_GetTick
 .text.__NVIC_SetPriorityGrouping
                0x080031b4       0x48 ./Drivers/STM32L4xx_HAL_Driver/Src/stm32l4xx_hal_cortex.o
 .text.__NVIC_GetPriorityGrouping
                0x080031fc       0x1c ./Drivers/STM32L4xx_HAL_Driver/Src/stm32l4xx_hal_cortex.o
 .text.__NVIC_EnableIRQ
                0x08003218       0x3c ./Drivers/STM32L4xx_HAL_Driver/Src/stm32l4xx_hal_cortex.o
 .text.__NVIC_SetPriority
                0x08003254       0x54 ./Drivers/STM32L4xx_HAL_Driver/Src/stm32l4xx_hal_cortex.o
 .text.NVIC_EncodePriority
                0x080032a8       0x66 ./Drivers/STM32L4xx_HAL_Driver/Src/stm32l4xx_hal_cortex.o
 *fill*         0x0800330e        0x2 
 .text.SysTick_Config
                0x08003310       0x44 ./Drivers/STM32L4xx_HAL_Driver/Src/stm32l4xx_hal_cortex.o
 .text.HAL_NVIC_SetPriorityGrouping
                0x08003354       0x40 ./Drivers/STM32L4xx_HAL_Driver/Src/stm32l4xx_hal_cortex.o
                0x08003354                HAL_NVIC_SetPriorityGrouping
 .text.HAL_NVIC_SetPriority
                0x08003394       0x58 ./Drivers/STM32L4xx_HAL_Driver/Src/stm32l4xx_hal_cortex.o
                0x08003394                HAL_NVIC_SetPriority
 .text.HAL_NVIC_EnableIRQ
                0x080033ec       0x30 ./Drivers/STM32L4xx_HAL_Driver/Src/stm32l4xx_hal_cortex.o
                0x080033ec                HAL_NVIC_EnableIRQ
 .text.HAL_SYSTICK_Config
                0x0800341c       0x18 ./Drivers/STM32L4xx_HAL_Driver/Src/stm32l4xx_hal_cortex.o
                0x0800341c                HAL_SYSTICK_Config
 .text.HAL_DMA_Init
                0x08003434      0x370 ./Drivers/STM32L4xx_HAL_Driver/Src/stm32l4xx_hal_dma.o
                0x08003434                HAL_DMA_Init
 .text.HAL_DMA_Start_IT
                0x080037a4       0xdc ./Drivers/STM32L4xx_HAL_Driver/Src/stm32l4xx_hal_dma.o
                0x080037a4                HAL_DMA_Start_IT
 .text.HAL_DMA_Abort_IT
                0x08003880       0x82 ./Drivers/STM32L4xx_HAL_Driver/Src/stm32l4xx_hal_dma.o
                0x08003880                HAL_DMA_Abort_IT
 .text.HAL_DMA_IRQHandler
                0x08003902      0x15e ./Drivers/STM32L4xx_HAL_Driver/Src/stm32l4xx_hal_dma.o
                0x08003902                HAL_DMA_IRQHandler
 .text.DMA_SetConfig
                0x08003a60       0x60 ./Drivers/STM32L4xx_HAL_Driver/Src/stm32l4xx_hal_dma.o
 .text.HAL_GPIO_Init
                0x08003ac0      0x518 ./Drivers/STM32L4xx_HAL_Driver/Src/stm32l4xx_hal_gpio.o
                0x08003ac0                HAL_GPIO_Init
 .text.HAL_GPIO_DeInit
                0x08003fd8      0x254 ./Drivers/STM32L4xx_HAL_Driver/Src/stm32l4xx_hal_gpio.o
                0x08003fd8                HAL_GPIO_DeInit
 .text.HAL_GPIO_WritePin
                0x0800422c       0x58 ./Drivers/STM32L4xx_HAL_Driver/Src/stm32l4xx_hal_gpio.o
                0x0800422c                HAL_GPIO_WritePin
 .text.HAL_GPIO_EXTI_IRQHandler
                0x08004284       0x30 ./Drivers/STM32L4xx_HAL_Driver/Src/stm32l4xx_hal_gpio.o
                0x08004284                HAL_GPIO_EXTI_IRQHandler
 .text.HAL_GPIO_EXTI_Callback
                0x080042b4       0x16 ./Drivers/STM32L4xx_HAL_Driver/Src/stm32l4xx_hal_gpio.o
                0x080042b4                HAL_GPIO_EXTI_Callback
 *fill*         0x080042ca        0x2 
 .text.HAL_PWREx_GetVoltageRange
                0x080042cc       0x1c ./Drivers/STM32L4xx_HAL_Driver/Src/stm32l4xx_hal_pwr_ex.o
                0x080042cc                HAL_PWREx_GetVoltageRange
 .text.HAL_PWREx_ControlVoltageScaling
                0x080042e8       0xc4 ./Drivers/STM32L4xx_HAL_Driver/Src/stm32l4xx_hal_pwr_ex.o
                0x080042e8                HAL_PWREx_ControlVoltageScaling
 .text.HAL_RCC_OscConfig
                0x080043ac      0xa04 ./Drivers/STM32L4xx_HAL_Driver/Src/stm32l4xx_hal_rcc.o
                0x080043ac                HAL_RCC_OscConfig
 .text.HAL_RCC_ClockConfig
                0x08004db0      0x340 ./Drivers/STM32L4xx_HAL_Driver/Src/stm32l4xx_hal_rcc.o
                0x08004db0                HAL_RCC_ClockConfig
 .text.HAL_RCC_GetSysClockFreq
                0x080050f0      0x118 ./Drivers/STM32L4xx_HAL_Driver/Src/stm32l4xx_hal_rcc.o
                0x080050f0                HAL_RCC_GetSysClockFreq
 .text.HAL_RCC_GetHCLKFreq
                0x08005208       0x18 ./Drivers/STM32L4xx_HAL_Driver/Src/stm32l4xx_hal_rcc.o
                0x08005208                HAL_RCC_GetHCLKFreq
 .text.HAL_RCC_GetPCLK1Freq
                0x08005220       0x2c ./Drivers/STM32L4xx_HAL_Driver/Src/stm32l4xx_hal_rcc.o
                0x08005220                HAL_RCC_GetPCLK1Freq
 .text.HAL_RCC_GetPCLK2Freq
                0x0800524c       0x2c ./Drivers/STM32L4xx_HAL_Driver/Src/stm32l4xx_hal_rcc.o
                0x0800524c                HAL_RCC_GetPCLK2Freq
 .text.RCC_SetFlashLatencyFromMSIRange
                0x08005278       0xc0 ./Drivers/STM32L4xx_HAL_Driver/Src/stm32l4xx_hal_rcc.o
 .text.HAL_RCCEx_PeriphCLKConfig
                0x08005338      0x97c ./Drivers/STM32L4xx_HAL_Driver/Src/stm32l4xx_hal_rcc_ex.o
                0x08005338                HAL_RCCEx_PeriphCLKConfig
 .text.RCCEx_PLLSAI1_Config
                0x08005cb4      0x300 ./Drivers/STM32L4xx_HAL_Driver/Src/stm32l4xx_hal_rcc_ex.o
 .text.RCCEx_PLLSAI2_Config
                0x08005fb4      0x294 ./Drivers/STM32L4xx_HAL_Driver/Src/stm32l4xx_hal_rcc_ex.o
 .text.HAL_SPI_Init
                0x08006248      0x3dc ./Drivers/STM32L4xx_HAL_Driver/Src/stm32l4xx_hal_spi.o
                0x08006248                HAL_SPI_Init
 .text.HAL_SPI_Transmit_IT
                0x08006624      0x12c ./Drivers/STM32L4xx_HAL_Driver/Src/stm32l4xx_hal_spi.o
                0x08006624                HAL_SPI_Transmit_IT
 .text.HAL_SPI_TransmitReceive_DMA
                0x08006750      0x348 ./Drivers/STM32L4xx_HAL_Driver/Src/stm32l4xx_hal_spi.o
                0x08006750                HAL_SPI_TransmitReceive_DMA
 .text.HAL_SPI_IRQHandler
                0x08006a98      0x200 ./Drivers/STM32L4xx_HAL_Driver/Src/stm32l4xx_hal_spi.o
                0x08006a98                HAL_SPI_IRQHandler
 .text.HAL_SPI_RxCpltCallback
                0x08006c98       0x14 ./Drivers/STM32L4xx_HAL_Driver/Src/stm32l4xx_hal_spi.o
                0x08006c98                HAL_SPI_RxCpltCallback
 .text.HAL_SPI_RxHalfCpltCallback
                0x08006cac       0x14 ./Drivers/STM32L4xx_HAL_Driver/Src/stm32l4xx_hal_spi.o
                0x08006cac                HAL_SPI_RxHalfCpltCallback
 .text.HAL_SPI_ErrorCallback
                0x08006cc0       0x14 ./Drivers/STM32L4xx_HAL_Driver/Src/stm32l4xx_hal_spi.o
                0x08006cc0                HAL_SPI_ErrorCallback
 .text.HAL_SPI_GetState
                0x08006cd4       0x1c ./Drivers/STM32L4xx_HAL_Driver/Src/stm32l4xx_hal_spi.o
                0x08006cd4                HAL_SPI_GetState
 .text.SPI_DMAReceiveCplt
                0x08006cf0       0xa8 ./Drivers/STM32L4xx_HAL_Driver/Src/stm32l4xx_hal_spi.o
 .text.SPI_DMATransmitReceiveCplt
                0x08006d98       0x90 ./Drivers/STM32L4xx_HAL_Driver/Src/stm32l4xx_hal_spi.o
 .text.SPI_DMAHalfReceiveCplt
                0x08006e28       0x1c ./Drivers/STM32L4xx_HAL_Driver/Src/stm32l4xx_hal_spi.o
 .text.SPI_DMAHalfTransmitReceiveCplt
                0x08006e44       0x1c ./Drivers/STM32L4xx_HAL_Driver/Src/stm32l4xx_hal_spi.o
 .text.SPI_DMAError
                0x08006e60       0x40 ./Drivers/STM32L4xx_HAL_Driver/Src/stm32l4xx_hal_spi.o
 .text.SPI_DMAAbortOnError
                0x08006ea0       0x2a ./Drivers/STM32L4xx_HAL_Driver/Src/stm32l4xx_hal_spi.o
 .text.SPI_TxISR_8BIT
                0x08006eca       0x46 ./Drivers/STM32L4xx_HAL_Driver/Src/stm32l4xx_hal_spi.o
 .text.SPI_TxISR_16BIT
                0x08006f10       0x44 ./Drivers/STM32L4xx_HAL_Driver/Src/stm32l4xx_hal_spi.o
 .text.SPI_WaitFlagStateUntilTimeout
                0x08006f54      0x110 ./Drivers/STM32L4xx_HAL_Driver/Src/stm32l4xx_hal_spi.o
 .text.SPI_WaitFifoStateUntilTimeout
                0x08007064      0x12c ./Drivers/STM32L4xx_HAL_Driver/Src/stm32l4xx_hal_spi.o
 .text.SPI_EndRxTransaction
                0x08007190       0xb0 ./Drivers/STM32L4xx_HAL_Driver/Src/stm32l4xx_hal_spi.o
 .text.SPI_EndRxTxTransaction
                0x08007240       0x8c ./Drivers/STM32L4xx_HAL_Driver/Src/stm32l4xx_hal_spi.o
 .text.SPI_CloseTx_ISR
                0x080072cc       0x7e ./Drivers/STM32L4xx_HAL_Driver/Src/stm32l4xx_hal_spi.o
 *fill*         0x0800734a        0x2 
 .text.HAL_TIM_Base_Init
                0x0800734c      0x214 ./Drivers/STM32L4xx_HAL_Driver/Src/stm32l4xx_hal_tim.o
                0x0800734c                HAL_TIM_Base_Init
 .text.HAL_TIM_PWM_Init
                0x08007560      0x214 ./Drivers/STM32L4xx_HAL_Driver/Src/stm32l4xx_hal_tim.o
                0x08007560                HAL_TIM_PWM_Init
 .text.HAL_TIM_PWM_MspInit
                0x08007774       0x14 ./Drivers/STM32L4xx_HAL_Driver/Src/stm32l4xx_hal_tim.o
                0x08007774                HAL_TIM_PWM_MspInit
 .text.HAL_TIM_PWM_Start
                0x08007788      0x360 ./Drivers/STM32L4xx_HAL_Driver/Src/stm32l4xx_hal_tim.o
                0x08007788                HAL_TIM_PWM_Start
 .text.HAL_TIM_Encoder_Init
                0x08007ae8      0x384 ./Drivers/STM32L4xx_HAL_Driver/Src/stm32l4xx_hal_tim.o
                0x08007ae8                HAL_TIM_Encoder_Init
 .text.HAL_TIM_IRQHandler
                0x08007e6c      0x20e ./Drivers/STM32L4xx_HAL_Driver/Src/stm32l4xx_hal_tim.o
                0x08007e6c                HAL_TIM_IRQHandler
 *fill*         0x0800807a        0x2 
 .text.HAL_TIM_PWM_ConfigChannel
                0x0800807c      0x49c ./Drivers/STM32L4xx_HAL_Driver/Src/stm32l4xx_hal_tim.o
                0x0800807c                HAL_TIM_PWM_ConfigChannel
 .text.HAL_TIM_GenerateEvent
                0x08008518      0x108 ./Drivers/STM32L4xx_HAL_Driver/Src/stm32l4xx_hal_tim.o
                0x08008518                HAL_TIM_GenerateEvent
 .text.HAL_TIM_ConfigClockSource
                0x08008620      0x694 ./Drivers/STM32L4xx_HAL_Driver/Src/stm32l4xx_hal_tim.o
                0x08008620                HAL_TIM_ConfigClockSource
 .text.HAL_TIM_PeriodElapsedCallback
                0x08008cb4       0x14 ./Drivers/STM32L4xx_HAL_Driver/Src/stm32l4xx_hal_tim.o
                0x08008cb4                HAL_TIM_PeriodElapsedCallback
 .text.HAL_TIM_OC_DelayElapsedCallback
                0x08008cc8       0x14 ./Drivers/STM32L4xx_HAL_Driver/Src/stm32l4xx_hal_tim.o
                0x08008cc8                HAL_TIM_OC_DelayElapsedCallback
 .text.HAL_TIM_IC_CaptureCallback
                0x08008cdc       0x14 ./Drivers/STM32L4xx_HAL_Driver/Src/stm32l4xx_hal_tim.o
                0x08008cdc                HAL_TIM_IC_CaptureCallback
 .text.HAL_TIM_PWM_PulseFinishedCallback
                0x08008cf0       0x14 ./Drivers/STM32L4xx_HAL_Driver/Src/stm32l4xx_hal_tim.o
                0x08008cf0                HAL_TIM_PWM_PulseFinishedCallback
 .text.HAL_TIM_TriggerCallback
                0x08008d04       0x14 ./Drivers/STM32L4xx_HAL_Driver/Src/stm32l4xx_hal_tim.o
                0x08008d04                HAL_TIM_TriggerCallback
 .text.TIM_Base_SetConfig
                0x08008d18      0x14c ./Drivers/STM32L4xx_HAL_Driver/Src/stm32l4xx_hal_tim.o
                0x08008d18                TIM_Base_SetConfig
 .text.TIM_OC1_SetConfig
                0x08008e64      0x174 ./Drivers/STM32L4xx_HAL_Driver/Src/stm32l4xx_hal_tim.o
 .text.TIM_OC2_SetConfig
                0x08008fd8      0x164 ./Drivers/STM32L4xx_HAL_Driver/Src/stm32l4xx_hal_tim.o
                0x08008fd8                TIM_OC2_SetConfig
 .text.TIM_OC3_SetConfig
                0x0800913c      0x164 ./Drivers/STM32L4xx_HAL_Driver/Src/stm32l4xx_hal_tim.o
 .text.TIM_OC4_SetConfig
                0x080092a0       0xf0 ./Drivers/STM32L4xx_HAL_Driver/Src/stm32l4xx_hal_tim.o
 .text.TIM_OC5_SetConfig
                0x08009390       0xc8 ./Drivers/STM32L4xx_HAL_Driver/Src/stm32l4xx_hal_tim.o
 .text.TIM_OC6_SetConfig
                0x08009458       0xcc ./Drivers/STM32L4xx_HAL_Driver/Src/stm32l4xx_hal_tim.o
 .text.TIM_TI1_ConfigInputStage
                0x08009524       0x5e ./Drivers/STM32L4xx_HAL_Driver/Src/stm32l4xx_hal_tim.o
 .text.TIM_TI2_ConfigInputStage
                0x08009582       0x60 ./Drivers/STM32L4xx_HAL_Driver/Src/stm32l4xx_hal_tim.o
 .text.TIM_ITRx_SetConfig
                0x080095e2       0x36 ./Drivers/STM32L4xx_HAL_Driver/Src/stm32l4xx_hal_tim.o
 .text.TIM_ETR_SetConfig
                0x08009618       0x40 ./Drivers/STM32L4xx_HAL_Driver/Src/stm32l4xx_hal_tim.o
                0x08009618                TIM_ETR_SetConfig
 .text.TIM_CCxChannelCmd
                0x08009658       0xf0 ./Drivers/STM32L4xx_HAL_Driver/Src/stm32l4xx_hal_tim.o
                0x08009658                TIM_CCxChannelCmd
 .text.HAL_TIMEx_MasterConfigSynchronization
                0x08009748      0x2ac ./Drivers/STM32L4xx_HAL_Driver/Src/stm32l4xx_hal_tim_ex.o
                0x08009748                HAL_TIMEx_MasterConfigSynchronization
 .text.HAL_TIMEx_ConfigBreakDeadTime
                0x080099f4      0x270 ./Drivers/STM32L4xx_HAL_Driver/Src/stm32l4xx_hal_tim_ex.o
                0x080099f4                HAL_TIMEx_ConfigBreakDeadTime
 .text.HAL_TIMEx_CommutCallback
                0x08009c64       0x14 ./Drivers/STM32L4xx_HAL_Driver/Src/stm32l4xx_hal_tim_ex.o
                0x08009c64                HAL_TIMEx_CommutCallback
 .text.HAL_TIMEx_BreakCallback
                0x08009c78       0x14 ./Drivers/STM32L4xx_HAL_Driver/Src/stm32l4xx_hal_tim_ex.o
                0x08009c78                HAL_TIMEx_BreakCallback
 .text.HAL_TIMEx_Break2Callback
                0x08009c8c       0x14 ./Drivers/STM32L4xx_HAL_Driver/Src/stm32l4xx_hal_tim_ex.o
                0x08009c8c                HAL_TIMEx_Break2Callback
 .text.HAL_UART_Init
                0x08009ca0      0x150 ./Drivers/STM32L4xx_HAL_Driver/Src/stm32l4xx_hal_uart.o
                0x08009ca0                HAL_UART_Init
 .text.HAL_UART_Transmit
                0x08009df0      0x112 ./Drivers/STM32L4xx_HAL_Driver/Src/stm32l4xx_hal_uart.o
                0x08009df0                HAL_UART_Transmit
 *fill*         0x08009f02        0x2 
 .text.UART_SetConfig
                0x08009f04      0x6bc ./Drivers/STM32L4xx_HAL_Driver/Src/stm32l4xx_hal_uart.o
                0x08009f04                UART_SetConfig
 .text.UART_AdvFeatureConfig
                0x0800a5c0      0x2c0 ./Drivers/STM32L4xx_HAL_Driver/Src/stm32l4xx_hal_uart.o
                0x0800a5c0                UART_AdvFeatureConfig
 .text.UART_CheckIdleState
                0x0800a880      0x150 ./Drivers/STM32L4xx_HAL_Driver/Src/stm32l4xx_hal_uart.o
                0x0800a880                UART_CheckIdleState
 .text.UART_WaitOnFlagUntilTimeout
                0x0800a9d0       0xda ./Drivers/STM32L4xx_HAL_Driver/Src/stm32l4xx_hal_uart.o
                0x0800a9d0                UART_WaitOnFlagUntilTimeout
 .text.UART_EndRxTransfer
                0x0800aaaa       0xc8 ./Drivers/STM32L4xx_HAL_Driver/Src/stm32l4xx_hal_uart.o
 *fill*         0x0800ab72        0x2 
 .text.calloc   0x0800ab74       0x10 C:/ST/STM32CubeIDE_1.19.0/STM32CubeIDE/plugins/com.st.stm32cube.ide.mcu.externaltools.gnu-tools-for-stm32.13.3.rel1.win32_1.0.0.202411081344/tools/bin/../lib/gcc/arm-none-eabi/13.3.1/../../../../arm-none-eabi/lib/thumb/v7e-m+fp/hard\libc_nano.a(libc_a-calloc.o)
                0x0800ab74                calloc
 .text._calloc_r
                0x0800ab84       0x28 C:/ST/STM32CubeIDE_1.19.0/STM32CubeIDE/plugins/com.st.stm32cube.ide.mcu.externaltools.gnu-tools-for-stm32.13.3.rel1.win32_1.0.0.202411081344/tools/bin/../lib/gcc/arm-none-eabi/13.3.1/../../../../arm-none-eabi/lib/thumb/v7e-m+fp/hard\libc_nano.a(libc_a-callocr.o)
                0x0800ab84                _calloc_r
 .text.malloc   0x0800abac       0x10 C:/ST/STM32CubeIDE_1.19.0/STM32CubeIDE/plugins/com.st.stm32cube.ide.mcu.externaltools.gnu-tools-for-stm32.13.3.rel1.win32_1.0.0.202411081344/tools/bin/../lib/gcc/arm-none-eabi/13.3.1/../../../../arm-none-eabi/lib/thumb/v7e-m+fp/hard\libc_nano.a(libc_a-malloc.o)
                0x0800abac                malloc
 .text.free     0x0800abbc       0x10 C:/ST/STM32CubeIDE_1.19.0/STM32CubeIDE/plugins/com.st.stm32cube.ide.mcu.externaltools.gnu-tools-for-stm32.13.3.rel1.win32_1.0.0.202411081344/tools/bin/../lib/gcc/arm-none-eabi/13.3.1/../../../../arm-none-eabi/lib/thumb/v7e-m+fp/hard\libc_nano.a(libc_a-malloc.o)
                0x0800abbc                free
 .text.sbrk_aligned
                0x0800abcc       0x44 C:/ST/STM32CubeIDE_1.19.0/STM32CubeIDE/plugins/com.st.stm32cube.ide.mcu.externaltools.gnu-tools-for-stm32.13.3.rel1.win32_1.0.0.202411081344/tools/bin/../lib/gcc/arm-none-eabi/13.3.1/../../../../arm-none-eabi/lib/thumb/v7e-m+fp/hard\libc_nano.a(libc_a-mallocr.o)
 .text._malloc_r
                0x0800ac10      0x100 C:/ST/STM32CubeIDE_1.19.0/STM32CubeIDE/plugins/com.st.stm32cube.ide.mcu.externaltools.gnu-tools-for-stm32.13.3.rel1.win32_1.0.0.202411081344/tools/bin/../lib/gcc/arm-none-eabi/13.3.1/../../../../arm-none-eabi/lib/thumb/v7e-m+fp/hard\libc_nano.a(libc_a-mallocr.o)
                0x0800ac10                _malloc_r
 .text.__malloc_lock
                0x0800ad10        0xc C:/ST/STM32CubeIDE_1.19.0/STM32CubeIDE/plugins/com.st.stm32cube.ide.mcu.externaltools.gnu-tools-for-stm32.13.3.rel1.win32_1.0.0.202411081344/tools/bin/../lib/gcc/arm-none-eabi/13.3.1/../../../../arm-none-eabi/lib/thumb/v7e-m+fp/hard\libc_nano.a(libc_a-mlock.o)
                0x0800ad10                __malloc_lock
 .text.__malloc_unlock
                0x0800ad1c        0xc C:/ST/STM32CubeIDE_1.19.0/STM32CubeIDE/plugins/com.st.stm32cube.ide.mcu.externaltools.gnu-tools-for-stm32.13.3.rel1.win32_1.0.0.202411081344/tools/bin/../lib/gcc/arm-none-eabi/13.3.1/../../../../arm-none-eabi/lib/thumb/v7e-m+fp/hard\libc_nano.a(libc_a-mlock.o)
                0x0800ad1c                __malloc_unlock
 .text.std      0x0800ad28       0x6c C:/ST/STM32CubeIDE_1.19.0/STM32CubeIDE/plugins/com.st.stm32cube.ide.mcu.externaltools.gnu-tools-for-stm32.13.3.rel1.win32_1.0.0.202411081344/tools/bin/../lib/gcc/arm-none-eabi/13.3.1/../../../../arm-none-eabi/lib/thumb/v7e-m+fp/hard\libc_nano.a(libc_a-findfp.o)
 .text.stdio_exit_handler
                0x0800ad94       0x18 C:/ST/STM32CubeIDE_1.19.0/STM32CubeIDE/plugins/com.st.stm32cube.ide.mcu.externaltools.gnu-tools-for-stm32.13.3.rel1.win32_1.0.0.202411081344/tools/bin/../lib/gcc/arm-none-eabi/13.3.1/../../../../arm-none-eabi/lib/thumb/v7e-m+fp/hard\libc_nano.a(libc_a-findfp.o)
 .text.cleanup_stdio
                0x0800adac       0x40 C:/ST/STM32CubeIDE_1.19.0/STM32CubeIDE/plugins/com.st.stm32cube.ide.mcu.externaltools.gnu-tools-for-stm32.13.3.rel1.win32_1.0.0.202411081344/tools/bin/../lib/gcc/arm-none-eabi/13.3.1/../../../../arm-none-eabi/lib/thumb/v7e-m+fp/hard\libc_nano.a(libc_a-findfp.o)
 .text.global_stdio_init.part.0
                0x0800adec       0x3c C:/ST/STM32CubeIDE_1.19.0/STM32CubeIDE/plugins/com.st.stm32cube.ide.mcu.externaltools.gnu-tools-for-stm32.13.3.rel1.win32_1.0.0.202411081344/tools/bin/../lib/gcc/arm-none-eabi/13.3.1/../../../../arm-none-eabi/lib/thumb/v7e-m+fp/hard\libc_nano.a(libc_a-findfp.o)
 .text.__sfp_lock_acquire
                0x0800ae28        0xc C:/ST/STM32CubeIDE_1.19.0/STM32CubeIDE/plugins/com.st.stm32cube.ide.mcu.externaltools.gnu-tools-for-stm32.13.3.rel1.win32_1.0.0.202411081344/tools/bin/../lib/gcc/arm-none-eabi/13.3.1/../../../../arm-none-eabi/lib/thumb/v7e-m+fp/hard\libc_nano.a(libc_a-findfp.o)
                0x0800ae28                __sfp_lock_acquire
 .text.__sfp_lock_release
                0x0800ae34        0xc C:/ST/STM32CubeIDE_1.19.0/STM32CubeIDE/plugins/com.st.stm32cube.ide.mcu.externaltools.gnu-tools-for-stm32.13.3.rel1.win32_1.0.0.202411081344/tools/bin/../lib/gcc/arm-none-eabi/13.3.1/../../../../arm-none-eabi/lib/thumb/v7e-m+fp/hard\libc_nano.a(libc_a-findfp.o)
                0x0800ae34                __sfp_lock_release
 .text.__sinit  0x0800ae40       0x30 C:/ST/STM32CubeIDE_1.19.0/STM32CubeIDE/plugins/com.st.stm32cube.ide.mcu.externaltools.gnu-tools-for-stm32.13.3.rel1.win32_1.0.0.202411081344/tools/bin/../lib/gcc/arm-none-eabi/13.3.1/../../../../arm-none-eabi/lib/thumb/v7e-m+fp/hard\libc_nano.a(libc_a-findfp.o)
                0x0800ae40                __sinit
 .text._fwalk_sglue
                0x0800ae70       0x3c C:/ST/STM32CubeIDE_1.19.0/STM32CubeIDE/plugins/com.st.stm32cube.ide.mcu.externaltools.gnu-tools-for-stm32.13.3.rel1.win32_1.0.0.202411081344/tools/bin/../lib/gcc/arm-none-eabi/13.3.1/../../../../arm-none-eabi/lib/thumb/v7e-m+fp/hard\libc_nano.a(libc_a-fwalk.o)
                0x0800ae70                _fwalk_sglue
 .text.printf   0x0800aeac       0x24 C:/ST/STM32CubeIDE_1.19.0/STM32CubeIDE/plugins/com.st.stm32cube.ide.mcu.externaltools.gnu-tools-for-stm32.13.3.rel1.win32_1.0.0.202411081344/tools/bin/../lib/gcc/arm-none-eabi/13.3.1/../../../../arm-none-eabi/lib/thumb/v7e-m+fp/hard\libc_nano.a(libc_a-printf.o)
                0x0800aeac                iprintf
                0x0800aeac                printf
 .text.setvbuf  0x0800aed0      0x168 C:/ST/STM32CubeIDE_1.19.0/STM32CubeIDE/plugins/com.st.stm32cube.ide.mcu.externaltools.gnu-tools-for-stm32.13.3.rel1.win32_1.0.0.202411081344/tools/bin/../lib/gcc/arm-none-eabi/13.3.1/../../../../arm-none-eabi/lib/thumb/v7e-m+fp/hard\libc_nano.a(libc_a-setvbuf.o)
                0x0800aed0                setvbuf
 .text.__sread  0x0800b038       0x22 C:/ST/STM32CubeIDE_1.19.0/STM32CubeIDE/plugins/com.st.stm32cube.ide.mcu.externaltools.gnu-tools-for-stm32.13.3.rel1.win32_1.0.0.202411081344/tools/bin/../lib/gcc/arm-none-eabi/13.3.1/../../../../arm-none-eabi/lib/thumb/v7e-m+fp/hard\libc_nano.a(libc_a-stdio.o)
                0x0800b038                __sread
 .text.__swrite
                0x0800b05a       0x38 C:/ST/STM32CubeIDE_1.19.0/STM32CubeIDE/plugins/com.st.stm32cube.ide.mcu.externaltools.gnu-tools-for-stm32.13.3.rel1.win32_1.0.0.202411081344/tools/bin/../lib/gcc/arm-none-eabi/13.3.1/../../../../arm-none-eabi/lib/thumb/v7e-m+fp/hard\libc_nano.a(libc_a-stdio.o)
                0x0800b05a                __swrite
 .text.__sseek  0x0800b092       0x24 C:/ST/STM32CubeIDE_1.19.0/STM32CubeIDE/plugins/com.st.stm32cube.ide.mcu.externaltools.gnu-tools-for-stm32.13.3.rel1.win32_1.0.0.202411081344/tools/bin/../lib/gcc/arm-none-eabi/13.3.1/../../../../arm-none-eabi/lib/thumb/v7e-m+fp/hard\libc_nano.a(libc_a-stdio.o)
                0x0800b092                __sseek
 .text.__sclose
                0x0800b0b6        0x8 C:/ST/STM32CubeIDE_1.19.0/STM32CubeIDE/plugins/com.st.stm32cube.ide.mcu.externaltools.gnu-tools-for-stm32.13.3.rel1.win32_1.0.0.202411081344/tools/bin/../lib/gcc/arm-none-eabi/13.3.1/../../../../arm-none-eabi/lib/thumb/v7e-m+fp/hard\libc_nano.a(libc_a-stdio.o)
                0x0800b0b6                __sclose
 .text._vsnprintf_r
                0x0800b0be       0x5c C:/ST/STM32CubeIDE_1.19.0/STM32CubeIDE/plugins/com.st.stm32cube.ide.mcu.externaltools.gnu-tools-for-stm32.13.3.rel1.win32_1.0.0.202411081344/tools/bin/../lib/gcc/arm-none-eabi/13.3.1/../../../../arm-none-eabi/lib/thumb/v7e-m+fp/hard\libc_nano.a(libc_a-vsnprintf.o)
                0x0800b0be                _vsniprintf_r
                0x0800b0be                _vsnprintf_r
 *fill*         0x0800b11a        0x2 
 .text.vsnprintf
                0x0800b11c       0x1c C:/ST/STM32CubeIDE_1.19.0/STM32CubeIDE/plugins/com.st.stm32cube.ide.mcu.externaltools.gnu-tools-for-stm32.13.3.rel1.win32_1.0.0.202411081344/tools/bin/../lib/gcc/arm-none-eabi/13.3.1/../../../../arm-none-eabi/lib/thumb/v7e-m+fp/hard\libc_nano.a(libc_a-vsnprintf.o)
                0x0800b11c                vsniprintf
                0x0800b11c                vsnprintf
 .text.memset   0x0800b138       0x10 C:/ST/STM32CubeIDE_1.19.0/STM32CubeIDE/plugins/com.st.stm32cube.ide.mcu.externaltools.gnu-tools-for-stm32.13.3.rel1.win32_1.0.0.202411081344/tools/bin/../lib/gcc/arm-none-eabi/13.3.1/../../../../arm-none-eabi/lib/thumb/v7e-m+fp/hard\libc_nano.a(libc_a-memset.o)
                0x0800b138                memset
 .text._close_r
                0x0800b148       0x20 C:/ST/STM32CubeIDE_1.19.0/STM32CubeIDE/plugins/com.st.stm32cube.ide.mcu.externaltools.gnu-tools-for-stm32.13.3.rel1.win32_1.0.0.202411081344/tools/bin/../lib/gcc/arm-none-eabi/13.3.1/../../../../arm-none-eabi/lib/thumb/v7e-m+fp/hard\libc_nano.a(libc_a-closer.o)
                0x0800b148                _close_r
 .text._lseek_r
                0x0800b168       0x24 C:/ST/STM32CubeIDE_1.19.0/STM32CubeIDE/plugins/com.st.stm32cube.ide.mcu.externaltools.gnu-tools-for-stm32.13.3.rel1.win32_1.0.0.202411081344/tools/bin/../lib/gcc/arm-none-eabi/13.3.1/../../../../arm-none-eabi/lib/thumb/v7e-m+fp/hard\libc_nano.a(libc_a-lseekr.o)
                0x0800b168                _lseek_r
 .text._read_r  0x0800b18c       0x24 C:/ST/STM32CubeIDE_1.19.0/STM32CubeIDE/plugins/com.st.stm32cube.ide.mcu.externaltools.gnu-tools-for-stm32.13.3.rel1.win32_1.0.0.202411081344/tools/bin/../lib/gcc/arm-none-eabi/13.3.1/../../../../arm-none-eabi/lib/thumb/v7e-m+fp/hard\libc_nano.a(libc_a-readr.o)
                0x0800b18c                _read_r
 .text._sbrk_r  0x0800b1b0       0x20 C:/ST/STM32CubeIDE_1.19.0/STM32CubeIDE/plugins/com.st.stm32cube.ide.mcu.externaltools.gnu-tools-for-stm32.13.3.rel1.win32_1.0.0.202411081344/tools/bin/../lib/gcc/arm-none-eabi/13.3.1/../../../../arm-none-eabi/lib/thumb/v7e-m+fp/hard\libc_nano.a(libc_a-sbrkr.o)
                0x0800b1b0                _sbrk_r
 .text._write_r
                0x0800b1d0       0x24 C:/ST/STM32CubeIDE_1.19.0/STM32CubeIDE/plugins/com.st.stm32cube.ide.mcu.externaltools.gnu-tools-for-stm32.13.3.rel1.win32_1.0.0.202411081344/tools/bin/../lib/gcc/arm-none-eabi/13.3.1/../../../../arm-none-eabi/lib/thumb/v7e-m+fp/hard\libc_nano.a(libc_a-writer.o)
                0x0800b1d0                _write_r
 .text.__errno  0x0800b1f4        0xc C:/ST/STM32CubeIDE_1.19.0/STM32CubeIDE/plugins/com.st.stm32cube.ide.mcu.externaltools.gnu-tools-for-stm32.13.3.rel1.win32_1.0.0.202411081344/tools/bin/../lib/gcc/arm-none-eabi/13.3.1/../../../../arm-none-eabi/lib/thumb/v7e-m+fp/hard\libc_nano.a(libc_a-errno.o)
                0x0800b1f4                __errno
 .text.__libc_init_array
                0x0800b200       0x48 C:/ST/STM32CubeIDE_1.19.0/STM32CubeIDE/plugins/com.st.stm32cube.ide.mcu.externaltools.gnu-tools-for-stm32.13.3.rel1.win32_1.0.0.202411081344/tools/bin/../lib/gcc/arm-none-eabi/13.3.1/../../../../arm-none-eabi/lib/thumb/v7e-m+fp/hard\libc_nano.a(libc_a-init.o)
                0x0800b200                __libc_init_array
 .text.__retarget_lock_init_recursive
                0x0800b248        0x2 C:/ST/STM32CubeIDE_1.19.0/STM32CubeIDE/plugins/com.st.stm32cube.ide.mcu.externaltools.gnu-tools-for-stm32.13.3.rel1.win32_1.0.0.202411081344/tools/bin/../lib/gcc/arm-none-eabi/13.3.1/../../../../arm-none-eabi/lib/thumb/v7e-m+fp/hard\libc_nano.a(libc_a-lock.o)
                0x0800b248                __retarget_lock_init_recursive
 .text.__retarget_lock_acquire_recursive
                0x0800b24a        0x2 C:/ST/STM32CubeIDE_1.19.0/STM32CubeIDE/plugins/com.st.stm32cube.ide.mcu.externaltools.gnu-tools-for-stm32.13.3.rel1.win32_1.0.0.202411081344/tools/bin/../lib/gcc/arm-none-eabi/13.3.1/../../../../arm-none-eabi/lib/thumb/v7e-m+fp/hard\libc_nano.a(libc_a-lock.o)
                0x0800b24a                __retarget_lock_acquire_recursive
 .text.__retarget_lock_release_recursive
                0x0800b24c        0x2 C:/ST/STM32CubeIDE_1.19.0/STM32CubeIDE/plugins/com.st.stm32cube.ide.mcu.externaltools.gnu-tools-for-stm32.13.3.rel1.win32_1.0.0.202411081344/tools/bin/../lib/gcc/arm-none-eabi/13.3.1/../../../../arm-none-eabi/lib/thumb/v7e-m+fp/hard\libc_nano.a(libc_a-lock.o)
                0x0800b24c                __retarget_lock_release_recursive
 .text.memcpy   0x0800b24e       0x1c C:/ST/STM32CubeIDE_1.19.0/STM32CubeIDE/plugins/com.st.stm32cube.ide.mcu.externaltools.gnu-tools-for-stm32.13.3.rel1.win32_1.0.0.202411081344/tools/bin/../lib/gcc/arm-none-eabi/13.3.1/../../../../arm-none-eabi/lib/thumb/v7e-m+fp/hard\libc_nano.a(libc_a-memcpy-stub.o)
                0x0800b24e                memcpy
 *fill*         0x0800b26a        0x2 
 .text._free_r  0x0800b26c       0x94 C:/ST/STM32CubeIDE_1.19.0/STM32CubeIDE/plugins/com.st.stm32cube.ide.mcu.externaltools.gnu-tools-for-stm32.13.3.rel1.win32_1.0.0.202411081344/tools/bin/../lib/gcc/arm-none-eabi/13.3.1/../../../../arm-none-eabi/lib/thumb/v7e-m+fp/hard\libc_nano.a(libc_a-freer.o)
                0x0800b26c                _free_r
 .text.__ssputs_r
                0x0800b300       0xb6 C:/ST/STM32CubeIDE_1.19.0/STM32CubeIDE/plugins/com.st.stm32cube.ide.mcu.externaltools.gnu-tools-for-stm32.13.3.rel1.win32_1.0.0.202411081344/tools/bin/../lib/gcc/arm-none-eabi/13.3.1/../../../../arm-none-eabi/lib/thumb/v7e-m+fp/hard\libc_nano.a(libc_a-nano-svfprintf.o)
                0x0800b300                __ssputs_r
 *fill*         0x0800b3b6        0x2 
 .text._svfprintf_r
                0x0800b3b8      0x1f8 C:/ST/STM32CubeIDE_1.19.0/STM32CubeIDE/plugins/com.st.stm32cube.ide.mcu.externaltools.gnu-tools-for-stm32.13.3.rel1.win32_1.0.0.202411081344/tools/bin/../lib/gcc/arm-none-eabi/13.3.1/../../../../arm-none-eabi/lib/thumb/v7e-m+fp/hard\libc_nano.a(libc_a-nano-svfprintf.o)
                0x0800b3b8                _svfiprintf_r
                0x0800b3b8                _svfprintf_r
 .text.__sfputc_r
                0x0800b5b0       0x2e C:/ST/STM32CubeIDE_1.19.0/STM32CubeIDE/plugins/com.st.stm32cube.ide.mcu.externaltools.gnu-tools-for-stm32.13.3.rel1.win32_1.0.0.202411081344/tools/bin/../lib/gcc/arm-none-eabi/13.3.1/../../../../arm-none-eabi/lib/thumb/v7e-m+fp/hard\libc_nano.a(libc_a-nano-vfprintf.o)
 .text.__sfputs_r
                0x0800b5de       0x24 C:/ST/STM32CubeIDE_1.19.0/STM32CubeIDE/plugins/com.st.stm32cube.ide.mcu.externaltools.gnu-tools-for-stm32.13.3.rel1.win32_1.0.0.202411081344/tools/bin/../lib/gcc/arm-none-eabi/13.3.1/../../../../arm-none-eabi/lib/thumb/v7e-m+fp/hard\libc_nano.a(libc_a-nano-vfprintf.o)
                0x0800b5de                __sfputs_r
 *fill*         0x0800b602        0x2 
 .text._vfprintf_r
                0x0800b604      0x230 C:/ST/STM32CubeIDE_1.19.0/STM32CubeIDE/plugins/com.st.stm32cube.ide.mcu.externaltools.gnu-tools-for-stm32.13.3.rel1.win32_1.0.0.202411081344/tools/bin/../lib/gcc/arm-none-eabi/13.3.1/../../../../arm-none-eabi/lib/thumb/v7e-m+fp/hard\libc_nano.a(libc_a-nano-vfprintf.o)
                0x0800b604                _vfprintf_r
                0x0800b604                _vfiprintf_r
 .text._printf_common
                0x0800b834       0xda C:/ST/STM32CubeIDE_1.19.0/STM32CubeIDE/plugins/com.st.stm32cube.ide.mcu.externaltools.gnu-tools-for-stm32.13.3.rel1.win32_1.0.0.202411081344/tools/bin/../lib/gcc/arm-none-eabi/13.3.1/../../../../arm-none-eabi/lib/thumb/v7e-m+fp/hard\libc_nano.a(libc_a-nano-vfprintf_i.o)
                0x0800b834                _printf_common
 *fill*         0x0800b90e        0x2 
 .text._printf_i
                0x0800b910      0x23c C:/ST/STM32CubeIDE_1.19.0/STM32CubeIDE/plugins/com.st.stm32cube.ide.mcu.externaltools.gnu-tools-for-stm32.13.3.rel1.win32_1.0.0.202411081344/tools/bin/../lib/gcc/arm-none-eabi/13.3.1/../../../../arm-none-eabi/lib/thumb/v7e-m+fp/hard\libc_nano.a(libc_a-nano-vfprintf_i.o)
                0x0800b910                _printf_i
 .text.__sflush_r
                0x0800bb4c      0x108 C:/ST/STM32CubeIDE_1.19.0/STM32CubeIDE/plugins/com.st.stm32cube.ide.mcu.externaltools.gnu-tools-for-stm32.13.3.rel1.win32_1.0.0.202411081344/tools/bin/../lib/gcc/arm-none-eabi/13.3.1/../../../../arm-none-eabi/lib/thumb/v7e-m+fp/hard\libc_nano.a(libc_a-fflush.o)
                0x0800bb4c                __sflush_r
 .text._fflush_r
                0x0800bc54       0x50 C:/ST/STM32CubeIDE_1.19.0/STM32CubeIDE/plugins/com.st.stm32cube.ide.mcu.externaltools.gnu-tools-for-stm32.13.3.rel1.win32_1.0.0.202411081344/tools/bin/../lib/gcc/arm-none-eabi/13.3.1/../../../../arm-none-eabi/lib/thumb/v7e-m+fp/hard\libc_nano.a(libc_a-fflush.o)
                0x0800bc54                _fflush_r
 .text.__swhatbuf_r
                0x0800bca4       0x4c C:/ST/STM32CubeIDE_1.19.0/STM32CubeIDE/plugins/com.st.stm32cube.ide.mcu.externaltools.gnu-tools-for-stm32.13.3.rel1.win32_1.0.0.202411081344/tools/bin/../lib/gcc/arm-none-eabi/13.3.1/../../../../arm-none-eabi/lib/thumb/v7e-m+fp/hard\libc_nano.a(libc_a-makebuf.o)
                0x0800bca4                __swhatbuf_r
 .text.__smakebuf_r
                0x0800bcf0       0x78 C:/ST/STM32CubeIDE_1.19.0/STM32CubeIDE/plugins/com.st.stm32cube.ide.mcu.externaltools.gnu-tools-for-stm32.13.3.rel1.win32_1.0.0.202411081344/tools/bin/../lib/gcc/arm-none-eabi/13.3.1/../../../../arm-none-eabi/lib/thumb/v7e-m+fp/hard\libc_nano.a(libc_a-makebuf.o)
                0x0800bcf0                __smakebuf_r
 .text.__swbuf_r
                0x0800bd68       0x7c C:/ST/STM32CubeIDE_1.19.0/STM32CubeIDE/plugins/com.st.stm32cube.ide.mcu.externaltools.gnu-tools-for-stm32.13.3.rel1.win32_1.0.0.202411081344/tools/bin/../lib/gcc/arm-none-eabi/13.3.1/../../../../arm-none-eabi/lib/thumb/v7e-m+fp/hard\libc_nano.a(libc_a-wbuf.o)
                0x0800bd68                __swbuf_r
 .text.__swsetup_r
                0x0800bde4       0xac C:/ST/STM32CubeIDE_1.19.0/STM32CubeIDE/plugins/com.st.stm32cube.ide.mcu.externaltools.gnu-tools-for-stm32.13.3.rel1.win32_1.0.0.202411081344/tools/bin/../lib/gcc/arm-none-eabi/13.3.1/../../../../arm-none-eabi/lib/thumb/v7e-m+fp/hard\libc_nano.a(libc_a-wsetup.o)
                0x0800bde4                __swsetup_r
 .text.memmove  0x0800be90       0x34 C:/ST/STM32CubeIDE_1.19.0/STM32CubeIDE/plugins/com.st.stm32cube.ide.mcu.externaltools.gnu-tools-for-stm32.13.3.rel1.win32_1.0.0.202411081344/tools/bin/../lib/gcc/arm-none-eabi/13.3.1/../../../../arm-none-eabi/lib/thumb/v7e-m+fp/hard\libc_nano.a(libc_a-memmove.o)
                0x0800be90                memmove
 .text._fstat_r
                0x0800bec4       0x24 C:/ST/STM32CubeIDE_1.19.0/STM32CubeIDE/plugins/com.st.stm32cube.ide.mcu.externaltools.gnu-tools-for-stm32.13.3.rel1.win32_1.0.0.202411081344/tools/bin/../lib/gcc/arm-none-eabi/13.3.1/../../../../arm-none-eabi/lib/thumb/v7e-m+fp/hard\libc_nano.a(libc_a-fstatr.o)
                0x0800bec4                _fstat_r
 .text._isatty_r
                0x0800bee8       0x20 C:/ST/STM32CubeIDE_1.19.0/STM32CubeIDE/plugins/com.st.stm32cube.ide.mcu.externaltools.gnu-tools-for-stm32.13.3.rel1.win32_1.0.0.202411081344/tools/bin/../lib/gcc/arm-none-eabi/13.3.1/../../../../arm-none-eabi/lib/thumb/v7e-m+fp/hard\libc_nano.a(libc_a-isattyr.o)
                0x0800bee8                _isatty_r
 .text._realloc_r
                0x0800bf08       0x5c C:/ST/STM32CubeIDE_1.19.0/STM32CubeIDE/plugins/com.st.stm32cube.ide.mcu.externaltools.gnu-tools-for-stm32.13.3.rel1.win32_1.0.0.202411081344/tools/bin/../lib/gcc/arm-none-eabi/13.3.1/../../../../arm-none-eabi/lib/thumb/v7e-m+fp/hard\libc_nano.a(libc_a-reallocr.o)
                0x0800bf08                _realloc_r
 .text._malloc_usable_size_r
                0x0800bf64       0x10 C:/ST/STM32CubeIDE_1.19.0/STM32CubeIDE/plugins/com.st.stm32cube.ide.mcu.externaltools.gnu-tools-for-stm32.13.3.rel1.win32_1.0.0.202411081344/tools/bin/../lib/gcc/arm-none-eabi/13.3.1/../../../../arm-none-eabi/lib/thumb/v7e-m+fp/hard\libc_nano.a(libc_a-msizer.o)
                0x0800bf64                _malloc_usable_size_r
 *(.glue_7)
 .glue_7        0x0800bf74        0x0 linker stubs
 *(.glue_7t)
 .glue_7t       0x0800bf74        0x0 linker stubs
 *(.eh_frame)
 .eh_frame      0x0800bf74        0x0 C:/ST/STM32CubeIDE_1.19.0/STM32CubeIDE/plugins/com.st.stm32cube.ide.mcu.externaltools.gnu-tools-for-stm32.13.3.rel1.win32_1.0.0.202411081344/tools/bin/../lib/gcc/arm-none-eabi/13.3.1/thumb/v7e-m+fp/hard/crtbegin.o
 *(.init)
 .init          0x0800bf74        0x4 C:/ST/STM32CubeIDE_1.19.0/STM32CubeIDE/plugins/com.st.stm32cube.ide.mcu.externaltools.gnu-tools-for-stm32.13.3.rel1.win32_1.0.0.202411081344/tools/bin/../lib/gcc/arm-none-eabi/13.3.1/thumb/v7e-m+fp/hard/crti.o
                0x0800bf74                _init
 .init          0x0800bf78        0x8 C:/ST/STM32CubeIDE_1.19.0/STM32CubeIDE/plugins/com.st.stm32cube.ide.mcu.externaltools.gnu-tools-for-stm32.13.3.rel1.win32_1.0.0.202411081344/tools/bin/../lib/gcc/arm-none-eabi/13.3.1/thumb/v7e-m+fp/hard/crtn.o
 *(.fini)
 .fini          0x0800bf80        0x4 C:/ST/STM32CubeIDE_1.19.0/STM32CubeIDE/plugins/com.st.stm32cube.ide.mcu.externaltools.gnu-tools-for-stm32.13.3.rel1.win32_1.0.0.202411081344/tools/bin/../lib/gcc/arm-none-eabi/13.3.1/thumb/v7e-m+fp/hard/crti.o
                0x0800bf80                _fini
 .fini          0x0800bf84        0x8 C:/ST/STM32CubeIDE_1.19.0/STM32CubeIDE/plugins/com.st.stm32cube.ide.mcu.externaltools.gnu-tools-for-stm32.13.3.rel1.win32_1.0.0.202411081344/tools/bin/../lib/gcc/arm-none-eabi/13.3.1/thumb/v7e-m+fp/hard/crtn.o
                0x0800bf8c                        . = ALIGN (0x4)
                0x0800bf8c                        _etext = .

.vfp11_veneer   0x0800bf8c        0x0
 .vfp11_veneer  0x0800bf8c        0x0 linker stubs

.v4_bx          0x0800bf8c        0x0
 .v4_bx         0x0800bf8c        0x0 linker stubs

.iplt           0x0800bf8c        0x0
 .iplt          0x0800bf8c        0x0 C:/ST/STM32CubeIDE_1.19.0/STM32CubeIDE/plugins/com.st.stm32cube.ide.mcu.externaltools.gnu-tools-for-stm32.13.3.rel1.win32_1.0.0.202411081344/tools/bin/../lib/gcc/arm-none-eabi/13.3.1/thumb/v7e-m+fp/hard/crtbegin.o

.rodata         0x0800bf8c      0x5ac
                0x0800bf8c                        . = ALIGN (0x4)
 *(.rodata)
 .rodata        0x0800bf8c       0x32 ./App/Src/Services/Home/home_service.o
 *fill*         0x0800bfbe        0x2 
 .rodata        0x0800bfc0      0x158 ./App/Src/Services/Led/led_service.o
 .rodata        0x0800c118       0x48 ./App/Src/Services/Log/log_service.o
 .rodata        0x0800c160       0x8d ./App/Src/Services/Motion/motion_service.o
 *fill*         0x0800c1ed        0x3 
 .rodata        0x0800c1f0       0x39 ./App/Src/Services/Probe/probe_service.o
 *fill*         0x0800c229        0x3 
 .rodata        0x0800c22c       0x2b ./App/Src/app.o
 *fill*         0x0800c257        0x1 
 .rodata        0x0800c258       0x1c ./Core/Src/main.o
 .rodata        0x0800c274       0x3b ./Drivers/STM32L4xx_HAL_Driver/Src/stm32l4xx_hal_cortex.o
 *fill*         0x0800c2af        0x1 
 .rodata        0x0800c2b0       0x38 ./Drivers/STM32L4xx_HAL_Driver/Src/stm32l4xx_hal_dma.o
 .rodata        0x0800c2e8       0x39 ./Drivers/STM32L4xx_HAL_Driver/Src/stm32l4xx_hal_gpio.o
 *fill*         0x0800c321        0x3 
 .rodata        0x0800c324       0x3b ./Drivers/STM32L4xx_HAL_Driver/Src/stm32l4xx_hal_pwr_ex.o
 *fill*         0x0800c35f        0x1 
 .rodata        0x0800c360       0x38 ./Drivers/STM32L4xx_HAL_Driver/Src/stm32l4xx_hal_rcc.o
 .rodata        0x0800c398       0x3b ./Drivers/STM32L4xx_HAL_Driver/Src/stm32l4xx_hal_rcc_ex.o
 *fill*         0x0800c3d3        0x1 
 .rodata        0x0800c3d4       0x38 ./Drivers/STM32L4xx_HAL_Driver/Src/stm32l4xx_hal_spi.o
 .rodata        0x0800c40c       0x38 ./Drivers/STM32L4xx_HAL_Driver/Src/stm32l4xx_hal_tim.o
 .rodata        0x0800c444       0x3b ./Drivers/STM32L4xx_HAL_Driver/Src/stm32l4xx_hal_tim_ex.o
 *fill*         0x0800c47f        0x1 
 .rodata        0x0800c480       0x39 ./Drivers/STM32L4xx_HAL_Driver/Src/stm32l4xx_hal_uart.o
 *(.rodata*)
 *fill*         0x0800c4b9        0x3 
 .rodata.AHBPrescTable
                0x0800c4bc       0x10 ./Core/Src/system_stm32l4xx.o
                0x0800c4bc                AHBPrescTable
 .rodata.APBPrescTable
                0x0800c4cc        0x8 ./Core/Src/system_stm32l4xx.o
                0x0800c4cc                APBPrescTable
 .rodata.MSIRangeTable
                0x0800c4d4       0x30 ./Core/Src/system_stm32l4xx.o
                0x0800c4d4                MSIRangeTable
 .rodata._svfprintf_r.str1.1
                0x0800c504       0x33 C:/ST/STM32CubeIDE_1.19.0/STM32CubeIDE/plugins/com.st.stm32cube.ide.mcu.externaltools.gnu-tools-for-stm32.13.3.rel1.win32_1.0.0.202411081344/tools/bin/../lib/gcc/arm-none-eabi/13.3.1/../../../../arm-none-eabi/lib/thumb/v7e-m+fp/hard\libc_nano.a(libc_a-nano-svfprintf.o)
                                 0x11 (size before relaxing)
 .rodata._vfprintf_r.str1.1
                0x0800c537       0x11 C:/ST/STM32CubeIDE_1.19.0/STM32CubeIDE/plugins/com.st.stm32cube.ide.mcu.externaltools.gnu-tools-for-stm32.13.3.rel1.win32_1.0.0.202411081344/tools/bin/../lib/gcc/arm-none-eabi/13.3.1/../../../../arm-none-eabi/lib/thumb/v7e-m+fp/hard\libc_nano.a(libc_a-nano-vfprintf.o)
 .rodata._printf_i.str1.1
                0x0800c537       0x22 C:/ST/STM32CubeIDE_1.19.0/STM32CubeIDE/plugins/com.st.stm32cube.ide.mcu.externaltools.gnu-tools-for-stm32.13.3.rel1.win32_1.0.0.202411081344/tools/bin/../lib/gcc/arm-none-eabi/13.3.1/../../../../arm-none-eabi/lib/thumb/v7e-m+fp/hard\libc_nano.a(libc_a-nano-vfprintf_i.o)
                0x0800c55c                        . = ALIGN (0x4)
 *fill*         0x0800c537        0x1 

.ARM.extab      0x0800c538        0x0
                0x0800c538                        . = ALIGN (0x4)
 *(.ARM.extab* .gnu.linkonce.armextab.*)
                0x0800c538                        . = ALIGN (0x4)

.ARM            0x0800c538        0x8
                0x0800c538                        . = ALIGN (0x4)
                0x0800c538                        __exidx_start = .
 *(.ARM.exidx*)
 .ARM.exidx     0x0800c538        0x8 C:/ST/STM32CubeIDE_1.19.0/STM32CubeIDE/plugins/com.st.stm32cube.ide.mcu.externaltools.gnu-tools-for-stm32.13.3.rel1.win32_1.0.0.202411081344/tools/bin/../lib/gcc/arm-none-eabi/13.3.1/../../../../arm-none-eabi/lib/thumb/v7e-m+fp/hard\libc_nano.a(libc_a-memchr.o)
 .ARM.exidx     0x0800c540        0x0 C:/ST/STM32CubeIDE_1.19.0/STM32CubeIDE/plugins/com.st.stm32cube.ide.mcu.externaltools.gnu-tools-for-stm32.13.3.rel1.win32_1.0.0.202411081344/tools/bin/../lib/gcc/arm-none-eabi/13.3.1/thumb/v7e-m+fp/hard\libgcc.a(_udivmoddi4.o)
                                  0x8 (size before relaxing)
                0x0800c540                        __exidx_end = .
                0x0800c540                        . = ALIGN (0x4)

.preinit_array  0x0800c540        0x0
                0x0800c540                        . = ALIGN (0x4)
                0x0800c540                        PROVIDE (__preinit_array_start = .)
 *(.preinit_array*)
                0x0800c540                        PROVIDE (__preinit_array_end = .)
                0x0800c540                        . = ALIGN (0x4)

.init_array     0x0800c540        0x4
                0x0800c540                        . = ALIGN (0x4)
                0x0800c540                        PROVIDE (__init_array_start = .)
 *(SORT_BY_NAME(.init_array.*))
 *(.init_array*)
 .init_array    0x0800c540        0x4 C:/ST/STM32CubeIDE_1.19.0/STM32CubeIDE/plugins/com.st.stm32cube.ide.mcu.externaltools.gnu-tools-for-stm32.13.3.rel1.win32_1.0.0.202411081344/tools/bin/../lib/gcc/arm-none-eabi/13.3.1/thumb/v7e-m+fp/hard/crtbegin.o
                0x0800c544                        PROVIDE (__init_array_end = .)
                0x0800c544                        . = ALIGN (0x4)

.fini_array     0x0800c544        0x4
                0x0800c544                        . = ALIGN (0x4)
                [!provide]                        PROVIDE (__fini_array_start = .)
 *(SORT_BY_NAME(.fini_array.*))
 *(.fini_array*)
 .fini_array    0x0800c544        0x4 C:/ST/STM32CubeIDE_1.19.0/STM32CubeIDE/plugins/com.st.stm32cube.ide.mcu.externaltools.gnu-tools-for-stm32.13.3.rel1.win32_1.0.0.202411081344/tools/bin/../lib/gcc/arm-none-eabi/13.3.1/thumb/v7e-m+fp/hard/crtbegin.o
                [!provide]                        PROVIDE (__fini_array_end = .)
                0x0800c548                        . = ALIGN (0x4)
                0x0800c548                        _sidata = LOADADDR (.data)

.rel.dyn        0x0800c548        0x0
 .rel.iplt      0x0800c548        0x0 C:/ST/STM32CubeIDE_1.19.0/STM32CubeIDE/plugins/com.st.stm32cube.ide.mcu.externaltools.gnu-tools-for-stm32.13.3.rel1.win32_1.0.0.202411081344/tools/bin/../lib/gcc/arm-none-eabi/13.3.1/thumb/v7e-m+fp/hard/crtbegin.o

.data           0x20000000       0x78 load address 0x0800c548
                0x20000000                        . = ALIGN (0x4)
                0x20000000                        _sdata = .
 *(.data)
 *(.data*)
 .data.g_leds   0x20000000        0xc ./App/Src/Services/Led/led_service.o
 .data.g_spi_next_status
                0x2000000c        0x1 ./App/Src/app.o
 *fill*         0x2000000d        0x3 
 .data.SystemCoreClock
                0x20000010        0x4 ./Core/Src/system_stm32l4xx.o
                0x20000010                SystemCoreClock
 .data.uwTickPrio
                0x20000014        0x4 ./Drivers/STM32L4xx_HAL_Driver/Src/stm32l4xx_hal.o
                0x20000014                uwTickPrio
 .data.uwTickFreq
                0x20000018        0x1 ./Drivers/STM32L4xx_HAL_Driver/Src/stm32l4xx_hal.o
                0x20000018                uwTickFreq
 *fill*         0x20000019        0x3 
 .data.__sglue  0x2000001c        0xc C:/ST/STM32CubeIDE_1.19.0/STM32CubeIDE/plugins/com.st.stm32cube.ide.mcu.externaltools.gnu-tools-for-stm32.13.3.rel1.win32_1.0.0.202411081344/tools/bin/../lib/gcc/arm-none-eabi/13.3.1/../../../../arm-none-eabi/lib/thumb/v7e-m+fp/hard\libc_nano.a(libc_a-findfp.o)
                0x2000001c                __sglue
 .data._impure_ptr
                0x20000028        0x4 C:/ST/STM32CubeIDE_1.19.0/STM32CubeIDE/plugins/com.st.stm32cube.ide.mcu.externaltools.gnu-tools-for-stm32.13.3.rel1.win32_1.0.0.202411081344/tools/bin/../lib/gcc/arm-none-eabi/13.3.1/../../../../arm-none-eabi/lib/thumb/v7e-m+fp/hard\libc_nano.a(libc_a-impure.o)
                0x20000028                _impure_ptr
 .data._impure_data
                0x2000002c       0x4c C:/ST/STM32CubeIDE_1.19.0/STM32CubeIDE/plugins/com.st.stm32cube.ide.mcu.externaltools.gnu-tools-for-stm32.13.3.rel1.win32_1.0.0.202411081344/tools/bin/../lib/gcc/arm-none-eabi/13.3.1/../../../../arm-none-eabi/lib/thumb/v7e-m+fp/hard\libc_nano.a(libc_a-impure.o)
                0x2000002c                _impure_data
 *(.RamFunc)
 *(.RamFunc*)
                0x20000078                        . = ALIGN (0x4)
                0x20000078                        _edata = .

.igot.plt       0x20000078        0x0 load address 0x0800c5c0
 .igot.plt      0x20000078        0x0 C:/ST/STM32CubeIDE_1.19.0/STM32CubeIDE/plugins/com.st.stm32cube.ide.mcu.externaltools.gnu-tools-for-stm32.13.3.rel1.win32_1.0.0.202411081344/tools/bin/../lib/gcc/arm-none-eabi/13.3.1/thumb/v7e-m+fp/hard/crtbegin.o
                0x20000078                        . = ALIGN (0x4)

.bss            0x20000078      0xce4 load address 0x0800c5c0
                0x20000078                        _sbss = .
                0x20000078                        __bss_start__ = _sbss
 *(.bss)
 .bss           0x20000078       0x1c C:/ST/STM32CubeIDE_1.19.0/STM32CubeIDE/plugins/com.st.stm32cube.ide.mcu.externaltools.gnu-tools-for-stm32.13.3.rel1.win32_1.0.0.202411081344/tools/bin/../lib/gcc/arm-none-eabi/13.3.1/thumb/v7e-m+fp/hard/crtbegin.o
 *(.bss*)
 .bss.handlers  0x20000094       0x20 ./App/Src/Protocol/router.o
 .bss.g_status  0x200000b4        0x8 ./App/Src/Services/Motion/motion_service.o
 .bss.g_router  0x200000bc       0x48 ./App/Src/app.o
 .bss.g_handlers
                0x20000104       0x24 ./App/Src/app.o
 .bss.g_resp_fifo
                0x20000128        0x4 ./App/Src/app.o
 .bss.g_spi_rx_dma_buf
                0x2000012c       0x2a ./App/Src/app.o
 *fill*         0x20000156        0x2 
 .bss.g_spi_tx_dma_buf
                0x20000158       0x2a ./App/Src/app.o
 .bss.g_spi_need_restart
                0x20000182        0x1 ./App/Src/app.o
 *fill*         0x20000183        0x1 
 .bss.g_spi_rx_queue
                0x20000184      0x738 ./App/Src/app.o
 .bss.g_spi_rx_queue_head
                0x200008bc        0x1 ./App/Src/app.o
 .bss.g_spi_rx_queue_tail
                0x200008bd        0x1 ./App/Src/app.o
 .bss.g_spi_rx_queue_count
                0x200008be        0x1 ./App/Src/app.o
 .bss.g_spi_rx_overflow
                0x200008bf        0x1 ./App/Src/app.o
 .bss.g_spi_tx_busy
                0x200008c0        0x4 ./App/Src/app.o
 .bss.hspi1     0x200008c4       0x64 ./Core/Src/spi.o
                0x200008c4                hspi1
 .bss.hdma_spi1_rx
                0x20000928       0x48 ./Core/Src/spi.o
                0x20000928                hdma_spi1_rx
 .bss.hdma_spi1_tx
                0x20000970       0x48 ./Core/Src/spi.o
                0x20000970                hdma_spi1_tx
 .bss.__sbrk_heap_end
                0x200009b8        0x4 ./Core/Src/sysmem.o
 .bss.htim2     0x200009bc       0x4c ./Core/Src/tim.o
                0x200009bc                htim2
 .bss.htim3     0x20000a08       0x4c ./Core/Src/tim.o
                0x20000a08                htim3
 .bss.htim5     0x20000a54       0x4c ./Core/Src/tim.o
                0x20000a54                htim5
 .bss.htim6     0x20000aa0       0x4c ./Core/Src/tim.o
                0x20000aa0                htim6
 .bss.htim7     0x20000aec       0x4c ./Core/Src/tim.o
                0x20000aec                htim7
 .bss.htim15    0x20000b38       0x4c ./Core/Src/tim.o
                0x20000b38                htim15
 .bss.huart1    0x20000b84       0x88 ./Core/Src/usart.o
                0x20000b84                huart1
 .bss.uwTick    0x20000c0c        0x4 ./Drivers/STM32L4xx_HAL_Driver/Src/stm32l4xx_hal.o
                0x20000c0c                uwTick
 .bss.__malloc_sbrk_start
                0x20000c10        0x4 C:/ST/STM32CubeIDE_1.19.0/STM32CubeIDE/plugins/com.st.stm32cube.ide.mcu.externaltools.gnu-tools-for-stm32.13.3.rel1.win32_1.0.0.202411081344/tools/bin/../lib/gcc/arm-none-eabi/13.3.1/../../../../arm-none-eabi/lib/thumb/v7e-m+fp/hard\libc_nano.a(libc_a-mallocr.o)
                0x20000c10                __malloc_sbrk_start
 .bss.__malloc_free_list
                0x20000c14        0x4 C:/ST/STM32CubeIDE_1.19.0/STM32CubeIDE/plugins/com.st.stm32cube.ide.mcu.externaltools.gnu-tools-for-stm32.13.3.rel1.win32_1.0.0.202411081344/tools/bin/../lib/gcc/arm-none-eabi/13.3.1/../../../../arm-none-eabi/lib/thumb/v7e-m+fp/hard\libc_nano.a(libc_a-mallocr.o)
                0x20000c14                __malloc_free_list
 .bss.__sf      0x20000c18      0x138 C:/ST/STM32CubeIDE_1.19.0/STM32CubeIDE/plugins/com.st.stm32cube.ide.mcu.externaltools.gnu-tools-for-stm32.13.3.rel1.win32_1.0.0.202411081344/tools/bin/../lib/gcc/arm-none-eabi/13.3.1/../../../../arm-none-eabi/lib/thumb/v7e-m+fp/hard\libc_nano.a(libc_a-findfp.o)
                0x20000c18                __sf
 .bss.__stdio_exit_handler
                0x20000d50        0x4 C:/ST/STM32CubeIDE_1.19.0/STM32CubeIDE/plugins/com.st.stm32cube.ide.mcu.externaltools.gnu-tools-for-stm32.13.3.rel1.win32_1.0.0.202411081344/tools/bin/../lib/gcc/arm-none-eabi/13.3.1/../../../../arm-none-eabi/lib/thumb/v7e-m+fp/hard\libc_nano.a(libc_a-findfp.o)
                0x20000d50                __stdio_exit_handler
 .bss.errno     0x20000d54        0x4 C:/ST/STM32CubeIDE_1.19.0/STM32CubeIDE/plugins/com.st.stm32cube.ide.mcu.externaltools.gnu-tools-for-stm32.13.3.rel1.win32_1.0.0.202411081344/tools/bin/../lib/gcc/arm-none-eabi/13.3.1/../../../../arm-none-eabi/lib/thumb/v7e-m+fp/hard\libc_nano.a(libc_a-reent.o)
                0x20000d54                errno
 .bss.__lock___malloc_recursive_mutex
                0x20000d58        0x1 C:/ST/STM32CubeIDE_1.19.0/STM32CubeIDE/plugins/com.st.stm32cube.ide.mcu.externaltools.gnu-tools-for-stm32.13.3.rel1.win32_1.0.0.202411081344/tools/bin/../lib/gcc/arm-none-eabi/13.3.1/../../../../arm-none-eabi/lib/thumb/v7e-m+fp/hard\libc_nano.a(libc_a-lock.o)
                0x20000d58                __lock___malloc_recursive_mutex
 .bss.__lock___sfp_recursive_mutex
                0x20000d59        0x1 C:/ST/STM32CubeIDE_1.19.0/STM32CubeIDE/plugins/com.st.stm32cube.ide.mcu.externaltools.gnu-tools-for-stm32.13.3.rel1.win32_1.0.0.202411081344/tools/bin/../lib/gcc/arm-none-eabi/13.3.1/../../../../arm-none-eabi/lib/thumb/v7e-m+fp/hard\libc_nano.a(libc_a-lock.o)
                0x20000d59                __lock___sfp_recursive_mutex
 *(COMMON)
                0x20000d5c                        . = ALIGN (0x4)
 *fill*         0x20000d5a        0x2 
                0x20000d5c                        _ebss = .
                0x20000d5c                        __bss_end__ = _ebss

._user_heap_stack
                0x20000d5c      0x604 load address 0x0800c5c0
                0x20000d60                        . = ALIGN (0x8)
 *fill*         0x20000d5c        0x4 
                [!provide]                        PROVIDE (end = .)
                0x20000d60                        PROVIDE (_end = .)
                0x20000f60                        . = (. + _Min_Heap_Size)
 *fill*         0x20000d60      0x200 
                0x20001360                        . = (. + _Min_Stack_Size)
 *fill*         0x20000f60      0x400 
                0x20001360                        . = ALIGN (0x8)

/DISCARD/
 libc.a(*)
 libm.a(*)
 libgcc.a(*)

.ARM.attributes
                0x00000000       0x30
 *(.ARM.attributes)
 .ARM.attributes
                0x00000000       0x22 C:/ST/STM32CubeIDE_1.19.0/STM32CubeIDE/plugins/com.st.stm32cube.ide.mcu.externaltools.gnu-tools-for-stm32.13.3.rel1.win32_1.0.0.202411081344/tools/bin/../lib/gcc/arm-none-eabi/13.3.1/thumb/v7e-m+fp/hard/crti.o
 .ARM.attributes
                0x00000022       0x34 C:/ST/STM32CubeIDE_1.19.0/STM32CubeIDE/plugins/com.st.stm32cube.ide.mcu.externaltools.gnu-tools-for-stm32.13.3.rel1.win32_1.0.0.202411081344/tools/bin/../lib/gcc/arm-none-eabi/13.3.1/thumb/v7e-m+fp/hard/crtbegin.o
 .ARM.attributes
                0x00000056       0x34 ./App/Src/Protocol/Requests/led_control_request.o
 .ARM.attributes
                0x0000008a       0x34 ./App/Src/Protocol/Responses/led_control_response.o
 .ARM.attributes
                0x000000be       0x34 ./App/Src/Protocol/router.o
 .ARM.attributes
                0x000000f2       0x34 ./App/Src/Services/Home/home_service.o
 .ARM.attributes
                0x00000126       0x34 ./App/Src/Services/Led/led_service.o
 .ARM.attributes
                0x0000015a       0x34 ./App/Src/Services/Log/log_service.o
 .ARM.attributes
                0x0000018e       0x34 ./App/Src/Services/Motion/motion_service.o
 .ARM.attributes
                0x000001c2       0x34 ./App/Src/Services/Probe/probe_service.o
 .ARM.attributes
                0x000001f6       0x34 ./App/Src/Services/Test/test_spi_service.o
 .ARM.attributes
                0x0000022a       0x34 ./App/Src/Services/service_adapters.o
 .ARM.attributes
                0x0000025e       0x34 ./App/Src/app.o
 .ARM.attributes
                0x00000292       0x34 ./App/Src/board_config.o
 .ARM.attributes
                0x000002c6       0x34 ./Core/Src/dma.o
 .ARM.attributes
                0x000002fa       0x34 ./Core/Src/gpio.o
 .ARM.attributes
                0x0000032e       0x34 ./Core/Src/main.o
 .ARM.attributes
                0x00000362       0x34 ./Core/Src/spi.o
 .ARM.attributes
                0x00000396       0x34 ./Core/Src/stm32l4xx_hal_msp.o
 .ARM.attributes
                0x000003ca       0x34 ./Core/Src/stm32l4xx_it.o
 .ARM.attributes
                0x000003fe       0x34 ./Core/Src/syscalls.o
 .ARM.attributes
                0x00000432       0x34 ./Core/Src/sysmem.o
 .ARM.attributes
                0x00000466       0x34 ./Core/Src/system_stm32l4xx.o
 .ARM.attributes
                0x0000049a       0x34 ./Core/Src/tim.o
 .ARM.attributes
                0x000004ce       0x34 ./Core/Src/usart.o
 .ARM.attributes
                0x00000502       0x21 ./Core/Startup/startup_stm32l475vgtx.o
 .ARM.attributes
                0x00000523       0x34 ./Drivers/STM32L4xx_HAL_Driver/Src/stm32l4xx_hal.o
 .ARM.attributes
                0x00000557       0x34 ./Drivers/STM32L4xx_HAL_Driver/Src/stm32l4xx_hal_cortex.o
 .ARM.attributes
                0x0000058b       0x34 ./Drivers/STM32L4xx_HAL_Driver/Src/stm32l4xx_hal_dma.o
 .ARM.attributes
                0x000005bf       0x34 ./Drivers/STM32L4xx_HAL_Driver/Src/stm32l4xx_hal_gpio.o
 .ARM.attributes
                0x000005f3       0x34 ./Drivers/STM32L4xx_HAL_Driver/Src/stm32l4xx_hal_pwr_ex.o
 .ARM.attributes
                0x00000627       0x34 ./Drivers/STM32L4xx_HAL_Driver/Src/stm32l4xx_hal_rcc.o
 .ARM.attributes
                0x0000065b       0x34 ./Drivers/STM32L4xx_HAL_Driver/Src/stm32l4xx_hal_rcc_ex.o
 .ARM.attributes
                0x0000068f       0x34 ./Drivers/STM32L4xx_HAL_Driver/Src/stm32l4xx_hal_spi.o
 .ARM.attributes
                0x000006c3       0x34 ./Drivers/STM32L4xx_HAL_Driver/Src/stm32l4xx_hal_tim.o
 .ARM.attributes
                0x000006f7       0x34 ./Drivers/STM32L4xx_HAL_Driver/Src/stm32l4xx_hal_tim_ex.o
 .ARM.attributes
                0x0000072b       0x34 ./Drivers/STM32L4xx_HAL_Driver/Src/stm32l4xx_hal_uart.o
 .ARM.attributes
                0x0000075f       0x34 C:/ST/STM32CubeIDE_1.19.0/STM32CubeIDE/plugins/com.st.stm32cube.ide.mcu.externaltools.gnu-tools-for-stm32.13.3.rel1.win32_1.0.0.202411081344/tools/bin/../lib/gcc/arm-none-eabi/13.3.1/../../../../arm-none-eabi/lib/thumb/v7e-m+fp/hard\libc_nano.a(libc_a-calloc.o)
 .ARM.attributes
                0x00000793       0x34 C:/ST/STM32CubeIDE_1.19.0/STM32CubeIDE/plugins/com.st.stm32cube.ide.mcu.externaltools.gnu-tools-for-stm32.13.3.rel1.win32_1.0.0.202411081344/tools/bin/../lib/gcc/arm-none-eabi/13.3.1/../../../../arm-none-eabi/lib/thumb/v7e-m+fp/hard\libc_nano.a(libc_a-callocr.o)
 .ARM.attributes
                0x000007c7       0x34 C:/ST/STM32CubeIDE_1.19.0/STM32CubeIDE/plugins/com.st.stm32cube.ide.mcu.externaltools.gnu-tools-for-stm32.13.3.rel1.win32_1.0.0.202411081344/tools/bin/../lib/gcc/arm-none-eabi/13.3.1/../../../../arm-none-eabi/lib/thumb/v7e-m+fp/hard\libc_nano.a(libc_a-malloc.o)
 .ARM.attributes
                0x000007fb       0x34 C:/ST/STM32CubeIDE_1.19.0/STM32CubeIDE/plugins/com.st.stm32cube.ide.mcu.externaltools.gnu-tools-for-stm32.13.3.rel1.win32_1.0.0.202411081344/tools/bin/../lib/gcc/arm-none-eabi/13.3.1/../../../../arm-none-eabi/lib/thumb/v7e-m+fp/hard\libc_nano.a(libc_a-mallocr.o)
 .ARM.attributes
                0x0000082f       0x34 C:/ST/STM32CubeIDE_1.19.0/STM32CubeIDE/plugins/com.st.stm32cube.ide.mcu.externaltools.gnu-tools-for-stm32.13.3.rel1.win32_1.0.0.202411081344/tools/bin/../lib/gcc/arm-none-eabi/13.3.1/../../../../arm-none-eabi/lib/thumb/v7e-m+fp/hard\libc_nano.a(libc_a-mlock.o)
 .ARM.attributes
                0x00000863       0x34 C:/ST/STM32CubeIDE_1.19.0/STM32CubeIDE/plugins/com.st.stm32cube.ide.mcu.externaltools.gnu-tools-for-stm32.13.3.rel1.win32_1.0.0.202411081344/tools/bin/../lib/gcc/arm-none-eabi/13.3.1/../../../../arm-none-eabi/lib/thumb/v7e-m+fp/hard\libc_nano.a(libc_a-findfp.o)
 .ARM.attributes
                0x00000897       0x34 C:/ST/STM32CubeIDE_1.19.0/STM32CubeIDE/plugins/com.st.stm32cube.ide.mcu.externaltools.gnu-tools-for-stm32.13.3.rel1.win32_1.0.0.202411081344/tools/bin/../lib/gcc/arm-none-eabi/13.3.1/../../../../arm-none-eabi/lib/thumb/v7e-m+fp/hard\libc_nano.a(libc_a-fwalk.o)
 .ARM.attributes
                0x000008cb       0x34 C:/ST/STM32CubeIDE_1.19.0/STM32CubeIDE/plugins/com.st.stm32cube.ide.mcu.externaltools.gnu-tools-for-stm32.13.3.rel1.win32_1.0.0.202411081344/tools/bin/../lib/gcc/arm-none-eabi/13.3.1/../../../../arm-none-eabi/lib/thumb/v7e-m+fp/hard\libc_nano.a(libc_a-printf.o)
 .ARM.attributes
                0x000008ff       0x34 C:/ST/STM32CubeIDE_1.19.0/STM32CubeIDE/plugins/com.st.stm32cube.ide.mcu.externaltools.gnu-tools-for-stm32.13.3.rel1.win32_1.0.0.202411081344/tools/bin/../lib/gcc/arm-none-eabi/13.3.1/../../../../arm-none-eabi/lib/thumb/v7e-m+fp/hard\libc_nano.a(libc_a-setvbuf.o)
 .ARM.attributes
                0x00000933       0x34 C:/ST/STM32CubeIDE_1.19.0/STM32CubeIDE/plugins/com.st.stm32cube.ide.mcu.externaltools.gnu-tools-for-stm32.13.3.rel1.win32_1.0.0.202411081344/tools/bin/../lib/gcc/arm-none-eabi/13.3.1/../../../../arm-none-eabi/lib/thumb/v7e-m+fp/hard\libc_nano.a(libc_a-stdio.o)
 .ARM.attributes
                0x00000967       0x34 C:/ST/STM32CubeIDE_1.19.0/STM32CubeIDE/plugins/com.st.stm32cube.ide.mcu.externaltools.gnu-tools-for-stm32.13.3.rel1.win32_1.0.0.202411081344/tools/bin/../lib/gcc/arm-none-eabi/13.3.1/../../../../arm-none-eabi/lib/thumb/v7e-m+fp/hard\libc_nano.a(libc_a-vsnprintf.o)
 .ARM.attributes
                0x0000099b       0x34 C:/ST/STM32CubeIDE_1.19.0/STM32CubeIDE/plugins/com.st.stm32cube.ide.mcu.externaltools.gnu-tools-for-stm32.13.3.rel1.win32_1.0.0.202411081344/tools/bin/../lib/gcc/arm-none-eabi/13.3.1/../../../../arm-none-eabi/lib/thumb/v7e-m+fp/hard\libc_nano.a(libc_a-memset.o)
 .ARM.attributes
                0x000009cf       0x34 C:/ST/STM32CubeIDE_1.19.0/STM32CubeIDE/plugins/com.st.stm32cube.ide.mcu.externaltools.gnu-tools-for-stm32.13.3.rel1.win32_1.0.0.202411081344/tools/bin/../lib/gcc/arm-none-eabi/13.3.1/../../../../arm-none-eabi/lib/thumb/v7e-m+fp/hard\libc_nano.a(libc_a-closer.o)
 .ARM.attributes
                0x00000a03       0x34 C:/ST/STM32CubeIDE_1.19.0/STM32CubeIDE/plugins/com.st.stm32cube.ide.mcu.externaltools.gnu-tools-for-stm32.13.3.rel1.win32_1.0.0.202411081344/tools/bin/../lib/gcc/arm-none-eabi/13.3.1/../../../../arm-none-eabi/lib/thumb/v7e-m+fp/hard\libc_nano.a(libc_a-reent.o)
 .ARM.attributes
                0x00000a37       0x34 C:/ST/STM32CubeIDE_1.19.0/STM32CubeIDE/plugins/com.st.stm32cube.ide.mcu.externaltools.gnu-tools-for-stm32.13.3.rel1.win32_1.0.0.202411081344/tools/bin/../lib/gcc/arm-none-eabi/13.3.1/../../../../arm-none-eabi/lib/thumb/v7e-m+fp/hard\libc_nano.a(libc_a-impure.o)
 .ARM.attributes
                0x00000a6b       0x34 C:/ST/STM32CubeIDE_1.19.0/STM32CubeIDE/plugins/com.st.stm32cube.ide.mcu.externaltools.gnu-tools-for-stm32.13.3.rel1.win32_1.0.0.202411081344/tools/bin/../lib/gcc/arm-none-eabi/13.3.1/../../../../arm-none-eabi/lib/thumb/v7e-m+fp/hard\libc_nano.a(libc_a-lseekr.o)
 .ARM.attributes
                0x00000a9f       0x34 C:/ST/STM32CubeIDE_1.19.0/STM32CubeIDE/plugins/com.st.stm32cube.ide.mcu.externaltools.gnu-tools-for-stm32.13.3.rel1.win32_1.0.0.202411081344/tools/bin/../lib/gcc/arm-none-eabi/13.3.1/../../../../arm-none-eabi/lib/thumb/v7e-m+fp/hard\libc_nano.a(libc_a-readr.o)
 .ARM.attributes
                0x00000ad3       0x34 C:/ST/STM32CubeIDE_1.19.0/STM32CubeIDE/plugins/com.st.stm32cube.ide.mcu.externaltools.gnu-tools-for-stm32.13.3.rel1.win32_1.0.0.202411081344/tools/bin/../lib/gcc/arm-none-eabi/13.3.1/../../../../arm-none-eabi/lib/thumb/v7e-m+fp/hard\libc_nano.a(libc_a-sbrkr.o)
 .ARM.attributes
                0x00000b07       0x34 C:/ST/STM32CubeIDE_1.19.0/STM32CubeIDE/plugins/com.st.stm32cube.ide.mcu.externaltools.gnu-tools-for-stm32.13.3.rel1.win32_1.0.0.202411081344/tools/bin/../lib/gcc/arm-none-eabi/13.3.1/../../../../arm-none-eabi/lib/thumb/v7e-m+fp/hard\libc_nano.a(libc_a-writer.o)
 .ARM.attributes
                0x00000b3b       0x34 C:/ST/STM32CubeIDE_1.19.0/STM32CubeIDE/plugins/com.st.stm32cube.ide.mcu.externaltools.gnu-tools-for-stm32.13.3.rel1.win32_1.0.0.202411081344/tools/bin/../lib/gcc/arm-none-eabi/13.3.1/../../../../arm-none-eabi/lib/thumb/v7e-m+fp/hard\libc_nano.a(libc_a-errno.o)
 .ARM.attributes
                0x00000b6f       0x34 C:/ST/STM32CubeIDE_1.19.0/STM32CubeIDE/plugins/com.st.stm32cube.ide.mcu.externaltools.gnu-tools-for-stm32.13.3.rel1.win32_1.0.0.202411081344/tools/bin/../lib/gcc/arm-none-eabi/13.3.1/../../../../arm-none-eabi/lib/thumb/v7e-m+fp/hard\libc_nano.a(libc_a-init.o)
 .ARM.attributes
                0x00000ba3       0x34 C:/ST/STM32CubeIDE_1.19.0/STM32CubeIDE/plugins/com.st.stm32cube.ide.mcu.externaltools.gnu-tools-for-stm32.13.3.rel1.win32_1.0.0.202411081344/tools/bin/../lib/gcc/arm-none-eabi/13.3.1/../../../../arm-none-eabi/lib/thumb/v7e-m+fp/hard\libc_nano.a(libc_a-lock.o)
 .ARM.attributes