Archive member included to satisfy reference by file (symbol)

C:/ST/STM32CubeIDE_1.19.0/STM32CubeIDE/plugins/com.st.stm32cube.ide.mcu.externaltools.gnu-tools-for-stm32.13.3.rel1.win32_1.0.0.202411081344/tools/bin/../lib/gcc/arm-none-eabi/13.3.1/../../../../arm-none-eabi/lib/thumb/v7e-m+fp/hard\libc_nano.a(libc_a-calloc.o)
                              ./App/Src/Protocol/router.o (calloc)
C:/ST/STM32CubeIDE_1.19.0/STM32CubeIDE/plugins/com.st.stm32cube.ide.mcu.externaltools.gnu-tools-for-stm32.13.3.rel1.win32_1.0.0.202411081344/tools/bin/../lib/gcc/arm-none-eabi/13.3.1/../../../../arm-none-eabi/lib/thumb/v7e-m+fp/hard\libc_nano.a(libc_a-callocr.o)
                              C:/ST/STM32CubeIDE_1.19.0/STM32CubeIDE/plugins/com.st.stm32cube.ide.mcu.externaltools.gnu-tools-for-stm32.13.3.rel1.win32_1.0.0.202411081344/tools/bin/../lib/gcc/arm-none-eabi/13.3.1/../../../../arm-none-eabi/lib/thumb/v7e-m+fp/hard\libc_nano.a(libc_a-calloc.o) (_calloc_r)
C:/ST/STM32CubeIDE_1.19.0/STM32CubeIDE/plugins/com.st.stm32cube.ide.mcu.externaltools.gnu-tools-for-stm32.13.3.rel1.win32_1.0.0.202411081344/tools/bin/../lib/gcc/arm-none-eabi/13.3.1/../../../../arm-none-eabi/lib/thumb/v7e-m+fp/hard\libc_nano.a(libc_a-exit.o)
                              C:/ST/STM32CubeIDE_1.19.0/STM32CubeIDE/plugins/com.st.stm32cube.ide.mcu.externaltools.gnu-tools-for-stm32.13.3.rel1.win32_1.0.0.202411081344/tools/bin/../lib/gcc/arm-none-eabi/13.3.1/../../../../arm-none-eabi/lib/thumb/v7e-m+fp/hard/crt0.o (exit)
C:/ST/STM32CubeIDE_1.19.0/STM32CubeIDE/plugins/com.st.stm32cube.ide.mcu.externaltools.gnu-tools-for-stm32.13.3.rel1.win32_1.0.0.202411081344/tools/bin/../lib/gcc/arm-none-eabi/13.3.1/../../../../arm-none-eabi/lib/thumb/v7e-m+fp/hard\libc_nano.a(libc_a-malloc.o)
                              ./App/Src/Protocol/router.o (malloc)
C:/ST/STM32CubeIDE_1.19.0/STM32CubeIDE/plugins/com.st.stm32cube.ide.mcu.externaltools.gnu-tools-for-stm32.13.3.rel1.win32_1.0.0.202411081344/tools/bin/../lib/gcc/arm-none-eabi/13.3.1/../../../../arm-none-eabi/lib/thumb/v7e-m+fp/hard\libc_nano.a(libc_a-mallocr.o)
                              C:/ST/STM32CubeIDE_1.19.0/STM32CubeIDE/plugins/com.st.stm32cube.ide.mcu.externaltools.gnu-tools-for-stm32.13.3.rel1.win32_1.0.0.202411081344/tools/bin/../lib/gcc/arm-none-eabi/13.3.1/../../../../arm-none-eabi/lib/thumb/v7e-m+fp/hard\libc_nano.a(libc_a-callocr.o) (_malloc_r)
C:/ST/STM32CubeIDE_1.19.0/STM32CubeIDE/plugins/com.st.stm32cube.ide.mcu.externaltools.gnu-tools-for-stm32.13.3.rel1.win32_1.0.0.202411081344/tools/bin/../lib/gcc/arm-none-eabi/13.3.1/../../../../arm-none-eabi/lib/thumb/v7e-m+fp/hard\libc_nano.a(libc_a-mlock.o)
                              C:/ST/STM32CubeIDE_1.19.0/STM32CubeIDE/plugins/com.st.stm32cube.ide.mcu.externaltools.gnu-tools-for-stm32.13.3.rel1.win32_1.0.0.202411081344/tools/bin/../lib/gcc/arm-none-eabi/13.3.1/../../../../arm-none-eabi/lib/thumb/v7e-m+fp/hard\libc_nano.a(libc_a-mallocr.o) (__malloc_lock)
C:/ST/STM32CubeIDE_1.19.0/STM32CubeIDE/plugins/com.st.stm32cube.ide.mcu.externaltools.gnu-tools-for-stm32.13.3.rel1.win32_1.0.0.202411081344/tools/bin/../lib/gcc/arm-none-eabi/13.3.1/../../../../arm-none-eabi/lib/thumb/v7e-m+fp/hard\libc_nano.a(libc_a-findfp.o)
                              C:/ST/STM32CubeIDE_1.19.0/STM32CubeIDE/plugins/com.st.stm32cube.ide.mcu.externaltools.gnu-tools-for-stm32.13.3.rel1.win32_1.0.0.202411081344/tools/bin/../lib/gcc/arm-none-eabi/13.3.1/../../../../arm-none-eabi/lib/thumb/v7e-m+fp/hard\libc_nano.a(libc_a-exit.o) (__stdio_exit_handler)
C:/ST/STM32CubeIDE_1.19.0/STM32CubeIDE/plugins/com.st.stm32cube.ide.mcu.externaltools.gnu-tools-for-stm32.13.3.rel1.win32_1.0.0.202411081344/tools/bin/../lib/gcc/arm-none-eabi/13.3.1/../../../../arm-none-eabi/lib/thumb/v7e-m+fp/hard\libc_nano.a(libc_a-fwalk.o)
                              C:/ST/STM32CubeIDE_1.19.0/STM32CubeIDE/plugins/com.st.stm32cube.ide.mcu.externaltools.gnu-tools-for-stm32.13.3.rel1.win32_1.0.0.202411081344/tools/bin/../lib/gcc/arm-none-eabi/13.3.1/../../../../arm-none-eabi/lib/thumb/v7e-m+fp/hard\libc_nano.a(libc_a-findfp.o) (_fwalk_sglue)
C:/ST/STM32CubeIDE_1.19.0/STM32CubeIDE/plugins/com.st.stm32cube.ide.mcu.externaltools.gnu-tools-for-stm32.13.3.rel1.win32_1.0.0.202411081344/tools/bin/../lib/gcc/arm-none-eabi/13.3.1/../../../../arm-none-eabi/lib/thumb/v7e-m+fp/hard\libc_nano.a(libc_a-printf.o)
                              ./App/Src/Services/Log/log_service.o (printf)
C:/ST/STM32CubeIDE_1.19.0/STM32CubeIDE/plugins/com.st.stm32cube.ide.mcu.externaltools.gnu-tools-for-stm32.13.3.rel1.win32_1.0.0.202411081344/tools/bin/../lib/gcc/arm-none-eabi/13.3.1/../../../../arm-none-eabi/lib/thumb/v7e-m+fp/hard\libc_nano.a(libc_a-setvbuf.o)
                              ./App/Src/Services/Log/log_service.o (setvbuf)
[...]
Memory Configuration

Name             Origin             Length             Attributes
RAM              0x20000000         0x00018000         xrw
RAM2             0x10000000         0x00008000         xrw
FLASH            0x08000000         0x00100000         xr
*default*        0x00000000         0xffffffff

Linker script and memory map

LOAD C:/ST/STM32CubeIDE_1.19.0/STM32CubeIDE/plugins/com.st.stm32cube.ide.mcu.externaltools.gnu-tools-for-stm32.13.3.rel1.win32_1.0.0.202411081344/tools/bin/../lib/gcc/arm-none-eabi/13.3.1/thumb/v7e-m+fp/hard/crti.o
LOAD C:/ST/STM32CubeIDE_1.19.0/STM32CubeIDE/plugins/com.st.stm32cube.ide.mcu.externaltools.gnu-tools-for-stm32.13.3.rel1.win32_1.0.0.202411081344/tools/bin/../lib/gcc/arm-none-eabi/13.3.1/thumb/v7e-m+fp/hard/crtbegin.o
LOAD C:/ST/STM32CubeIDE_1.19.0/STM32CubeIDE/plugins/com.st.stm32cube.ide.mcu.externaltools.gnu-tools-for-stm32.13.3.rel1.win32_1.0.0.202411081344/tools/bin/../lib/gcc/arm-none-eabi/13.3.1/../../../../arm-none-eabi/lib/thumb/v7e-m+fp/hard/crt0.o
LOAD ./App/Src/Protocol/Requests/encoder_status_request.o
LOAD ./App/Src/Protocol/Requests/fpga_status_request.o
LOAD ./App/Src/Protocol/Requests/led_control_request.o
LOAD ./App/Src/Protocol/Requests/move_end_request.o
LOAD ./App/Src/Protocol/Requests/move_home_request.o
LOAD ./App/Src/Protocol/Requests/move_probe_level_request.o
LOAD ./App/Src/Protocol/Requests/move_queue_add_request.o
LOAD ./App/Src/Protocol/Requests/move_queue_status_request.o
LOAD ./App/Src/Protocol/Requests/set_microsteps_axes_request.o
LOAD ./App/Src/Protocol/Requests/set_microsteps_request.o
LOAD ./App/Src/Protocol/Requests/set_origin_request.o
LOAD ./App/Src/Protocol/Requests/start_move_request.o
LOAD ./App/Src/Protocol/Responses/encoder_status_response.o
LOAD ./App/Src/Protocol/Responses/home_status_response.o
LOAD ./App/Src/Protocol/Responses/led_control_response.o
LOAD ./App/Src/Protocol/Responses/move_end_response.o
LOAD ./App/Src/Protocol/Responses/move_home_response.o
LOAD ./App/Src/Protocol/Responses/move_probe_level_response.o
LOAD ./App/Src/Protocol/Responses/move_queue_add_ack_response.o
LOAD ./App/Src/Protocol/Responses/move_queue_status_response.o
LOAD ./App/Src/Protocol/Responses/set_origin_response.o
LOAD ./App/Src/Protocol/Responses/start_move_response.o
LOAD ./App/Src/Protocol/router.o
LOAD ./App/Src/Services/Home/home_service.o
LOAD ./App/Src/Services/Led/led_service.o
LOAD ./App/Src/Services/Log/log_service.o
LOAD ./App/Src/Services/Motion/motion_hw.o
LOAD ./App/Src/Services/Motion/motion_service.o
LOAD ./App/Src/Services/Probe/probe_service.o
LOAD ./App/Src/Services/Safety/safety_service.o
LOAD ./App/Src/Services/Test/test_spi_service.o
LOAD ./App/Src/Services/service_adapters.o
LOAD ./App/Src/app.o
LOAD ./App/Src/app_spi_handshake.o
LOAD ./App/Src/board_config.o
LOAD ./Core/Src/dma.o
LOAD ./Core/Src/gpio.o
LOAD ./Core/Src/lptim.o
LOAD ./Core/Src/main.o
LOAD ./Core/Src/spi.o
LOAD ./Core/Src/stm32l4xx_hal_msp.o
LOAD ./Core/Src/stm32l4xx_it.o
LOAD ./Core/Src/syscalls.o
LOAD ./Core/Src/sysmem.o
LOAD ./Core/Src/system_stm32l4xx.o
LOAD ./Core/Src/tim.o
LOAD ./Core/Src/usart.o
LOAD ./Core/Startup/startup_stm32l475vgtx.o
LOAD ./Drivers/STM32L4xx_HAL_Driver/Src/stm32l4xx_hal.o
LOAD ./Drivers/STM32L4xx_HAL_Driver/Src/stm32l4xx_hal_cortex.o
LOAD ./Drivers/STM32L4xx_HAL_Driver/Src/stm32l4xx_hal_dma.o
LOAD ./Drivers/STM32L4xx_HAL_Driver/Src/stm32l4xx_hal_dma_ex.o
LOAD ./Drivers/STM32L4xx_HAL_Driver/Src/stm32l4xx_hal_exti.o
LOAD ./Drivers/STM32L4xx_HAL_Driver/Src/stm32l4xx_hal_flash.o
LOAD ./Drivers/STM32L4xx_HAL_Driver/Src/stm32l4xx_hal_flash_ex.o
LOAD ./Drivers/STM32L4xx_HAL_Driver/Src/stm32l4xx_hal_flash_ramfunc.o
LOAD ./Drivers/STM32L4xx_HAL_Driver/Src/stm32l4xx_hal_gpio.o
LOAD ./Drivers/STM32L4xx_HAL_Driver/Src/stm32l4xx_hal_i2c.o
LOAD ./Drivers/STM32L4xx_HAL_Driver/Src/stm32l4xx_hal_i2c_ex.o
LOAD ./Drivers/STM32L4xx_HAL_Driver/Src/stm32l4xx_hal_lptim.o
LOAD ./Drivers/STM32L4xx_HAL_Driver/Src/stm32l4xx_hal_pwr.o
LOAD ./Drivers/STM32L4xx_HAL_Driver/Src/stm32l4xx_hal_pwr_ex.o
LOAD ./Drivers/STM32L4xx_HAL_Driver/Src/stm32l4xx_hal_rcc.o
LOAD ./Drivers/STM32L4xx_HAL_Driver/Src/stm32l4xx_hal_rcc_ex.o
LOAD ./Drivers/STM32L4xx_HAL_Driver/Src/stm32l4xx_hal_spi.o
LOAD ./Drivers/STM32L4xx_HAL_Driver/Src/stm32l4xx_hal_spi_ex.o
LOAD ./Drivers/STM32L4xx_HAL_Driver/Src/stm32l4xx_hal_tim.o
LOAD ./Drivers/STM32L4xx_HAL_Driver/Src/stm32l4xx_hal_tim_ex.o
LOAD ./Drivers/STM32L4xx_HAL_Driver/Src/stm32l4xx_hal_uart.o
LOAD ./Drivers/STM32L4xx_HAL_Driver/Src/stm32l4xx_hal_uart_ex.o
START GROUP
LOAD C:/ST/STM32CubeIDE_1.19.0/STM32CubeIDE/plugins/com.st.stm32cube.ide.mcu.externaltools.gnu-tools-for-stm32.13.3.rel1.win32_1.0.0.202411081344/tools/bin/../lib/gcc/arm-none-eabi/13.3.1/../../../../arm-none-eabi/lib/thumb/v7e-m+fp/hard\libc_nano.a
LOAD C:/ST/STM32CubeIDE_1.19.0/STM32CubeIDE/plugins/com.st.stm32cube.ide.mcu.externaltools.gnu-tools-for-stm32.13.3.rel1.win32_1.0.0.202411081344/tools/bin/../lib/gcc/arm-none-eabi/13.3.1/../../../../arm-none-eabi/lib/thumb/v7e-m+fp/hard\libm.a
END GROUP
START GROUP
LOAD C:/ST/STM32CubeIDE_1.19.0/STM32CubeIDE/plugins/com.st.stm32cube.ide.mcu.externaltools.gnu-tools-for-stm32.13.3.rel1.win32_1.0.0.202411081344/tools/bin/../lib/gcc/arm-none-eabi/13.3.1/thumb/v7e-m+fp/hard\libgcc.a
LOAD C:/ST/STM32CubeIDE_1.19.0/STM32CubeIDE/plugins/com.st.stm32cube.ide.mcu.externaltools.gnu-tools-for-stm32.13.3.rel1.win32_1.0.0.202411081344/tools/bin/../lib/gcc/arm-none-eabi/13.3.1/../../../../arm-none-eabi/lib/thumb/v7e-m+fp/hard\libc_nano.a
END GROUP
START GROUP
LOAD C:/ST/STM32CubeIDE_1.19.0/STM32CubeIDE/plugins/com.st.stm32cube.ide.mcu.externaltools.gnu-tools-for-stm32.13.3.rel1.win32_1.0.0.202411081344/tools/bin/../lib/gcc/arm-none-eabi/13.3.1/thumb/v7e-m+fp/hard\libgcc.a
LOAD C:/ST/STM32CubeIDE_1.19.0/STM32CubeIDE/plugins/com.st.stm32cube.ide.mcu.externaltools.gnu-tools-for-stm32.13.3.rel1.win32_1.0.0.202411081344/tools/bin/../lib/gcc/arm-none-eabi/13.3.1/../../../../arm-none-eabi/lib/thumb/v7e-m+fp/hard\libc_nano.a
LOAD C:/ST/STM32CubeIDE_1.19.0/STM32CubeIDE/plugins/com.st.stm32cube.ide.mcu.externaltools.gnu-tools-for-stm32.13.3.rel1.win32_1.0.0.202411081344/tools/bin/../lib/gcc/arm-none-eabi/13.3.1/../../../../arm-none-eabi/lib/thumb/v7e-m+fp/hard\libnosys.a
END GROUP
START GROUP
LOAD C:/ST/STM32CubeIDE_1.19.0/STM32CubeIDE/plugins/com.st.stm32cube.ide.mcu.externaltools.gnu-tools-for-stm32.13.3.rel1.win32_1.0.0.202411081344/tools/bin/../lib/gcc/arm-none-eabi/13.3.1/thumb/v7e-m+fp/hard\libgcc.a
LOAD C:/ST/STM32CubeIDE_1.19.0/STM32CubeIDE/plugins/com.st.stm32cube.ide.mcu.externaltools.gnu-tools-for-stm32.13.3.rel1.win32_1.0.0.202411081344/tools/bin/../lib/gcc/arm-none-eabi/13.3.1/../../../../arm-none-eabi/lib/thumb/v7e-m+fp/hard\libc_nano.a
LOAD C:/ST/STM32CubeIDE_1.19.0/STM32CubeIDE/plugins/com.st.stm32cube.ide.mcu.externaltools.gnu-tools-for-stm32.13.3.rel1.win32_1.0.0.202411081344/tools/bin/../lib/gcc/arm-none-eabi/13.3.1/../../../../arm-none-eabi/lib/thumb/v7e-m+fp/hard\libnosys.a
END GROUP
LOAD C:/ST/STM32CubeIDE_1.19.0/STM32CubeIDE/plugins/com.st.stm32cube.ide.mcu.externaltools.gnu-tools-for-stm32.13.3.rel1.win32_1.0.0.202411081344/tools/bin/../lib/gcc/arm-none-eabi/13.3.1/thumb/v7e-m+fp/hard/crtend.o
LOAD C:/ST/STM32CubeIDE_1.19.0/STM32CubeIDE/plugins/com.st.stm32cube.ide.mcu.externaltools.gnu-tools-for-stm32.13.3.rel1.win32_1.0.0.202411081344/tools/bin/../lib/gcc/arm-none-eabi/13.3.1/thumb/v7e-m+fp/hard/crtn.o
                0x20018000                        _estack = (ORIGIN (RAM) + LENGTH (RAM))
                0x00000200                        _Min_Heap_Size = 0x200
                0x00000400                        _Min_Stack_Size = 0x400

.isr_vector     0x08000000      0x188
                0x08000000                        . = ALIGN (0x4)
 *(.isr_vector)
 .isr_vector    0x08000000      0x188 ./Core/Startup/startup_stm32l475vgtx.o
                0x08000000                g_pfnVectors
                0x08000188                        . = ALIGN (0x4)

.text           0x08000190    0x10e1c
                0x08000190                        . = ALIGN (0x4)
 *(.text)
 .text          0x08000190       0x40 C:/ST/STM32CubeIDE_1.19.0/STM32CubeIDE/plugins/com.st.stm32cube.ide.mcu.externaltools.gnu-tools-for-stm32.13.3.rel1.win32_1.0.0.202411081344/tools/bin/../lib/gcc/arm-none-eabi/13.3.1/thumb/v7e-m+fp/hard/crtbegin.o
 .text          0x080001d0       0xa0 C:/ST/STM32CubeIDE_1.19.0/STM32CubeIDE/plugins/com.st.stm32cube.ide.mcu.externaltools.gnu-tools-for-stm32.13.3.rel1.win32_1.0.0.202411081344/tools/bin/../lib/gcc/arm-none-eabi/13.3.1/../../../../arm-none-eabi/lib/thumb/v7e-m+fp/hard\libc_nano.a(libc_a-memchr.o)
                0x080001d0                memchr
 .text          0x08000270       0xa0 C:/ST/STM32CubeIDE_1.19.0/STM32CubeIDE/plugins/com.st.stm32cube.ide.mcu.externaltools.gnu-tools-for-stm32.13.3.rel1.win32_1.0.0.202411081344/tools/bin/../lib/gcc/arm-none-eabi/13.3.1/thumb/v7e-m+fp/hard\libgcc.a(_aeabi_ldivmod.o)
                0x08000270                __aeabi_ldivmod
 .text          0x08000310       0x30 C:/ST/STM32CubeIDE_1.19.0/STM32CubeIDE/plugins/com.st.stm32cube.ide.mcu.externaltools.gnu-tools-for-stm32.13.3.rel1.win32_1.0.0.202411081344/tools/bin/../lib/gcc/arm-none-eabi/13.3.1/thumb/v7e-m+fp/hard\libgcc.a(_aeabi_uldivmod.o)
                0x08000310                __aeabi_uldivmod
 .text          0x08000340      0x2f8 C:/ST/STM32CubeIDE_1.19.0/STM32CubeIDE/plugins/com.st.stm32cube.ide.mcu.externaltools.gnu-tools-for-stm32.13.3.rel1.win32_1.0.0.202411081344/tools/bin/../lib/gcc/arm-none-eabi/13.3.1/thumb/v7e-m+fp/hard\libgcc.a(_udivmoddi4.o)
                0x08000340                __udivmoddi4
 .text          0x08000638        0x4 C:/ST/STM32CubeIDE_1.19.0/STM32CubeIDE/plugins/com.st.stm32cube.ide.mcu.externaltools.gnu-tools-for-stm32.13.3.rel1.win32_1.0.0.202411081344/tools/bin/../lib/gcc/arm-none-eabi/13.3.1/thumb/v7e-m+fp/hard\libgcc.a(_dvmd_tls.o)
                0x08000638                __aeabi_idiv0
                0x08000638                __aeabi_ldiv0
 *(.text*)
 .text.has_header_tail
                0x0800063c       0x4e ./App/Src/Protocol/Requests/encoder_status_request.o
 .text.frame_expect_req
                0x0800068a       0x52 ./App/Src/Protocol/Requests/encoder_status_request.o
 .text.encoder_status_req_decoder
                0x080006dc       0x4a ./App/Src/Protocol/Requests/encoder_status_request.o
                0x080006dc                encoder_status_req_decoder
 .text.has_header_tail
                0x08000726       0x4e ./App/Src/Protocol/Requests/led_control_request.o
 .text.be16_read
                0x08000774       0x2c ./App/Src/Protocol/Requests/led_control_request.o
 .text.frame_expect_req
                0x080007a0       0x52 ./App/Src/Protocol/Requests/led_control_request.o
 .text.led_ctrl_req_decoder
                0x080007f2       0x7c ./App/Src/Protocol/Requests/led_control_request.o
                0x080007f2                led_ctrl_req_decoder
 .text.has_header_tail
                0x0800086e       0x4e ./App/Src/Protocol/Requests/move_end_request.o
 .text.frame_expect_req
                0x080008bc       0x52 ./App/Src/Protocol/Requests/move_end_request.o
 .text.move_end_req_decoder
                0x0800090e       0x4a ./App/Src/Protocol/Requests/move_end_request.o
                0x0800090e                move_end_req_decoder
 .text.has_header_tail
                0x08000958       0x4e ./App/Src/Protocol/Requests/move_queue_add_request.o
 .text.be16_read
                0x080009a6       0x2c ./App/Src/Protocol/Requests/move_queue_add_request.o
 .text.be32_read
                0x080009d2       0x36 ./App/Src/Protocol/Requests/move_queue_add_request.o
 .text.frame_expect_req
                0x08000a08       0x52 ./App/Src/Protocol/Requests/move_queue_add_request.o
 .text.move_queue_add_req_decoder
                0x08000a5a      0x15c ./App/Src/Protocol/Requests/move_queue_add_request.o
                0x08000a5a                move_queue_add_req_decoder
 .text.has_header_tail
                0x08000bb6       0x4e ./App/Src/Protocol/Requests/move_queue_status_request.o
 .text.frame_expect_req
                0x08000c04       0x52 ./App/Src/Protocol/Requests/move_queue_status_request.o
 .text.move_queue_status_req_decoder
                0x08000c56       0x4a ./App/Src/Protocol/Requests/move_queue_status_request.o
                0x08000c56                move_queue_status_req_decoder
 .text.has_header_tail
                0x08000ca0       0x4e ./App/Src/Protocol/Requests/set_microsteps_axes_request.o
 .text.frame_expect_req
                0x08000cee       0x52 ./App/Src/Protocol/Requests/set_microsteps_axes_request.o
 .text.set_microsteps_axes_req_decoder
                0x08000d40       0x68 ./App/Src/Protocol/Requests/set_microsteps_axes_request.o
                0x08000d40                set_microsteps_axes_req_decoder
 .text.has_header_tail
                0x08000da8       0x4e ./App/Src/Protocol/Requests/set_microsteps_request.o
 .text.frame_expect_req
                0x08000df6       0x52 ./App/Src/Protocol/Requests/set_microsteps_request.o
 .text.set_microsteps_req_decoder
                0x08000e48       0x56 ./App/Src/Protocol/Requests/set_microsteps_request.o
                0x08000e48                set_microsteps_req_decoder
 .text.has_header_tail
                0x08000e9e       0x4e ./App/Src/Protocol/Requests/set_origin_request.o
 .text.frame_expect_req
                0x08000eec       0x52 ./App/Src/Protocol/Requests/set_origin_request.o
 .text.set_origin_req_decoder
                0x08000f3e       0x64 ./App/Src/Protocol/Requests/set_origin_request.o
                0x08000f3e                set_origin_req_decoder
 .text.has_header_tail
                0x08000fa2       0x4e ./App/Src/Protocol/Requests/start_move_request.o
 .text.frame_expect_req
                0x08000ff0       0x52 ./App/Src/Protocol/Requests/start_move_request.o
 .text.start_move_req_decoder
                0x08001042       0x4a ./App/Src/Protocol/Requests/start_move_request.o
                0x08001042                start_move_req_decoder
 .text.be32_write
                0x0800108c       0x42 ./App/Src/Protocol/Responses/encoder_status_response.o
 .text.resp_init
                0x080010ce       0x26 ./App/Src/Protocol/Responses/encoder_status_response.o
 .text.resp_set_tail
                0x080010f4       0x20 ./App/Src/Protocol/Responses/encoder_status_response.o
 .text.encoder_status_resp_encoder
                0x08001114       0xa4 ./App/Src/Protocol/Responses/encoder_status_response.o
                0x08001114                encoder_status_resp_encoder
 .text.xor_reduce_bytes
                0x080011b8       0x3e ./App/Src/Protocol/Responses/led_control_response.o
 .text.set_parity_byte
                0x080011f6       0x3a ./App/Src/Protocol/Responses/led_control_response.o
 .text.resp_init
                0x08001230       0x26 ./App/Src/Protocol/Responses/led_control_response.o
 .text.resp_set_tail
                0x08001256       0x20 ./App/Src/Protocol/Responses/led_control_response.o
 .text.parity_set_byte_1N
                0x08001276       0x22 ./App/Src/Protocol/Responses/led_control_response.o
 .text.led_ctrl_resp_encoder
                0x08001298       0x66 ./App/Src/Protocol/Responses/led_control_response.o
                0x08001298                led_ctrl_resp_encoder
 .text.resp_init
                0x080012fe       0x26 ./App/Src/Protocol/Responses/move_end_response.o
 .text.resp_set_tail
                0x08001324       0x20 ./App/Src/Protocol/Responses/move_end_response.o
 .text.move_end_resp_encoder
                0x08001344       0x52 ./App/Src/Protocol/Responses/move_end_response.o
                0x08001344                move_end_resp_encoder
 .text.xor_bit_reduce_bytes
                0x08001396       0x68 ./App/Src/Protocol/Responses/move_queue_add_ack_response.o
 .text.set_parity_bit
                0x080013fe       0x44 ./App/Src/Protocol/Responses/move_queue_add_ack_response.o
 .text.resp_init
                0x08001442       0x26 ./App/Src/Protocol/Responses/move_queue_add_ack_response.o
 .text.resp_set_tail
                0x08001468       0x20 ./App/Src/Protocol/Responses/move_queue_add_ack_response.o
 .text.parity_set_bit_1N
                0x08001488       0x22 ./App/Src/Protocol/Responses/move_queue_add_ack_response.o
 .text.move_queue_add_ack_resp_encoder
                0x080014aa       0x5c ./App/Src/Protocol/Responses/move_queue_add_ack_response.o
                0x080014aa                move_queue_add_ack_resp_encoder
 .text.xor_bit_reduce_bytes
                0x08001506       0x68 ./App/Src/Protocol/Responses/move_queue_status_response.o
 .text.set_parity_bit
                0x0800156e       0x44 ./App/Src/Protocol/Responses/move_queue_status_response.o
 .text.resp_init
                0x080015b2       0x26 ./App/Src/Protocol/Responses/move_queue_status_response.o
 .text.resp_set_tail
                0x080015d8       0x20 ./App/Src/Protocol/Responses/move_queue_status_response.o
 .text.parity_set_bit_1N
                0x080015f8       0x22 ./App/Src/Protocol/Responses/move_queue_status_response.o
 .text.move_queue_status_resp_encoder
                0x0800161a       0x98 ./App/Src/Protocol/Responses/move_queue_status_response.o
                0x0800161a                move_queue_status_resp_encoder
 .text.be32_write
                0x080016b2       0x42 ./App/Src/Protocol/Responses/set_origin_response.o
 .text.resp_init
                0x080016f4       0x26 ./App/Src/Protocol/Responses/set_origin_response.o
 .text.resp_set_tail
                0x0800171a       0x20 ./App/Src/Protocol/Responses/set_origin_response.o
 .text.set_origin_resp_encoder
                0x0800173a       0x7a ./App/Src/Protocol/Responses/set_origin_response.o
                0x0800173a                set_origin_resp_encoder
 .text.resp_init
                0x080017b4       0x26 ./App/Src/Protocol/Responses/start_move_response.o
 .text.resp_set_tail
                0x080017da       0x20 ./App/Src/Protocol/Responses/start_move_response.o
 .text.start_move_resp_encoder
                0x080017fa       0x5c ./App/Src/Protocol/Responses/start_move_response.o
                0x080017fa                start_move_resp_encoder
 .text.resp_fifo_create
                0x08001856       0x12 ./App/Src/Protocol/router.o
                0x08001856                resp_fifo_create
 .text.resp_fifo_push
                0x08001868       0xa8 ./App/Src/Protocol/router.o
                0x08001868                resp_fifo_push
 .text.resp_fifo_pop
                0x08001910       0x8a ./App/Src/Protocol/router.o
                0x08001910                resp_fifo_pop
 *fill*         0x0800199a        0x2 
 .text.router_init
                0x0800199c       0x58 ./App/Src/Protocol/router.o
                0x0800199c                router_init
 .text.dispatch
                0x080019f4      0x344 ./App/Src/Protocol/router.o
 .text.router_feed_bytes
                0x08001d38       0x50 ./App/Src/Protocol/router.o
                0x08001d38                router_feed_bytes
 .text.home_service_init
                0x08001d88       0x48 ./App/Src/Services/Home/home_service.o
                0x08001d88                home_service_init
 .text.home_on_move_home
                0x08001dd0       0x3c ./App/Src/Services/Home/home_service.o
                0x08001dd0                home_on_move_home
 .text.led_gpio_config_output
                0x08001e0c       0x4a ./App/Src/Services/Led/led_service.o
 .text.led_gpio_config_pwm
                0x08001e56       0x50 ./App/Src/Services/Led/led_service.o
 *fill*         0x08001ea6        0x2 
 .text.led_push_response
                0x08001ea8       0x90 ./App/Src/Services/Led/led_service.o
 .text.led_timer_get_clock
                0x08001f38       0x38 ./App/Src/Services/Led/led_service.o
 .text.led_compute_period_ticks
                0x08001f70       0xf4 ./App/Src/Services/Led/led_service.o
 .text.led_apply_pwm
                0x08002064       0x60 ./App/Src/Services/Led/led_service.o
 .text.led_force_off
                0x080020c4       0x78 ./App/Src/Services/Led/led_service.o
 .text.led_force_on
                0x0800213c       0x78 ./App/Src/Services/Led/led_service.o
 .text.led_force_blink
                0x080021b4       0xa0 ./App/Src/Services/Led/led_service.o
 .text.led_apply_config
                0x08002254       0x6c ./App/Src/Services/Led/led_service.o
 .text.led_pwm_start
                0x080022c0       0x3c ./App/Src/Services/Led/led_service.o
 .text.led_pwm_stop
                0x080022fc       0x6c ./App/Src/Services/Led/led_service.o
 .text.led_service_init
                0x08002368      0x130 ./App/Src/Services/Led/led_service.o
                0x08002368                led_service_init
 .text.led_on_led_ctrl
                0x08002498      0x1e8 ./App/Src/Services/Led/led_service.o
                0x08002498                led_on_led_ctrl
 .text.ITM_SendChar
                0x08002680       0x4e ./App/Src/Services/Log/log_service.o
 *fill*         0x080026ce        0x2 
 .text.log_service_init
                0x080026d0       0x1c ./App/Src/Services/Log/log_service.o
                0x080026d0                log_service_init
 .text.log_event_ids
                0x080026ec       0x28 ./App/Src/Services/Log/log_service.o
                0x080026ec                log_event_ids
 .text.log_event_names
                0x08002714       0x48 ./App/Src/Services/Log/log_service.o
                0x08002714                log_event_names
 .text.log_swo_enabled
                0x0800275c       0x54 ./App/Src/Services/Log/log_service.o
 .text._write   0x080027b0       0x78 ./App/Src/Services/Log/log_service.o
                0x080027b0                _write
 .text.log_event_auto
                0x08002828       0x8c ./App/Src/Services/Log/log_service.o
                0x08002828                log_event_auto
 .text.gpio_bsrr_set
                0x080028b4       0x26 ./App/Src/Services/Motion/motion_hw.o
 .text.gpio_bsrr_reset
                0x080028da       0x28 ./App/Src/Services/Motion/motion_hw.o
 *fill*         0x08002902        0x2 
 .text.motion_hw_init
                0x08002904      0x110 ./App/Src/Services/Motion/motion_hw.o
                0x08002904                motion_hw_init
 .text.motion_hw_set_dir
                0x08002a14       0x80 ./App/Src/Services/Motion/motion_hw.o
                0x08002a14                motion_hw_set_dir
 .text.motion_hw_enable
                0x08002a94       0x80 ./App/Src/Services/Motion/motion_hw.o
                0x08002a94                motion_hw_enable
 .text.motion_hw_step_high
                0x08002b14       0x48 ./App/Src/Services/Motion/motion_hw.o
                0x08002b14                motion_hw_step_high
 .text.motion_hw_step_low
                0x08002b5c       0x48 ./App/Src/Services/Motion/motion_hw.o
                0x08002b5c                motion_hw_step_low
 .text.motion_hw_encoder_read_raw
                0x08002ba4       0x50 ./App/Src/Services/Motion/motion_hw.o
                0x08002ba4                motion_hw_encoder_read_raw
 .text.motion_hw_encoder_bits
                0x08002bf4       0x38 ./App/Src/Services/Motion/motion_hw.o
                0x08002bf4                motion_hw_encoder_bits
 .text.dda_steps_per_rev_axis
                0x08002c2c       0x38 ./App/Src/Services/Motion/motion_service.o
 .text.motion_csv_print
                0x08002c64       0x1c ./App/Src/Services/Motion/motion_service.o
 .text.motion_lock
                0x08002c80       0x22 ./App/Src/Services/Motion/motion_service.o
 .text.motion_unlock
                0x08002ca2       0x20 ./App/Src/Services/Motion/motion_service.o
 *fill*         0x08002cc2        0x2 
 .text.motion_select_master_axis_progress
                0x08002cc4      0x1a4 ./App/Src/Services/Motion/motion_service.o
 .text.motion_total_for_axis
                0x08002e68       0x34 ./App/Src/Services/Motion/motion_service.o
 .text.motion_velocity_for_axis
                0x08002e9c       0x34 ./App/Src/Services/Motion/motion_service.o
 .text.motion_kp_for_axis
                0x08002ed0       0x34 ./App/Src/Services/Motion/motion_service.o
 .text.motion_ki_for_axis
                0x08002f04       0x34 ./App/Src/Services/Motion/motion_service.o
 .text.motion_kd_for_axis
                0x08002f38       0x34 ./App/Src/Services/Motion/motion_service.o
 .text.motion_clamp_error
                0x08002f6c       0x30 ./App/Src/Services/Motion/motion_service.o
 .text.motion_refresh_status_locked
                0x08002f9c      0x354 ./App/Src/Services/Motion/motion_service.o
 .text.motion_stop_all_axes_locked
                0x080032f0       0xac ./App/Src/Services/Motion/motion_service.o
 .text.motion_queue_clear_locked
                0x0800339c       0x54 ./App/Src/Services/Motion/motion_service.o
 .text.motion_queue_push_locked
                0x080033f0       0xa4 ./App/Src/Services/Motion/motion_service.o
 .text.motion_queue_pop_locked
                0x08003494       0xec ./App/Src/Services/Motion/motion_service.o
 .text.motion_begin_segment_locked
                0x08003580      0x194 ./App/Src/Services/Motion/motion_service.o
 .text.motion_try_start_next_locked
                0x08003714       0x34 ./App/Src/Services/Motion/motion_service.o
 .text.motion_update_encoders
                0x08003748       0xfc ./App/Src/Services/Motion/motion_service.o
 .text.motion_send_queue_add_ack
                0x08003844       0x88 ./App/Src/Services/Motion/motion_service.o
 .text.motion_send_queue_status_response
                0x080038cc       0xc0 ./App/Src/Services/Motion/motion_service.o
 .text.motion_send_start_response
                0x0800398c       0x74 ./App/Src/Services/Motion/motion_service.o
 .text.motion_send_move_end_response
                0x08003a00       0x70 ./App/Src/Services/Motion/motion_service.o
 .text.motion_service_init
                0x08003a70      0x230 ./App/Src/Services/Motion/motion_service.o
                0x08003a70                motion_service_init
 .text.motion_on_tim6_tick
                0x08003ca0      0x67c ./App/Src/Services/Motion/motion_service.o
                0x08003ca0                motion_on_tim6_tick
 .text.motion_on_tim7_tick
                0x0800431c      0xbd4 ./App/Src/Services/Motion/motion_service.o
                0x0800431c                motion_on_tim7_tick
 .text.motion_on_move_queue_add
                0x08004ef0      0x14c ./App/Src/Services/Motion/motion_service.o
                0x08004ef0                motion_on_move_queue_add
 .text.motion_on_move_queue_status
                0x0800503c       0xb0 ./App/Src/Services/Motion/motion_service.o
                0x0800503c                motion_on_move_queue_status
 .text.motion_on_start_move
                0x080050ec      0x188 ./App/Src/Services/Motion/motion_service.o
                0x080050ec                motion_on_start_move
 .text.motion_on_move_end
                0x08005274       0xb8 ./App/Src/Services/Motion/motion_service.o
                0x08005274                motion_on_move_end
 .text.motion_on_set_origin
                0x0800532c      0x160 ./App/Src/Services/Motion/motion_service.o
                0x0800532c                motion_on_set_origin
 .text.motion_on_encoder_status
                0x0800548c      0x1d4 ./App/Src/Services/Motion/motion_service.o
                0x0800548c                motion_on_encoder_status
 .text.motion_on_set_microsteps
                0x08005660       0xd0 ./App/Src/Services/Motion/motion_service.o
                0x08005660                motion_on_set_microsteps
 .text.motion_on_set_microsteps_axes
                0x08005730      0x108 ./App/Src/Services/Motion/motion_service.o
                0x08005730                motion_on_set_microsteps_axes
 .text.motion_demo_set_continuous
                0x08005838      0x168 ./App/Src/Services/Motion/motion_service.o
                0x08005838                motion_demo_set_continuous
 .text.HAL_TIM_PeriodElapsedCallback
                0x080059a0       0x40 ./App/Src/Services/Motion/motion_service.o
                0x080059a0                HAL_TIM_PeriodElapsedCallback
 .text.motion_emergency_stop
                0x080059e0       0x74 ./App/Src/Services/Motion/motion_service.o
                0x080059e0                motion_emergency_stop
 .text.motion_demo_is_active
                0x08005a54       0x24 ./App/Src/Services/Motion/motion_service.o
                0x08005a54                motion_demo_is_active
 .text.motion_demo_cycle_speed
                0x08005a78       0xcc ./App/Src/Services/Motion/motion_service.o
                0x08005a78                motion_demo_cycle_speed
 .text.probe_service_init
                0x08005b44       0x54 ./App/Src/Services/Probe/probe_service.o
                0x08005b44                probe_service_init
 .text.probe_on_move_probe_level
                0x08005b98       0x3c ./App/Src/Services/Probe/probe_service.o
                0x08005b98                probe_on_move_probe_level
 .text.safety_service_init
                0x08005bd4       0x40 ./App/Src/Services/Safety/safety_service.o
                0x08005bd4                safety_service_init
 .text.safety_estop_assert
                0x08005c14       0x40 ./App/Src/Services/Safety/safety_service.o
                0x08005c14                safety_estop_assert
 .text.safety_estop_release
                0x08005c54       0x4c ./App/Src/Services/Safety/safety_service.o
                0x08005c54                safety_estop_release
 .text.safety_is_safe
                0x08005ca0       0x24 ./App/Src/Services/Safety/safety_service.o
                0x08005ca0                safety_is_safe
 .text.h_move_queue_add
                0x08005cc4       0x1c ./App/Src/Services/service_adapters.o
 .text.h_move_queue_status
                0x08005ce0       0x1c ./App/Src/Services/service_adapters.o
 .text.h_start_move
                0x08005cfc       0x1c ./App/Src/Services/service_adapters.o
 .text.h_move_home
                0x08005d18       0x1c ./App/Src/Services/service_adapters.o
 .text.h_move_probe_level
                0x08005d34       0x1c ./App/Src/Services/service_adapters.o
 .text.h_move_end
                0x08005d50       0x1c ./App/Src/Services/service_adapters.o
 .text.h_led_ctrl
                0x08005d6c       0x1c ./App/Src/Services/service_adapters.o
 .text.h_fpga_status
                0x08005d88       0x18 ./App/Src/Services/service_adapters.o
 .text.h_set_origin
                0x08005da0       0x1c ./App/Src/Services/service_adapters.o
 .text.h_encoder_status
                0x08005dbc       0x1c ./App/Src/Services/service_adapters.o
 .text.h_set_microsteps
                0x08005dd8       0x1c ./App/Src/Services/service_adapters.o
 .text.h_set_microsteps_axes
                0x08005df4       0x1c ./App/Src/Services/service_adapters.o
 .text.h_test_hello
                0x08005e10       0x18 ./App/Src/Services/service_adapters.o
 .text.services_register_handlers
                0x08005e28       0xa0 ./App/Src/Services/service_adapters.o
                0x08005e28                services_register_handlers
 .text.tx_fill_left_zero_right_filler
                0x08005ec8       0x28 ./App/Src/app.o
 .text.is_fill42
                0x08005ef0       0x3e ./App/Src/app.o
 .text.find_frame
                0x08005f2e       0x7c ./App/Src/app.o
 *fill*         0x08005faa        0x2 
 .text.prepare_next_tx
                0x08005fac       0x9c ./App/Src/app.o
 .text.restart_spi_dma
                0x08006048       0x50 ./App/Src/app.o
 .text.app_init
                0x08006098       0x6c ./App/Src/app.o
                0x08006098                app_init
 .text.app_poll
                0x08006104       0x7c ./App/Src/app.o
                0x08006104                app_poll
 .text.app_spi_isr_txrx_done
                0x08006180       0x38 ./App/Src/app.o
                0x08006180                app_spi_isr_txrx_done
 .text.app_resp_push
                0x080061b8       0x4c ./App/Src/app.o
                0x080061b8                app_resp_push
 .text.configure_encoder_timer
                0x08006204       0x82 ./App/Src/board_config.o
 .text.configure_output
                0x08006286       0x40 ./App/Src/board_config.o
 *fill*         0x080062c6        0x2 
 .text.board_config_apply_motion_gpio
                0x080062c8       0xbc ./App/Src/board_config.o
                0x080062c8                board_config_apply_motion_gpio
 .text.board_config_force_encoder_quadrature
                0x08006384       0x1c ./App/Src/board_config.o
                0x08006384                board_config_force_encoder_quadrature
 .text.board_config_apply_interrupt_priorities
                0x080063a0       0xb8 ./App/Src/board_config.o
                0x080063a0                board_config_apply_interrupt_priorities
 .text.MX_DMA_Init
                0x08006458       0x4c ./Core/Src/dma.o
                0x08006458                MX_DMA_Init
 .text.MX_GPIO_Init
                0x080064a4      0x164 ./Core/Src/gpio.o
                0x080064a4                MX_GPIO_Init
 .text.MX_LPTIM1_Init
                0x08006608       0x68 ./Core/Src/lptim.o
                0x08006608                MX_LPTIM1_Init
 .text.HAL_LPTIM_MspInit
                0x08006670       0xcc ./Core/Src/lptim.o
                0x08006670                HAL_LPTIM_MspInit
 .text.main     0x0800673c       0x60 ./Core/Src/main.o
                0x0800673c                main
 .text.SystemClock_Config
                0x0800679c       0xa6 ./Core/Src/main.o
                0x0800679c                SystemClock_Config
 .text.HAL_SPI_TxRxCpltCallback
                0x08006842       0x16 ./Core/Src/main.o
                0x08006842                HAL_SPI_TxRxCpltCallback
 .text.HAL_SPI_ErrorCallback
                0x08006858       0x54 ./Core/Src/main.o
                0x08006858                HAL_SPI_ErrorCallback
 .text.HAL_GPIO_EXTI_Callback
                0x080068ac       0xa4 ./Core/Src/main.o
                0x080068ac                HAL_GPIO_EXTI_Callback
 .text.Error_Handler
                0x08006950       0x30 ./Core/Src/main.o
                0x08006950                Error_Handler
 .text.assert_failed
                0x08006980       0x16 ./Core/Src/main.o
                0x08006980                assert_failed
 *fill*         0x08006996        0x2 
 .text.MX_SPI2_Init
                0x08006998       0x70 ./Core/Src/spi.o
                0x08006998                MX_SPI2_Init
 .text.HAL_SPI_MspInit
                0x08006a08      0x14c ./Core/Src/spi.o
                0x08006a08                HAL_SPI_MspInit
 .text.HAL_MspInit
                0x08006b54       0x48 ./Core/Src/stm32l4xx_hal_msp.o
                0x08006b54                HAL_MspInit
 .text.NMI_Handler
                0x08006b9c        0x8 ./Core/Src/stm32l4xx_it.o
                0x08006b9c                NMI_Handler
 .text.HardFault_Handler
                0x08006ba4        0x8 ./Core/Src/stm32l4xx_it.o
                0x08006ba4                HardFault_Handler
 .text.MemManage_Handler
                0x08006bac        0x8 ./Core/Src/stm32l4xx_it.o
                0x08006bac                MemManage_Handler
 .text.BusFault_Handler
                0x08006bb4        0x8 ./Core/Src/stm32l4xx_it.o
                0x08006bb4                BusFault_Handler
 .text.UsageFault_Handler
                0x08006bbc        0x8 ./Core/Src/stm32l4xx_it.o
                0x08006bbc                UsageFault_Handler
 .text.SVC_Handler
                0x08006bc4        0xe ./Core/Src/stm32l4xx_it.o
                0x08006bc4                SVC_Handler
 .text.DebugMon_Handler
                0x08006bd2        0xe ./Core/Src/stm32l4xx_it.o
                0x08006bd2                DebugMon_Handler
 .text.PendSV_Handler
                0x08006be0        0xe ./Core/Src/stm32l4xx_it.o
                0x08006be0                PendSV_Handler
 .text.SysTick_Handler
                0x08006bee        0xc ./Core/Src/stm32l4xx_it.o
                0x08006bee                SysTick_Handler
 *fill*         0x08006bfa        0x2 
 .text.DMA1_Channel4_IRQHandler
                0x08006bfc       0x14 ./Core/Src/stm32l4xx_it.o
                0x08006bfc                DMA1_Channel4_IRQHandler
 .text.DMA1_Channel5_IRQHandler
                0x08006c10       0x14 ./Core/Src/stm32l4xx_it.o
                0x08006c10                DMA1_Channel5_IRQHandler
 .text.SPI2_IRQHandler
                0x08006c24       0x14 ./Core/Src/stm32l4xx_it.o
                0x08006c24                SPI2_IRQHandler
 .text.TIM6_DAC_IRQHandler
                0x08006c38       0x14 ./Core/Src/stm32l4xx_it.o
                0x08006c38                TIM6_DAC_IRQHandler
 .text.TIM7_IRQHandler
                0x08006c4c       0x14 ./Core/Src/stm32l4xx_it.o
                0x08006c4c                TIM7_IRQHandler
 .text.LPTIM1_IRQHandler
                0x08006c60       0x14 ./Core/Src/stm32l4xx_it.o
                0x08006c60                LPTIM1_IRQHandler
 .text.EXTI0_IRQHandler
                0x08006c74        0xe ./Core/Src/stm32l4xx_it.o
                0x08006c74                EXTI0_IRQHandler
 .text.EXTI1_IRQHandler
                0x08006c82        0xe ./Core/Src/stm32l4xx_it.o
                0x08006c82                EXTI1_IRQHandler
 .text.EXTI2_IRQHandler
                0x08006c90        0xe ./Core/Src/stm32l4xx_it.o
                0x08006c90                EXTI2_IRQHandler
 .text.EXTI15_10_IRQHandler
                0x08006c9e       0x10 ./Core/Src/stm32l4xx_it.o
                0x08006c9e                EXTI15_10_IRQHandler
 .text._read    0x08006cae       0x3a ./Core/Src/syscalls.o
                0x08006cae                _read
 .text._close   0x08006ce8       0x18 ./Core/Src/syscalls.o
                0x08006ce8                _close
 .text._fstat   0x08006d00       0x20 ./Core/Src/syscalls.o
                0x08006d00                _fstat
 .text._isatty  0x08006d20       0x16 ./Core/Src/syscalls.o
                0x08006d20                _isatty
 .text._lseek   0x08006d36       0x1a ./Core/Src/syscalls.o
                0x08006d36                _lseek
 .text._sbrk    0x08006d50       0x6c ./Core/Src/sysmem.o
                0x08006d50                _sbrk
 .text.SystemInit
                0x08006dbc       0x24 ./Core/Src/system_stm32l4xx.o
                0x08006dbc                SystemInit
 .text.MX_TIM3_Init
                0x08006de0       0xac ./Core/Src/tim.o
                0x08006de0                MX_TIM3_Init
 .text.MX_TIM5_Init
                0x08006e8c       0xac ./Core/Src/tim.o
                0x08006e8c                MX_TIM5_Init
 .text.MX_TIM6_Init
                0x08006f38       0x6c ./Core/Src/tim.o
                0x08006f38                MX_TIM6_Init
 .text.MX_TIM7_Init
                0x08006fa4       0x6c ./Core/Src/tim.o
                0x08006fa4                MX_TIM7_Init
 .text.MX_TIM15_Init
                0x08007010      0x144 ./Core/Src/tim.o
                0x08007010                MX_TIM15_Init
 .text.HAL_TIM_Encoder_MspInit
                0x08007154       0xe8 ./Core/Src/tim.o
                0x08007154                HAL_TIM_Encoder_MspInit
 .text.HAL_TIM_Base_MspInit
                0x0800723c       0xac ./Core/Src/tim.o
                0x0800723c                HAL_TIM_Base_MspInit
 .text.HAL_TIM_MspPostInit
                0x080072e8       0xac ./Core/Src/tim.o
                0x080072e8                HAL_TIM_MspPostInit
 .text.MX_USART1_UART_Init
                0x08007394       0x60 ./Core/Src/usart.o
                0x08007394                MX_USART1_UART_Init
 .text.HAL_UART_MspInit
                0x080073f4       0xbc ./Core/Src/usart.o
                0x080073f4                HAL_UART_MspInit
 .text.Reset_Handler
                0x080074b0       0x50 ./Core/Startup/startup_stm32l475vgtx.o
                0x080074b0                Reset_Handler
 .text.Default_Handler
                0x08007500        0x2 ./Core/Startup/startup_stm32l475vgtx.o
                0x08007500                RTC_Alarm_IRQHandler
                0x08007500                TIM8_TRG_COM_IRQHandler
                0x08007500                TIM8_CC_IRQHandler
                0x08007500                TIM1_CC_IRQHandler
                0x08007500                TSC_IRQHandler
                0x08007500                TAMP_STAMP_IRQHandler
                0x08007500                EXTI3_IRQHandler
                0x08007500                LPTIM2_IRQHandler
                0x08007500                DFSDM1_FLT1_IRQHandler
                0x08007500                I2C3_ER_IRQHandler
                0x08007500                DFSDM1_FLT2_IRQHandler
                0x08007500                I2C2_EV_IRQHandler
                0x08007500                CAN1_RX0_IRQHandler
                0x08007500                FPU_IRQHandler
                0x08007500                TIM1_UP_TIM16_IRQHandler
                0x08007500                ADC1_2_IRQHandler
                0x08007500                SPI1_IRQHandler
                0x08007500                TIM8_UP_IRQHandler
                0x08007500                DMA2_Channel2_IRQHandler
                0x08007500                SAI2_IRQHandler
                0x08007500                DFSDM1_FLT3_IRQHandler
                0x08007500                USART3_IRQHandler
                0x08007500                DMA1_Channel7_IRQHandler
                0x08007500                CAN1_RX1_IRQHandler
                0x08007500                UART5_IRQHandler
                0x08007500                ADC3_IRQHandler
                0x08007500                TIM4_IRQHandler
                0x08007500                DMA2_Channel1_IRQHandler
                0x08007500                QUADSPI_IRQHandler
                0x08007500                I2C1_EV_IRQHandler
                0x08007500                DMA1_Channel6_IRQHandler
                0x08007500                UART4_IRQHandler
                0x08007500                DMA2_Channel4_IRQHandler
                0x08007500                TIM3_IRQHandler
                0x08007500                RCC_IRQHandler
                0x08007500                DMA1_Channel1_IRQHandler
                0x08007500                Default_Handler
                0x08007500                DMA2_Channel7_IRQHandler
                0x08007500                SDMMC1_IRQHandler
                0x08007500                TIM5_IRQHandler
                0x08007500                I2C3_EV_IRQHandler
                0x08007500                EXTI9_5_IRQHandler
                0x08007500                RTC_WKUP_IRQHandler
                0x08007500                PVD_PVM_IRQHandler
                0x08007500                CAN1_TX_IRQHandler
                0x08007500                DMA2_Channel5_IRQHandler
                0x08007500                EXTI4_IRQHandler
                0x08007500                RNG_IRQHandler
                0x08007500                TIM1_TRG_COM_TIM17_IRQHandler
                0x08007500                DMA1_Channel3_IRQHandler
                0x08007500                COMP_IRQHandler
                0x08007500                WWDG_IRQHandler
                0x08007500                LPUART1_IRQHandler
                0x08007500                DMA2_Channel6_IRQHandler
                0x08007500                TIM2_IRQHandler
                0x08007500                USART2_IRQHandler
                0x08007500                DFSDM1_FLT0_IRQHandler
                0x08007500                I2C2_ER_IRQHandler
                0x08007500                DMA1_Channel2_IRQHandler
                0x08007500                TIM8_BRK_IRQHandler
                0x08007500                CAN1_SCE_IRQHandler
                0x08007500                FLASH_IRQHandler
                0x08007500                USART1_IRQHandler
                0x08007500                OTG_FS_IRQHandler
                0x08007500                SPI3_IRQHandler
                0x08007500                I2C1_ER_IRQHandler
                0x08007500                FMC_IRQHandler
                0x08007500                SWPMI1_IRQHandler
                0x08007500                SAI1_IRQHandler
                0x08007500                DMA2_Channel3_IRQHandler
                0x08007500                TIM1_BRK_TIM15_IRQHandler
 .text.HAL_Init
                0x08007502       0x30 ./Drivers/STM32L4xx_HAL_Driver/Src/stm32l4xx_hal.o
                0x08007502                HAL_Init
 *fill*         0x08007532        0x2 
 .text.HAL_InitTick
                0x08007534       0x78 ./Drivers/STM32L4xx_HAL_Driver/Src/stm32l4xx_hal.o
                0x08007534                HAL_InitTick
 .text.HAL_IncTick
                0x080075ac       0x28 ./Drivers/STM32L4xx_HAL_Driver/Src/stm32l4xx_hal.o
                0x080075ac                HAL_IncTick
 .text.HAL_GetTick
                0x080075d4       0x18 ./Drivers/STM32L4xx_HAL_Driver/Src/stm32l4xx_hal.o
                0x080075d4                HAL_GetTick
 .text.__NVIC_SetPriorityGrouping
                0x080075ec       0x48 ./Drivers/STM32L4xx_HAL_Driver/Src/stm32l4xx_hal_cortex.o
 .text.__NVIC_GetPriorityGrouping
                0x08007634       0x1c ./Drivers/STM32L4xx_HAL_Driver/Src/stm32l4xx_hal_cortex.o
 .text.__NVIC_EnableIRQ
                0x08007650       0x3c ./Drivers/STM32L4xx_HAL_Driver/Src/stm32l4xx_hal_cortex.o
 .text.__NVIC_SetPriority
                0x0800768c       0x54 ./Drivers/STM32L4xx_HAL_Driver/Src/stm32l4xx_hal_cortex.o
 .text.NVIC_EncodePriority
                0x080076e0       0x66 ./Drivers/STM32L4xx_HAL_Driver/Src/stm32l4xx_hal_cortex.o
 *fill*         0x08007746        0x2 
 .text.SysTick_Config
                0x08007748       0x44 ./Drivers/STM32L4xx_HAL_Driver/Src/stm32l4xx_hal_cortex.o
 .text.HAL_NVIC_SetPriorityGrouping
                0x0800778c       0x40 ./Drivers/STM32L4xx_HAL_Driver/Src/stm32l4xx_hal_cortex.o
                0x0800778c                HAL_NVIC_SetPriorityGrouping
 .text.HAL_NVIC_SetPriority
                0x080077cc       0x58 ./Drivers/STM32L4xx_HAL_Driver/Src/stm32l4xx_hal_cortex.o
                0x080077cc                HAL_NVIC_SetPriority
 .text.HAL_NVIC_EnableIRQ
                0x08007824       0x30 ./Drivers/STM32L4xx_HAL_Driver/Src/stm32l4xx_hal_cortex.o
                0x08007824                HAL_NVIC_EnableIRQ
 .text.HAL_SYSTICK_Config
                0x08007854       0x18 ./Drivers/STM32L4xx_HAL_Driver/Src/stm32l4xx_hal_cortex.o
                0x08007854                HAL_SYSTICK_Config
 .text.HAL_DMA_Init
                0x0800786c      0x370 ./Drivers/STM32L4xx_HAL_Driver/Src/stm32l4xx_hal_dma.o
                0x0800786c                HAL_DMA_Init
 .text.HAL_DMA_Start_IT
                0x08007bdc       0xdc ./Drivers/STM32L4xx_HAL_Driver/Src/stm32l4xx_hal_dma.o
                0x08007bdc                HAL_DMA_Start_IT
 .text.HAL_DMA_Abort_IT
                0x08007cb8       0x82 ./Drivers/STM32L4xx_HAL_Driver/Src/stm32l4xx_hal_dma.o
                0x08007cb8                HAL_DMA_Abort_IT
 .text.HAL_DMA_IRQHandler
                0x08007d3a      0x15e ./Drivers/STM32L4xx_HAL_Driver/Src/stm32l4xx_hal_dma.o
                0x08007d3a                HAL_DMA_IRQHandler
 .text.DMA_SetConfig
                0x08007e98       0x60 ./Drivers/STM32L4xx_HAL_Driver/Src/stm32l4xx_hal_dma.o
 .text.HAL_GPIO_Init
                0x08007ef8      0x518 ./Drivers/STM32L4xx_HAL_Driver/Src/stm32l4xx_hal_gpio.o
                0x08007ef8                HAL_GPIO_Init
 .text.HAL_GPIO_ReadPin
                0x08008410       0x40 ./Drivers/STM32L4xx_HAL_Driver/Src/stm32l4xx_hal_gpio.o
                0x08008410                HAL_GPIO_ReadPin
 .text.HAL_GPIO_WritePin
                0x08008450       0x58 ./Drivers/STM32L4xx_HAL_Driver/Src/stm32l4xx_hal_gpio.o
                0x08008450                HAL_GPIO_WritePin
 .text.HAL_GPIO_TogglePin
                0x080084a8       0x44 ./Drivers/STM32L4xx_HAL_Driver/Src/stm32l4xx_hal_gpio.o
                0x080084a8                HAL_GPIO_TogglePin
 .text.HAL_GPIO_EXTI_IRQHandler
                0x080084ec       0x30 ./Drivers/STM32L4xx_HAL_Driver/Src/stm32l4xx_hal_gpio.o
                0x080084ec                HAL_GPIO_EXTI_IRQHandler
 .text.HAL_LPTIM_Init
                0x0800851c      0x414 ./Drivers/STM32L4xx_HAL_Driver/Src/stm32l4xx_hal_lptim.o
                0x0800851c                HAL_LPTIM_Init
 .text.HAL_LPTIM_Encoder_Start
                0x08008930      0x114 ./Drivers/STM32L4xx_HAL_Driver/Src/stm32l4xx_hal_lptim.o
                0x08008930                HAL_LPTIM_Encoder_Start
 .text.HAL_LPTIM_Encoder_Stop
                0x08008a44       0x64 ./Drivers/STM32L4xx_HAL_Driver/Src/stm32l4xx_hal_lptim.o
                0x08008a44                HAL_LPTIM_Encoder_Stop
 .text.HAL_LPTIM_IRQHandler
                0x08008aa8      0x136 ./Drivers/STM32L4xx_HAL_Driver/Src/stm32l4xx_hal_lptim.o
                0x08008aa8                HAL_LPTIM_IRQHandler
 .text.HAL_LPTIM_CompareMatchCallback
                0x08008bde       0x14 ./Drivers/STM32L4xx_HAL_Driver/Src/stm32l4xx_hal_lptim.o
                0x08008bde                HAL_LPTIM_CompareMatchCallback
 .text.HAL_LPTIM_AutoReloadMatchCallback
                0x08008bf2       0x14 ./Drivers/STM32L4xx_HAL_Driver/Src/stm32l4xx_hal_lptim.o
                0x08008bf2                HAL_LPTIM_AutoReloadMatchCallback
 .text.HAL_LPTIM_TriggerCallback
                0x08008c06       0x14 ./Drivers/STM32L4xx_HAL_Driver/Src/stm32l4xx_hal_lptim.o
                0x08008c06                HAL_LPTIM_TriggerCallback
 .text.HAL_LPTIM_CompareWriteCallback
                0x08008c1a       0x14 ./Drivers/STM32L4xx_HAL_Driver/Src/stm32l4xx_hal_lptim.o
                0x08008c1a                HAL_LPTIM_CompareWriteCallback
 .text.HAL_LPTIM_AutoReloadWriteCallback
                0x08008c2e       0x14 ./Drivers/STM32L4xx_HAL_Driver/Src/stm32l4xx_hal_lptim.o
                0x08008c2e                HAL_LPTIM_AutoReloadWriteCallback
 .text.HAL_LPTIM_DirectionUpCallback
                0x08008c42       0x14 ./Drivers/STM32L4xx_HAL_Driver/Src/stm32l4xx_hal_lptim.o
                0x08008c42                HAL_LPTIM_DirectionUpCallback
 .text.HAL_LPTIM_DirectionDownCallback
                0x08008c56       0x14 ./Drivers/STM32L4xx_HAL_Driver/Src/stm32l4xx_hal_lptim.o
                0x08008c56                HAL_LPTIM_DirectionDownCallback
 .text.HAL_LPTIM_GetState
                0x08008c6a       0x1c ./Drivers/STM32L4xx_HAL_Driver/Src/stm32l4xx_hal_lptim.o
                0x08008c6a                HAL_LPTIM_GetState
 *fill*         0x08008c86        0x2 
 .text.LPTIM_WaitForFlag
                0x08008c88       0x60 ./Drivers/STM32L4xx_HAL_Driver/Src/stm32l4xx_hal_lptim.o
 .text.LPTIM_Disable
                0x08008ce8      0x200 ./Drivers/STM32L4xx_HAL_Driver/Src/stm32l4xx_hal_lptim.o
                0x08008ce8                LPTIM_Disable
 .text.HAL_PWREx_GetVoltageRange
                0x08008ee8       0x1c ./Drivers/STM32L4xx_HAL_Driver/Src/stm32l4xx_hal_pwr_ex.o
                0x08008ee8                HAL_PWREx_GetVoltageRange
 .text.HAL_PWREx_ControlVoltageScaling
                0x08008f04       0xc4 ./Drivers/STM32L4xx_HAL_Driver/Src/stm32l4xx_hal_pwr_ex.o
                0x08008f04                HAL_PWREx_ControlVoltageScaling
 .text.HAL_RCC_OscConfig
                0x08008fc8      0xa04 ./Drivers/STM32L4xx_HAL_Driver/Src/stm32l4xx_hal_rcc.o
                0x08008fc8                HAL_RCC_OscConfig
 .text.HAL_RCC_ClockConfig
                0x080099cc      0x340 ./Drivers/STM32L4xx_HAL_Driver/Src/stm32l4xx_hal_rcc.o
                0x080099cc                HAL_RCC_ClockConfig
 .text.HAL_RCC_GetSysClockFreq
                0x08009d0c      0x118 ./Drivers/STM32L4xx_HAL_Driver/Src/stm32l4xx_hal_rcc.o
                0x08009d0c                HAL_RCC_GetSysClockFreq
 .text.HAL_RCC_GetHCLKFreq
                0x08009e24       0x18 ./Drivers/STM32L4xx_HAL_Driver/Src/stm32l4xx_hal_rcc.o
                0x08009e24                HAL_RCC_GetHCLKFreq
 .text.HAL_RCC_GetPCLK1Freq
                0x08009e3c       0x2c ./Drivers/STM32L4xx_HAL_Driver/Src/stm32l4xx_hal_rcc.o
                0x08009e3c                HAL_RCC_GetPCLK1Freq
 .text.HAL_RCC_GetPCLK2Freq
                0x08009e68       0x2c ./Drivers/STM32L4xx_HAL_Driver/Src/stm32l4xx_hal_rcc.o
                0x08009e68                HAL_RCC_GetPCLK2Freq
 .text.RCC_SetFlashLatencyFromMSIRange
                0x08009e94       0xc0 ./Drivers/STM32L4xx_HAL_Driver/Src/stm32l4xx_hal_rcc.o
 .text.HAL_RCCEx_PeriphCLKConfig
                0x08009f54      0x97c ./Drivers/STM32L4xx_HAL_Driver/Src/stm32l4xx_hal_rcc_ex.o
                0x08009f54                HAL_RCCEx_PeriphCLKConfig
 .text.RCCEx_PLLSAI1_Config
                0x0800a8d0      0x300 ./Drivers/STM32L4xx_HAL_Driver/Src/stm32l4xx_hal_rcc_ex.o
 .text.RCCEx_PLLSAI2_Config
                0x0800abd0      0x294 ./Drivers/STM32L4xx_HAL_Driver/Src/stm32l4xx_hal_rcc_ex.o
 .text.HAL_SPI_Init
                0x0800ae64      0x3dc ./Drivers/STM32L4xx_HAL_Driver/Src/stm32l4xx_hal_spi.o
                0x0800ae64                HAL_SPI_Init
 .text.HAL_SPI_TransmitReceive_DMA
                0x0800b240      0x348 ./Drivers/STM32L4xx_HAL_Driver/Src/stm32l4xx_hal_spi.o
                0x0800b240                HAL_SPI_TransmitReceive_DMA
 .text.HAL_SPI_IRQHandler
                0x0800b588      0x200 ./Drivers/STM32L4xx_HAL_Driver/Src/stm32l4xx_hal_spi.o
                0x0800b588                HAL_SPI_IRQHandler
 .text.HAL_SPI_RxCpltCallback
                0x0800b788       0x14 ./Drivers/STM32L4xx_HAL_Driver/Src/stm32l4xx_hal_spi.o
                0x0800b788                HAL_SPI_RxCpltCallback
 .text.HAL_SPI_RxHalfCpltCallback
                0x0800b79c       0x14 ./Drivers/STM32L4xx_HAL_Driver/Src/stm32l4xx_hal_spi.o
                0x0800b79c                HAL_SPI_RxHalfCpltCallback
 .text.HAL_SPI_TxRxHalfCpltCallback
                0x0800b7b0       0x14 ./Drivers/STM32L4xx_HAL_Driver/Src/stm32l4xx_hal_spi.o
                0x0800b7b0                HAL_SPI_TxRxHalfCpltCallback
 .text.HAL_SPI_GetState
                0x0800b7c4       0x1c ./Drivers/STM32L4xx_HAL_Driver/Src/stm32l4xx_hal_spi.o
                0x0800b7c4                HAL_SPI_GetState
 .text.SPI_DMAReceiveCplt
                0x0800b7e0       0xa8 ./Drivers/STM32L4xx_HAL_Driver/Src/stm32l4xx_hal_spi.o
 .text.SPI_DMATransmitReceiveCplt
                0x0800b888       0x90 ./Drivers/STM32L4xx_HAL_Driver/Src/stm32l4xx_hal_spi.o
 .text.SPI_DMAHalfReceiveCplt
                0x0800b918       0x1c ./Drivers/STM32L4xx_HAL_Driver/Src/stm32l4xx_hal_spi.o
 .text.SPI_DMAHalfTransmitReceiveCplt
                0x0800b934       0x1c ./Drivers/STM32L4xx_HAL_Driver/Src/stm32l4xx_hal_spi.o
 .text.SPI_DMAError
                0x0800b950       0x40 ./Drivers/STM32L4xx_HAL_Driver/Src/stm32l4xx_hal_spi.o
 .text.SPI_DMAAbortOnError
                0x0800b990       0x2a ./Drivers/STM32L4xx_HAL_Driver/Src/stm32l4xx_hal_spi.o
 *fill*         0x0800b9ba        0x2 
 .text.SPI_WaitFlagStateUntilTimeout
                0x0800b9bc      0x110 ./Drivers/STM32L4xx_HAL_Driver/Src/stm32l4xx_hal_spi.o
 .text.SPI_WaitFifoStateUntilTimeout
                0x0800bacc      0x12c ./Drivers/STM32L4xx_HAL_Driver/Src/stm32l4xx_hal_spi.o
 .text.SPI_EndRxTransaction
                0x0800bbf8       0xb0 ./Drivers/STM32L4xx_HAL_Driver/Src/stm32l4xx_hal_spi.o
 .text.SPI_EndRxTxTransaction
                0x0800bca8       0x8c ./Drivers/STM32L4xx_HAL_Driver/Src/stm32l4xx_hal_spi.o
 .text.HAL_TIM_Base_Init
                0x0800bd34      0x214 ./Drivers/STM32L4xx_HAL_Driver/Src/stm32l4xx_hal_tim.o
                0x0800bd34                HAL_TIM_Base_Init
 .text.HAL_TIM_Base_Start_IT
                0x0800bf48      0x168 ./Drivers/STM32L4xx_HAL_Driver/Src/stm32l4xx_hal_tim.o
                0x0800bf48                HAL_TIM_Base_Start_IT
 .text.HAL_TIM_Base_Stop_IT
                0x0800c0b0      0x100 ./Drivers/STM32L4xx_HAL_Driver/Src/stm32l4xx_hal_tim.o
                0x0800c0b0                HAL_TIM_Base_Stop_IT
 .text.HAL_TIM_PWM_Init
                0x0800c1b0      0x214 ./Drivers/STM32L4xx_HAL_Driver/Src/stm32l4xx_hal_tim.o
                0x0800c1b0                HAL_TIM_PWM_Init
 .text.HAL_TIM_PWM_MspInit
                0x0800c3c4       0x14 ./Drivers/STM32L4xx_HAL_Driver/Src/stm32l4xx_hal_tim.o
                0x0800c3c4                HAL_TIM_PWM_MspInit
 .text.HAL_TIM_PWM_Start
                0x0800c3d8      0x360 ./Drivers/STM32L4xx_HAL_Driver/Src/stm32l4xx_hal_tim.o
                0x0800c3d8                HAL_TIM_PWM_Start
 .text.HAL_TIM_PWM_Stop
                0x0800c738      0x268 ./Drivers/STM32L4xx_HAL_Driver/Src/stm32l4xx_hal_tim.o
                0x0800c738                HAL_TIM_PWM_Stop
 .text.HAL_TIM_Encoder_Init
                0x0800c9a0      0x384 ./Drivers/STM32L4xx_HAL_Driver/Src/stm32l4xx_hal_tim.o
                0x0800c9a0                HAL_TIM_Encoder_Init
 .text.HAL_TIM_Encoder_Start
                0x0800cd24      0x17c ./Drivers/STM32L4xx_HAL_Driver/Src/stm32l4xx_hal_tim.o
                0x0800cd24                HAL_TIM_Encoder_Start
 .text.HAL_TIM_IRQHandler
                0x0800cea0      0x20e ./Drivers/STM32L4xx_HAL_Driver/Src/stm32l4xx_hal_tim.o
                0x0800cea0                HAL_TIM_IRQHandler
 *fill*         0x0800d0ae        0x2 
 .text.HAL_TIM_PWM_ConfigChannel
                0x0800d0b0      0x49c ./Drivers/STM32L4xx_HAL_Driver/Src/stm32l4xx_hal_tim.o
                0x0800d0b0                HAL_TIM_PWM_ConfigChannel
 .text.HAL_TIM_GenerateEvent
                0x0800d54c      0x108 ./Drivers/STM32L4xx_HAL_Driver/Src/stm32l4xx_hal_tim.o
                0x0800d54c                HAL_TIM_GenerateEvent
 .text.HAL_TIM_ConfigClockSource
                0x0800d654      0x694 ./Drivers/STM32L4xx_HAL_Driver/Src/stm32l4xx_hal_tim.o
                0x0800d654                HAL_TIM_ConfigClockSource
 .text.HAL_TIM_OC_DelayElapsedCallback
                0x0800dce8       0x14 ./Drivers/STM32L4xx_HAL_Driver/Src/stm32l4xx_hal_tim.o
                0x0800dce8                HAL_TIM_OC_DelayElapsedCallback
 .text.HAL_TIM_IC_CaptureCallback
                0x0800dcfc       0x14 ./Drivers/STM32L4xx_HAL_Driver/Src/stm32l4xx_hal_tim.o
                0x0800dcfc                HAL_TIM_IC_CaptureCallback
 .text.HAL_TIM_PWM_PulseFinishedCallback
                0x0800dd10       0x14 ./Drivers/STM32L4xx_HAL_Driver/Src/stm32l4xx_hal_tim.o
                0x0800dd10                HAL_TIM_PWM_PulseFinishedCallback
 .text.HAL_TIM_TriggerCallback
                0x0800dd24       0x14 ./Drivers/STM32L4xx_HAL_Driver/Src/stm32l4xx_hal_tim.o
                0x0800dd24                HAL_TIM_TriggerCallback
 .text.TIM_Base_SetConfig
                0x0800dd38      0x14c ./Drivers/STM32L4xx_HAL_Driver/Src/stm32l4xx_hal_tim.o
                0x0800dd38                TIM_Base_SetConfig
 .text.TIM_OC1_SetConfig
                0x0800de84      0x174 ./Drivers/STM32L4xx_HAL_Driver/Src/stm32l4xx_hal_tim.o
 .text.TIM_OC2_SetConfig
                0x0800dff8      0x164 ./Drivers/STM32L4xx_HAL_Driver/Src/stm32l4xx_hal_tim.o
                0x0800dff8                TIM_OC2_SetConfig
 .text.TIM_OC3_SetConfig
                0x0800e15c      0x164 ./Drivers/STM32L4xx_HAL_Driver/Src/stm32l4xx_hal_tim.o
 .text.TIM_OC4_SetConfig
                0x0800e2c0       0xf0 ./Drivers/STM32L4xx_HAL_Driver/Src/stm32l4xx_hal_tim.o
 .text.TIM_OC5_SetConfig
                0x0800e3b0       0xc8 ./Drivers/STM32L4xx_HAL_Driver/Src/stm32l4xx_hal_tim.o
 .text.TIM_OC6_SetConfig
                0x0800e478       0xcc ./Drivers/STM32L4xx_HAL_Driver/Src/stm32l4xx_hal_tim.o
 .text.TIM_TI1_ConfigInputStage
                0x0800e544       0x5e ./Drivers/STM32L4xx_HAL_Driver/Src/stm32l4xx_hal_tim.o
 .text.TIM_TI2_ConfigInputStage
                0x0800e5a2       0x60 ./Drivers/STM32L4xx_HAL_Driver/Src/stm32l4xx_hal_tim.o
 .text.TIM_ITRx_SetConfig
                0x0800e602       0x36 ./Drivers/STM32L4xx_HAL_Driver/Src/stm32l4xx_hal_tim.o
 .text.TIM_ETR_SetConfig
                0x0800e638       0x40 ./Drivers/STM32L4xx_HAL_Driver/Src/stm32l4xx_hal_tim.o
                0x0800e638                TIM_ETR_SetConfig
 .text.TIM_CCxChannelCmd
                0x0800e678       0xf0 ./Drivers/STM32L4xx_HAL_Driver/Src/stm32l4xx_hal_tim.o
                0x0800e678                TIM_CCxChannelCmd
 .text.HAL_TIMEx_MasterConfigSynchronization
                0x0800e768      0x2ac ./Drivers/STM32L4xx_HAL_Driver/Src/stm32l4xx_hal_tim_ex.o
                0x0800e768                HAL_TIMEx_MasterConfigSynchronization
 .text.HAL_TIMEx_ConfigBreakDeadTime
                0x0800ea14      0x270 ./Drivers/STM32L4xx_HAL_Driver/Src/stm32l4xx_hal_tim_ex.o
                0x0800ea14                HAL_TIMEx_ConfigBreakDeadTime
 .text.HAL_TIMEx_CommutCallback
                0x0800ec84       0x14 ./Drivers/STM32L4xx_HAL_Driver/Src/stm32l4xx_hal_tim_ex.o
                0x0800ec84                HAL_TIMEx_CommutCallback
 .text.HAL_TIMEx_BreakCallback
                0x0800ec98       0x14 ./Drivers/STM32L4xx_HAL_Driver/Src/stm32l4xx_hal_tim_ex.o
                0x0800ec98                HAL_TIMEx_BreakCallback
 .text.HAL_TIMEx_Break2Callback
                0x0800ecac       0x14 ./Drivers/STM32L4xx_HAL_Driver/Src/stm32l4xx_hal_tim_ex.o
                0x0800ecac                HAL_TIMEx_Break2Callback
 .text.HAL_UART_Init
                0x0800ecc0      0x150 ./Drivers/STM32L4xx_HAL_Driver/Src/stm32l4xx_hal_uart.o
                0x0800ecc0                HAL_UART_Init
 .text.HAL_UART_Transmit
                0x0800ee10      0x112 ./Drivers/STM32L4xx_HAL_Driver/Src/stm32l4xx_hal_uart.o
                0x0800ee10                HAL_UART_Transmit
 *fill*         0x0800ef22        0x2 
 .text.UART_SetConfig
                0x0800ef24      0x6bc ./Drivers/STM32L4xx_HAL_Driver/Src/stm32l4xx_hal_uart.o
                0x0800ef24                UART_SetConfig
 .text.UART_AdvFeatureConfig
                0x0800f5e0      0x2c0 ./Drivers/STM32L4xx_HAL_Driver/Src/stm32l4xx_hal_uart.o
                0x0800f5e0                UART_AdvFeatureConfig
 .text.UART_CheckIdleState
                0x0800f8a0      0x150 ./Drivers/STM32L4xx_HAL_Driver/Src/stm32l4xx_hal_uart.o
                0x0800f8a0                UART_CheckIdleState
 .text.UART_WaitOnFlagUntilTimeout
                0x0800f9f0       0xda ./Drivers/STM32L4xx_HAL_Driver/Src/stm32l4xx_hal_uart.o
                0x0800f9f0                UART_WaitOnFlagUntilTimeout
 .text.UART_EndRxTransfer
                0x0800faca       0xc8 ./Drivers/STM32L4xx_HAL_Driver/Src/stm32l4xx_hal_uart.o
 *fill*         0x0800fb92        0x2 
 .text.calloc   0x0800fb94       0x10 C:/ST/STM32CubeIDE_1.19.0/STM32CubeIDE/plugins/com.st.stm32cube.ide.mcu.externaltools.gnu-tools-for-stm32.13.3.rel1.win32_1.0.0.202411081344/tools/bin/../lib/gcc/arm-none-eabi/13.3.1/../../../../arm-none-eabi/lib/thumb/v7e-m+fp/hard\libc_nano.a(libc_a-calloc.o)
                0x0800fb94                calloc
 .text._calloc_r
                0x0800fba4       0x28 C:/ST/STM32CubeIDE_1.19.0/STM32CubeIDE/plugins/com.st.stm32cube.ide.mcu.externaltools.gnu-tools-for-stm32.13.3.rel1.win32_1.0.0.202411081344/tools/bin/../lib/gcc/arm-none-eabi/13.3.1/../../../../arm-none-eabi/lib/thumb/v7e-m+fp/hard\libc_nano.a(libc_a-callocr.o)
                0x0800fba4                _calloc_r
 .text.malloc   0x0800fbcc       0x10 C:/ST/STM32CubeIDE_1.19.0/STM32CubeIDE/plugins/com.st.stm32cube.ide.mcu.externaltools.gnu-tools-for-stm32.13.3.rel1.win32_1.0.0.202411081344/tools/bin/../lib/gcc/arm-none-eabi/13.3.1/../../../../arm-none-eabi/lib/thumb/v7e-m+fp/hard\libc_nano.a(libc_a-malloc.o)
                0x0800fbcc                malloc
 .text.free     0x0800fbdc       0x10 C:/ST/STM32CubeIDE_1.19.0/STM32CubeIDE/plugins/com.st.stm32cube.ide.mcu.externaltools.gnu-tools-for-stm32.13.3.rel1.win32_1.0.0.202411081344/tools/bin/../lib/gcc/arm-none-eabi/13.3.1/../../../../arm-none-eabi/lib/thumb/v7e-m+fp/hard\libc_nano.a(libc_a-malloc.o)
                0x0800fbdc                free
 .text.sbrk_aligned
                0x0800fbec       0x44 C:/ST/STM32CubeIDE_1.19.0/STM32CubeIDE/plugins/com.st.stm32cube.ide.mcu.externaltools.gnu-tools-for-stm32.13.3.rel1.win32_1.0.0.202411081344/tools/bin/../lib/gcc/arm-none-eabi/13.3.1/../../../../arm-none-eabi/lib/thumb/v7e-m+fp/hard\libc_nano.a(libc_a-mallocr.o)
 .text._malloc_r
                0x0800fc30      0x100 C:/ST/STM32CubeIDE_1.19.0/STM32CubeIDE/plugins/com.st.stm32cube.ide.mcu.externaltools.gnu-tools-for-stm32.13.3.rel1.win32_1.0.0.202411081344/tools/bin/../lib/gcc/arm-none-eabi/13.3.1/../../../../arm-none-eabi/lib/thumb/v7e-m+fp/hard\libc_nano.a(libc_a-mallocr.o)
                0x0800fc30                _malloc_r
 .text.__malloc_lock
                0x0800fd30        0xc C:/ST/STM32CubeIDE_1.19.0/STM32CubeIDE/plugins/com.st.stm32cube.ide.mcu.externaltools.gnu-tools-for-stm32.13.3.rel1.win32_1.0.0.202411081344/tools/bin/../lib/gcc/arm-none-eabi/13.3.1/../../../../arm-none-eabi/lib/thumb/v7e-m+fp/hard\libc_nano.a(libc_a-mlock.o)
                0x0800fd30                __malloc_lock
 .text.__malloc_unlock
                0x0800fd3c        0xc C:/ST/STM32CubeIDE_1.19.0/STM32CubeIDE/plugins/com.st.stm32cube.ide.mcu.externaltools.gnu-tools-for-stm32.13.3.rel1.win32_1.0.0.202411081344/tools/bin/../lib/gcc/arm-none-eabi/13.3.1/../../../../arm-none-eabi/lib/thumb/v7e-m+fp/hard\libc_nano.a(libc_a-mlock.o)
                0x0800fd3c                __malloc_unlock
 .text.std      0x0800fd48       0x6c C:/ST/STM32CubeIDE_1.19.0/STM32CubeIDE/plugins/com.st.stm32cube.ide.mcu.externaltools.gnu-tools-for-stm32.13.3.rel1.win32_1.0.0.202411081344/tools/bin/../lib/gcc/arm-none-eabi/13.3.1/../../../../arm-none-eabi/lib/thumb/v7e-m+fp/hard\libc_nano.a(libc_a-findfp.o)
 .text.stdio_exit_handler
                0x0800fdb4       0x18 C:/ST/STM32CubeIDE_1.19.0/STM32CubeIDE/plugins/com.st.stm32cube.ide.mcu.externaltools.gnu-tools-for-stm32.13.3.rel1.win32_1.0.0.202411081344/tools/bin/../lib/gcc/arm-none-eabi/13.3.1/../../../../arm-none-eabi/lib/thumb/v7e-m+fp/hard\libc_nano.a(libc_a-findfp.o)
 .text.cleanup_stdio
                0x0800fdcc       0x40 C:/ST/STM32CubeIDE_1.19.0/STM32CubeIDE/plugins/com.st.stm32cube.ide.mcu.externaltools.gnu-tools-for-stm32.13.3.rel1.win32_1.0.0.202411081344/tools/bin/../lib/gcc/arm-none-eabi/13.3.1/../../../../arm-none-eabi/lib/thumb/v7e-m+fp/hard\libc_nano.a(libc_a-findfp.o)
 .text.global_stdio_init.part.0
                0x0800fe0c       0x3c C:/ST/STM32CubeIDE_1.19.0/STM32CubeIDE/plugins/com.st.stm32cube.ide.mcu.externaltools.gnu-tools-for-stm32.13.3.rel1.win32_1.0.0.202411081344/tools/bin/../lib/gcc/arm-none-eabi/13.3.1/../../../../arm-none-eabi/lib/thumb/v7e-m+fp/hard\libc_nano.a(libc_a-findfp.o)
 .text.__sfp_lock_acquire
                0x0800fe48        0xc C:/ST/STM32CubeIDE_1.19.0/STM32CubeIDE/plugins/com.st.stm32cube.ide.mcu.externaltools.gnu-tools-for-stm32.13.3.rel1.win32_1.0.0.202411081344/tools/bin/../lib/gcc/arm-none-eabi/13.3.1/../../../../arm-none-eabi/lib/thumb/v7e-m+fp/hard\libc_nano.a(libc_a-findfp.o)
                0x0800fe48                __sfp_lock_acquire
 .text.__sfp_lock_release
                0x0800fe54        0xc C:/ST/STM32CubeIDE_1.19.0/STM32CubeIDE/plugins/com.st.stm32cube.ide.mcu.externaltools.gnu-tools-for-stm32.13.3.rel1.win32_1.0.0.202411081344/tools/bin/../lib/gcc/arm-none-eabi/13.3.1/../../../../arm-none-eabi/lib/thumb/v7e-m+fp/hard\libc_nano.a(libc_a-findfp.o)
                0x0800fe54                __sfp_lock_release
 .text.__sinit  0x0800fe60       0x30 C:/ST/STM32CubeIDE_1.19.0/STM32CubeIDE/plugins/com.st.stm32cube.ide.mcu.externaltools.gnu-tools-for-stm32.13.3.rel1.win32_1.0.0.202411081344/tools/bin/../lib/gcc/arm-none-eabi/13.3.1/../../../../arm-none-eabi/lib/thumb/v7e-m+fp/hard\libc_nano.a(libc_a-findfp.o)
                0x0800fe60                __sinit
 .text._fwalk_sglue
                0x0800fe90       0x3c C:/ST/STM32CubeIDE_1.19.0/STM32CubeIDE/plugins/com.st.stm32cube.ide.mcu.externaltools.gnu-tools-for-stm32.13.3.rel1.win32_1.0.0.202411081344/tools/bin/../lib/gcc/arm-none-eabi/13.3.1/../../../../arm-none-eabi/lib/thumb/v7e-m+fp/hard\libc_nano.a(libc_a-fwalk.o)
                0x0800fe90                _fwalk_sglue
 .text.printf   0x0800fecc       0x24 C:/ST/STM32CubeIDE_1.19.0/STM32CubeIDE/plugins/com.st.stm32cube.ide.mcu.externaltools.gnu-tools-for-stm32.13.3.rel1.win32_1.0.0.202411081344/tools/bin/../lib/gcc/arm-none-eabi/13.3.1/../../../../arm-none-eabi/lib/thumb/v7e-m+fp/hard\libc_nano.a(libc_a-printf.o)
                0x0800fecc                iprintf
                0x0800fecc                printf
 .text.setvbuf  0x0800fef0      0x168 C:/ST/STM32CubeIDE_1.19.0/STM32CubeIDE/plugins/com.st.stm32cube.ide.mcu.externaltools.gnu-tools-for-stm32.13.3.rel1.win32_1.0.0.202411081344/tools/bin/../lib/gcc/arm-none-eabi/13.3.1/../../../../arm-none-eabi/lib/thumb/v7e-m+fp/hard\libc_nano.a(libc_a-setvbuf.o)
                0x0800fef0                setvbuf
 .text.__sread  0x08010058       0x22 C:/ST/STM32CubeIDE_1.19.0/STM32CubeIDE/plugins/com.st.stm32cube.ide.mcu.externaltools.gnu-tools-for-stm32.13.3.rel1.win32_1.0.0.202411081344/tools/bin/../lib/gcc/arm-none-eabi/13.3.1/../../../../arm-none-eabi/lib/thumb/v7e-m+fp/hard\libc_nano.a(libc_a-stdio.o)
                0x08010058                __sread
 .text.__swrite
                0x0801007a       0x38 C:/ST/STM32CubeIDE_1.19.0/STM32CubeIDE/plugins/com.st.stm32cube.ide.mcu.externaltools.gnu-tools-for-stm32.13.3.rel1.win32_1.0.0.202411081344/tools/bin/../lib/gcc/arm-none-eabi/13.3.1/../../../../arm-none-eabi/lib/thumb/v7e-m+fp/hard\libc_nano.a(libc_a-stdio.o)
                0x0801007a                __swrite
 .text.__sseek  0x080100b2       0x24 C:/ST/STM32CubeIDE_1.19.0/STM32CubeIDE/plugins/com.st.stm32cube.ide.mcu.externaltools.gnu-tools-for-stm32.13.3.rel1.win32_1.0.0.202411081344/tools/bin/../lib/gcc/arm-none-eabi/13.3.1/../../../../arm-none-eabi/lib/thumb/v7e-m+fp/hard\libc_nano.a(libc_a-stdio.o)
                0x080100b2                __sseek
 .text.__sclose
                0x080100d6        0x8 C:/ST/STM32CubeIDE_1.19.0/STM32CubeIDE/plugins/com.st.stm32cube.ide.mcu.externaltools.gnu-tools-for-stm32.13.3.rel1.win32_1.0.0.202411081344/tools/bin/../lib/gcc/arm-none-eabi/13.3.1/../../../../arm-none-eabi/lib/thumb/v7e-m+fp/hard\libc_nano.a(libc_a-stdio.o)
                0x080100d6                __sclose
 .text._vsnprintf_r
                0x080100de       0x5c C:/ST/STM32CubeIDE_1.19.0/STM32CubeIDE/plugins/com.st.stm32cube.ide.mcu.externaltools.gnu-tools-for-stm32.13.3.rel1.win32_1.0.0.202411081344/tools/bin/../lib/gcc/arm-none-eabi/13.3.1/../../../../arm-none-eabi/lib/thumb/v7e-m+fp/hard\libc_nano.a(libc_a-vsnprintf.o)
                0x080100de                _vsniprintf_r
                0x080100de                _vsnprintf_r
 *fill*         0x0801013a        0x2 
 .text.vsnprintf
                0x0801013c       0x1c C:/ST/STM32CubeIDE_1.19.0/STM32CubeIDE/plugins/com.st.stm32cube.ide.mcu.externaltools.gnu-tools-for-stm32.13.3.rel1.win32_1.0.0.202411081344/tools/bin/../lib/gcc/arm-none-eabi/13.3.1/../../../../arm-none-eabi/lib/thumb/v7e-m+fp/hard\libc_nano.a(libc_a-vsnprintf.o)
                0x0801013c                vsniprintf
                0x0801013c                vsnprintf
 .text.memset   0x08010158       0x10 C:/ST/STM32CubeIDE_1.19.0/STM32CubeIDE/plugins/com.st.stm32cube.ide.mcu.externaltools.gnu-tools-for-stm32.13.3.rel1.win32_1.0.0.202411081344/tools/bin/../lib/gcc/arm-none-eabi/13.3.1/../../../../arm-none-eabi/lib/thumb/v7e-m+fp/hard\libc_nano.a(libc_a-memset.o)
                0x08010158                memset
 .text._close_r
                0x08010168       0x20 C:/ST/STM32CubeIDE_1.19.0/STM32CubeIDE/plugins/com.st.stm32cube.ide.mcu.externaltools.gnu-tools-for-stm32.13.3.rel1.win32_1.0.0.202411081344/tools/bin/../lib/gcc/arm-none-eabi/13.3.1/../../../../arm-none-eabi/lib/thumb/v7e-m+fp/hard\libc_nano.a(libc_a-closer.o)
                0x08010168                _close_r
 .text._lseek_r
                0x08010188       0x24 C:/ST/STM32CubeIDE_1.19.0/STM32CubeIDE/plugins/com.st.stm32cube.ide.mcu.externaltools.gnu-tools-for-stm32.13.3.rel1.win32_1.0.0.202411081344/tools/bin/../lib/gcc/arm-none-eabi/13.3.1/../../../../arm-none-eabi/lib/thumb/v7e-m+fp/hard\libc_nano.a(libc_a-lseekr.o)
                0x08010188                _lseek_r
 .text._read_r  0x080101ac       0x24 C:/ST/STM32CubeIDE_1.19.0/STM32CubeIDE/plugins/com.st.stm32cube.ide.mcu.externaltools.gnu-tools-for-stm32.13.3.rel1.win32_1.0.0.202411081344/tools/bin/../lib/gcc/arm-none-eabi/13.3.1/../../../../arm-none-eabi/lib/thumb/v7e-m+fp/hard\libc_nano.a(libc_a-readr.o)
                0x080101ac                _read_r
 .text._sbrk_r  0x080101d0       0x20 C:/ST/STM32CubeIDE_1.19.0/STM32CubeIDE/plugins/com.st.stm32cube.ide.mcu.externaltools.gnu-tools-for-stm32.13.3.rel1.win32_1.0.0.202411081344/tools/bin/../lib/gcc/arm-none-eabi/13.3.1/../../../../arm-none-eabi/lib/thumb/v7e-m+fp/hard\libc_nano.a(libc_a-sbrkr.o)
                0x080101d0                _sbrk_r
 .text._write_r
                0x080101f0       0x24 C:/ST/STM32CubeIDE_1.19.0/STM32CubeIDE/plugins/com.st.stm32cube.ide.mcu.externaltools.gnu-tools-for-stm32.13.3.rel1.win32_1.0.0.202411081344/tools/bin/../lib/gcc/arm-none-eabi/13.3.1/../../../../arm-none-eabi/lib/thumb/v7e-m+fp/hard\libc_nano.a(libc_a-writer.o)
                0x080101f0                _write_r
 .text.__errno  0x08010214        0xc C:/ST/STM32CubeIDE_1.19.0/STM32CubeIDE/plugins/com.st.stm32cube.ide.mcu.externaltools.gnu-tools-for-stm32.13.3.rel1.win32_1.0.0.202411081344/tools/bin/../lib/gcc/arm-none-eabi/13.3.1/../../../../arm-none-eabi/lib/thumb/v7e-m+fp/hard\libc_nano.a(libc_a-errno.o)
                0x08010214                __errno
 .text.__libc_init_array
                0x08010220       0x48 C:/ST/STM32CubeIDE_1.19.0/STM32CubeIDE/plugins/com.st.stm32cube.ide.mcu.externaltools.gnu-tools-for-stm32.13.3.rel1.win32_1.0.0.202411081344/tools/bin/../lib/gcc/arm-none-eabi/13.3.1/../../../../arm-none-eabi/lib/thumb/v7e-m+fp/hard\libc_nano.a(libc_a-init.o)
                0x08010220                __libc_init_array
 .text.__retarget_lock_init_recursive
                0x08010268        0x2 C:/ST/STM32CubeIDE_1.19.0/STM32CubeIDE/plugins/com.st.stm32cube.ide.mcu.externaltools.gnu-tools-for-stm32.13.3.rel1.win32_1.0.0.202411081344/tools/bin/../lib/gcc/arm-none-eabi/13.3.1/../../../../arm-none-eabi/lib/thumb/v7e-m+fp/hard\libc_nano.a(libc_a-lock.o)
                0x08010268                __retarget_lock_init_recursive
 .text.__retarget_lock_acquire_recursive
                0x0801026a        0x2 C:/ST/STM32CubeIDE_1.19.0/STM32CubeIDE/plugins/com.st.stm32cube.ide.mcu.externaltools.gnu-tools-for-stm32.13.3.rel1.win32_1.0.0.202411081344/tools/bin/../lib/gcc/arm-none-eabi/13.3.1/../../../../arm-none-eabi/lib/thumb/v7e-m+fp/hard\libc_nano.a(libc_a-lock.o)
                0x0801026a                __retarget_lock_acquire_recursive
 .text.__retarget_lock_release_recursive
                0x0801026c        0x2 C:/ST/STM32CubeIDE_1.19.0/STM32CubeIDE/plugins/com.st.stm32cube.ide.mcu.externaltools.gnu-tools-for-stm32.13.3.rel1.win32_1.0.0.202411081344/tools/bin/../lib/gcc/arm-none-eabi/13.3.1/../../../../arm-none-eabi/lib/thumb/v7e-m+fp/hard\libc_nano.a(libc_a-lock.o)
                0x0801026c                __retarget_lock_release_recursive
 .text.memcpy   0x0801026e       0x1c C:/ST/STM32CubeIDE_1.19.0/STM32CubeIDE/plugins/com.st.stm32cube.ide.mcu.externaltools.gnu-tools-for-stm32.13.3.rel1.win32_1.0.0.202411081344/tools/bin/../lib/gcc/arm-none-eabi/13.3.1/../../../../arm-none-eabi/lib/thumb/v7e-m+fp/hard\libc_nano.a(libc_a-memcpy-stub.o)
                0x0801026e                memcpy
 *fill*         0x0801028a        0x2 
 .text._free_r  0x0801028c       0x94 C:/ST/STM32CubeIDE_1.19.0/STM32CubeIDE/plugins/com.st.stm32cube.ide.mcu.externaltools.gnu-tools-for-stm32.13.3.rel1.win32_1.0.0.202411081344/tools/bin/../lib/gcc/arm-none-eabi/13.3.1/../../../../arm-none-eabi/lib/thumb/v7e-m+fp/hard\libc_nano.a(libc_a-freer.o)
                0x0801028c                _free_r
 .text.__ssputs_r
                0x08010320       0xb6 C:/ST/STM32CubeIDE_1.19.0/STM32CubeIDE/plugins/com.st.stm32cube.ide.mcu.externaltools.gnu-tools-for-stm32.13.3.rel1.win32_1.0.0.202411081344/tools/bin/../lib/gcc/arm-none-eabi/13.3.1/../../../../arm-none-eabi/lib/thumb/v7e-m+fp/hard\libc_nano.a(libc_a-nano-svfprintf.o)
                0x08010320                __ssputs_r
 *fill*         0x080103d6        0x2 
 .text._svfprintf_r
                0x080103d8      0x1f8 C:/ST/STM32CubeIDE_1.19.0/STM32CubeIDE/plugins/com.st.stm32cube.ide.mcu.externaltools.gnu-tools-for-stm32.13.3.rel1.win32_1.0.0.202411081344/tools/bin/../lib/gcc/arm-none-eabi/13.3.1/../../../../arm-none-eabi/lib/thumb/v7e-m+fp/hard\libc_nano.a(libc_a-nano-svfprintf.o)
                0x080103d8                _svfiprintf_r
                0x080103d8                _svfprintf_r
 .text.__sfputc_r
                0x080105d0       0x2e C:/ST/STM32CubeIDE_1.19.0/STM32CubeIDE/plugins/com.st.stm32cube.ide.mcu.externaltools.gnu-tools-for-stm32.13.3.rel1.win32_1.0.0.202411081344/tools/bin/../lib/gcc/arm-none-eabi/13.3.1/../../../../arm-none-eabi/lib/thumb/v7e-m+fp/hard\libc_nano.a(libc_a-nano-vfprintf.o)
 .text.__sfputs_r
                0x080105fe       0x24 C:/ST/STM32CubeIDE_1.19.0/STM32CubeIDE/plugins/com.st.stm32cube.ide.mcu.externaltools.gnu-tools-for-stm32.13.3.rel1.win32_1.0.0.202411081344/tools/bin/../lib/gcc/arm-none-eabi/13.3.1/../../../../arm-none-eabi/lib/thumb/v7e-m+fp/hard\libc_nano.a(libc_a-nano-vfprintf.o)
                0x080105fe                __sfputs_r
 *fill*         0x08010622        0x2 
 .text._vfprintf_r
                0x08010624      0x230 C:/ST/STM32CubeIDE_1.19.0/STM32CubeIDE/plugins/com.st.stm32cube.ide.mcu.externaltools.gnu-tools-for-stm32.13.3.rel1.win32_1.0.0.202411081344/tools/bin/../lib/gcc/arm-none-eabi/13.3.1/../../../../arm-none-eabi/lib/thumb/v7e-m+fp/hard\libc_nano.a(libc_a-nano-vfprintf.o)
                0x08010624                _vfprintf_r
                0x08010624                _vfiprintf_r
 .text._printf_common
                0x08010854       0xda C:/ST/STM32CubeIDE_1.19.0/STM32CubeIDE/plugins/com.st.stm32cube.ide.mcu.externaltools.gnu-tools-for-stm32.13.3.rel1.win32_1.0.0.202411081344/tools/bin/../lib/gcc/arm-none-eabi/13.3.1/../../../../arm-none-eabi/lib/thumb/v7e-m+fp/hard\libc_nano.a(libc_a-nano-vfprintf_i.o)
                0x08010854                _printf_common
 *fill*         0x0801092e        0x2 
 .text._printf_i
                0x08010930      0x23c C:/ST/STM32CubeIDE_1.19.0/STM32CubeIDE/plugins/com.st.stm32cube.ide.mcu.externaltools.gnu-tools-for-stm32.13.3.rel1.win32_1.0.0.202411081344/tools/bin/../lib/gcc/arm-none-eabi/13.3.1/../../../../arm-none-eabi/lib/thumb/v7e-m+fp/hard\libc_nano.a(libc_a-nano-vfprintf_i.o)
                0x08010930                _printf_i
 .text.__sflush_r
                0x08010b6c      0x108 C:/ST/STM32CubeIDE_1.19.0/STM32CubeIDE/plugins/com.st.stm32cube.ide.mcu.externaltools.gnu-tools-for-stm32.13.3.rel1.win32_1.0.0.202411081344/tools/bin/../lib/gcc/arm-none-eabi/13.3.1/../../../../arm-none-eabi/lib/thumb/v7e-m+fp/hard\libc_nano.a(libc_a-fflush.o)
                0x08010b6c                __sflush_r
 .text._fflush_r
                0x08010c74       0x50 C:/ST/STM32CubeIDE_1.19.0/STM32CubeIDE/plugins/com.st.stm32cube.ide.mcu.externaltools.gnu-tools-for-stm32.13.3.rel1.win32_1.0.0.202411081344/tools/bin/../lib/gcc/arm-none-eabi/13.3.1/../../../../arm-none-eabi/lib/thumb/v7e-m+fp/hard\libc_nano.a(libc_a-fflush.o)
                0x08010c74                _fflush_r
 .text.__swhatbuf_r
                0x08010cc4       0x4c C:/ST/STM32CubeIDE_1.19.0/STM32CubeIDE/plugins/com.st.stm32cube.ide.mcu.externaltools.gnu-tools-for-stm32.13.3.rel1.win32_1.0.0.202411081344/tools/bin/../lib/gcc/arm-none-eabi/13.3.1/../../../../arm-none-eabi/lib/thumb/v7e-m+fp/hard\libc_nano.a(libc_a-makebuf.o)
                0x08010cc4                __swhatbuf_r
 .text.__smakebuf_r
                0x08010d10       0x78 C:/ST/STM32CubeIDE_1.19.0/STM32CubeIDE/plugins/com.st.stm32cube.ide.mcu.externaltools.gnu-tools-for-stm32.13.3.rel1.win32_1.0.0.202411081344/tools/bin/../lib/gcc/arm-none-eabi/13.3.1/../../../../arm-none-eabi/lib/thumb/v7e-m+fp/hard\libc_nano.a(libc_a-makebuf.o)
                0x08010d10                __smakebuf_r
 .text.__swbuf_r
                0x08010d88       0x7c C:/ST/STM32CubeIDE_1.19.0/STM32CubeIDE/plugins/com.st.stm32cube.ide.mcu.externaltools.gnu-tools-for-stm32.13.3.rel1.win32_1.0.0.202411081344/tools/bin/../lib/gcc/arm-none-eabi/13.3.1/../../../../arm-none-eabi/lib/thumb/v7e-m+fp/hard\libc_nano.a(libc_a-wbuf.o)
                0x08010d88                __swbuf_r
 .text.__swsetup_r
                0x08010e04       0xac C:/ST/STM32CubeIDE_1.19.0/STM32CubeIDE/plugins/com.st.stm32cube.ide.mcu.externaltools.gnu-tools-for-stm32.13.3.rel1.win32_1.0.0.202411081344/tools/bin/../lib/gcc/arm-none-eabi/13.3.1/../../../../arm-none-eabi/lib/thumb/v7e-m+fp/hard\libc_nano.a(libc_a-wsetup.o)
                0x08010e04                __swsetup_r
 .text.memmove  0x08010eb0       0x34 C:/ST/STM32CubeIDE_1.19.0/STM32CubeIDE/plugins/com.st.stm32cube.ide.mcu.externaltools.gnu-tools-for-stm32.13.3.rel1.win32_1.0.0.202411081344/tools/bin/../lib/gcc/arm-none-eabi/13.3.1/../../../../arm-none-eabi/lib/thumb/v7e-m+fp/hard\libc_nano.a(libc_a-memmove.o)
                0x08010eb0                memmove
 .text._fstat_r
                0x08010ee4       0x24 C:/ST/STM32CubeIDE_1.19.0/STM32CubeIDE/plugins/com.st.stm32cube.ide.mcu.externaltools.gnu-tools-for-stm32.13.3.rel1.win32_1.0.0.202411081344/tools/bin/../lib/gcc/arm-none-eabi/13.3.1/../../../../arm-none-eabi/lib/thumb/v7e-m+fp/hard\libc_nano.a(libc_a-fstatr.o)
                0x08010ee4                _fstat_r
 .text._isatty_r
                0x08010f08       0x20 C:/ST/STM32CubeIDE_1.19.0/STM32CubeIDE/plugins/com.st.stm32cube.ide.mcu.externaltools.gnu-tools-for-stm32.13.3.rel1.win32_1.0.0.202411081344/tools/bin/../lib/gcc/arm-none-eabi/13.3.1/../../../../arm-none-eabi/lib/thumb/v7e-m+fp/hard\libc_nano.a(libc_a-isattyr.o)
                0x08010f08                _isatty_r
 .text._realloc_r
                0x08010f28       0x5c C:/ST/STM32CubeIDE_1.19.0/STM32CubeIDE/plugins/com.st.stm32cube.ide.mcu.externaltools.gnu-tools-for-stm32.13.3.rel1.win32_1.0.0.202411081344/tools/bin/../lib/gcc/arm-none-eabi/13.3.1/../../../../arm-none-eabi/lib/thumb/v7e-m+fp/hard\libc_nano.a(libc_a-reallocr.o)
                0x08010f28                _realloc_r
 .text._malloc_usable_size_r
                0x08010f84       0x10 C:/ST/STM32CubeIDE_1.19.0/STM32CubeIDE/plugins/com.st.stm32cube.ide.mcu.externaltools.gnu-tools-for-stm32.13.3.rel1.win32_1.0.0.202411081344/tools/bin/../lib/gcc/arm-none-eabi/13.3.1/../../../../arm-none-eabi/lib/thumb/v7e-m+fp/hard\libc_nano.a(libc_a-msizer.o)
                0x08010f84                _malloc_usable_size_r
 *(.glue_7)
 .glue_7        0x08010f94        0x0 linker stubs
 *(.glue_7t)
 .glue_7t       0x08010f94        0x0 linker stubs
 *(.eh_frame)
 .eh_frame      0x08010f94        0x0 C:/ST/STM32CubeIDE_1.19.0/STM32CubeIDE/plugins/com.st.stm32cube.ide.mcu.externaltools.gnu-tools-for-stm32.13.3.rel1.win32_1.0.0.202411081344/tools/bin/../lib/gcc/arm-none-eabi/13.3.1/thumb/v7e-m+fp/hard/crtbegin.o
 *(.init)
 .init          0x08010f94        0x4 C:/ST/STM32CubeIDE_1.19.0/STM32CubeIDE/plugins/com.st.stm32cube.ide.mcu.externaltools.gnu-tools-for-stm32.13.3.rel1.win32_1.0.0.202411081344/tools/bin/../lib/gcc/arm-none-eabi/13.3.1/thumb/v7e-m+fp/hard/crti.o
                0x08010f94                _init
 .init          0x08010f98        0x8 C:/ST/STM32CubeIDE_1.19.0/STM32CubeIDE/plugins/com.st.stm32cube.ide.mcu.externaltools.gnu-tools-for-stm32.13.3.rel1.win32_1.0.0.202411081344/tools/bin/../lib/gcc/arm-none-eabi/13.3.1/thumb/v7e-m+fp/hard/crtn.o
 *(.fini)
 .fini          0x08010fa0        0x4 C:/ST/STM32CubeIDE_1.19.0/STM32CubeIDE/plugins/com.st.stm32cube.ide.mcu.externaltools.gnu-tools-for-stm32.13.3.rel1.win32_1.0.0.202411081344/tools/bin/../lib/gcc/arm-none-eabi/13.3.1/thumb/v7e-m+fp/hard/crti.o
                0x08010fa0                _fini
 .fini          0x08010fa4        0x8 C:/ST/STM32CubeIDE_1.19.0/STM32CubeIDE/plugins/com.st.stm32cube.ide.mcu.externaltools.gnu-tools-for-stm32.13.3.rel1.win32_1.0.0.202411081344/tools/bin/../lib/gcc/arm-none-eabi/13.3.1/thumb/v7e-m+fp/hard/crtn.o
                0x08010fac                        . = ALIGN (0x4)
                0x08010fac                        _etext = .

.vfp11_veneer   0x08010fac        0x0
 .vfp11_veneer  0x08010fac        0x0 linker stubs

.v4_bx          0x08010fac        0x0
 .v4_bx         0x08010fac        0x0 linker stubs

.iplt           0x08010fac        0x0
 .iplt          0x08010fac        0x0 C:/ST/STM32CubeIDE_1.19.0/STM32CubeIDE/plugins/com.st.stm32cube.ide.mcu.externaltools.gnu-tools-for-stm32.13.3.rel1.win32_1.0.0.202411081344/tools/bin/../lib/gcc/arm-none-eabi/13.3.1/thumb/v7e-m+fp/hard/crtbegin.o

.rodata         0x08010fac      0x794
                0x08010fac                        . = ALIGN (0x4)
 *(.rodata)
 .rodata        0x08010fac       0x32 ./App/Src/Services/Home/home_service.o
 *fill*         0x08010fde        0x2 
 .rodata        0x08010fe0      0x17c ./App/Src/Services/Led/led_service.o
 .rodata        0x0801115c       0x48 ./App/Src/Services/Log/log_service.o
 .rodata        0x080111a4      0x18e ./App/Src/Services/Motion/motion_service.o
 *fill*         0x08011332        0x2 
 .rodata        0x08011334       0x39 ./App/Src/Services/Probe/probe_service.o
 *fill*         0x0801136d        0x3 
 .rodata        0x08011370       0x34 ./App/Src/Services/Safety/safety_service.o
 .rodata        0x080113a4       0x1c ./Core/Src/main.o
 .rodata        0x080113c0       0x3b ./Drivers/STM32L4xx_HAL_Driver/Src/stm32l4xx_hal_cortex.o
 *fill*         0x080113fb        0x1 
 .rodata        0x080113fc       0x38 ./Drivers/STM32L4xx_HAL_Driver/Src/stm32l4xx_hal_dma.o
 .rodata        0x08011434       0x39 ./Drivers/STM32L4xx_HAL_Driver/Src/stm32l4xx_hal_gpio.o
 *fill*         0x0801146d        0x3 
 .rodata        0x08011470       0x3a ./Drivers/STM32L4xx_HAL_Driver/Src/stm32l4xx_hal_lptim.o
 *fill*         0x080114aa        0x2 
 .rodata        0x080114ac       0x3b ./Drivers/STM32L4xx_HAL_Driver/Src/stm32l4xx_hal_pwr_ex.o
 *fill*         0x080114e7        0x1 
 .rodata        0x080114e8       0x38 ./Drivers/STM32L4xx_HAL_Driver/Src/stm32l4xx_hal_rcc.o
 .rodata        0x08011520       0x3b ./Drivers/STM32L4xx_HAL_Driver/Src/stm32l4xx_hal_rcc_ex.o
 *fill*         0x0801155b        0x1 
 .rodata        0x0801155c       0x38 ./Drivers/STM32L4xx_HAL_Driver/Src/stm32l4xx_hal_spi.o
 .rodata        0x08011594       0x38 ./Drivers/STM32L4xx_HAL_Driver/Src/stm32l4xx_hal_tim.o
 .rodata        0x080115cc       0x3b ./Drivers/STM32L4xx_HAL_Driver/Src/stm32l4xx_hal_tim_ex.o
 *fill*         0x08011607        0x1 
 .rodata        0x08011608       0x39 ./Drivers/STM32L4xx_HAL_Driver/Src/stm32l4xx_hal_uart.o
 *(.rodata*)
 *fill*         0x08011641        0x3 
 .rodata.g_axis
                0x08011644       0x6c ./App/Src/Services/Motion/motion_hw.o
 .rodata.ENC_COUNTS_PER_REV
                0x080116b0        0xc ./App/Src/Services/Motion/motion_service.o
 .rodata.g_demo_speed_table
                0x080116bc        0x8 ./App/Src/Services/Motion/motion_service.o
 .rodata.AHBPrescTable
                0x080116c4       0x10 ./Core/Src/system_stm32l4xx.o
                0x080116c4                AHBPrescTable
 .rodata.APBPrescTable
                0x080116d4        0x8 ./Core/Src/system_stm32l4xx.o
                0x080116d4                APBPrescTable
 .rodata.MSIRangeTable
                0x080116dc       0x30 ./Core/Src/system_stm32l4xx.o
                0x080116dc                MSIRangeTable
 .rodata._svfprintf_r.str1.1
                0x0801170c       0x33 C:/ST/STM32CubeIDE_1.19.0/STM32CubeIDE/plugins/com.st.stm32cube.ide.mcu.externaltools.gnu-tools-for-stm32.13.3.rel1.win32_1.0.0.202411081344/tools/bin/../lib/gcc/arm-none-eabi/13.3.1/../../../../arm-none-eabi/lib/thumb/v7e-m+fp/hard\libc_nano.a(libc_a-nano-svfprintf.o)
                                 0x11 (size before relaxing)
 .rodata._vfprintf_r.str1.1
                0x0801173f       0x11 C:/ST/STM32CubeIDE_1.19.0/STM32CubeIDE/plugins/com.st.stm32cube.ide.mcu.externaltools.gnu-tools-for-stm32.13.3.rel1.win32_1.0.0.202411081344/tools/bin/../lib/gcc/arm-none-eabi/13.3.1/../../../../arm-none-eabi/lib/thumb/v7e-m+fp/hard\libc_nano.a(libc_a-nano-vfprintf.o)
 .rodata._printf_i.str1.1
                0x0801173f       0x22 C:/ST/STM32CubeIDE_1.19.0/STM32CubeIDE/plugins/com.st.stm32cube.ide.mcu.externaltools.gnu-tools-for-stm32.13.3.rel1.win32_1.0.0.202411081344/tools/bin/../lib/gcc/arm-none-eabi/13.3.1/../../../../arm-none-eabi/lib/thumb/v7e-m+fp/hard\libc_nano.a(libc_a-nano-vfprintf_i.o)
                0x08011764                        . = ALIGN (0x4)
 *fill*         0x0801173f        0x1 

.ARM.extab      0x08011740        0x0
                0x08011740                        . = ALIGN (0x4)
 *(.ARM.extab* .gnu.linkonce.armextab.*)
                0x08011740                        . = ALIGN (0x4)

.ARM            0x08011740        0x8
                0x08011740                        . = ALIGN (0x4)
                0x08011740                        __exidx_start = .
 *(.ARM.exidx*)
 .ARM.exidx     0x08011740        0x8 C:/ST/STM32CubeIDE_1.19.0/STM32CubeIDE/plugins/com.st.stm32cube.ide.mcu.externaltools.gnu-tools-for-stm32.13.3.rel1.win32_1.0.0.202411081344/tools/bin/../lib/gcc/arm-none-eabi/13.3.1/../../../../arm-none-eabi/lib/thumb/v7e-m+fp/hard\libc_nano.a(libc_a-memchr.o)
 .ARM.exidx     0x08011748        0x0 C:/ST/STM32CubeIDE_1.19.0/STM32CubeIDE/plugins/com.st.stm32cube.ide.mcu.externaltools.gnu-tools-for-stm32.13.3.rel1.win32_1.0.0.202411081344/tools/bin/../lib/gcc/arm-none-eabi/13.3.1/thumb/v7e-m+fp/hard\libgcc.a(_udivmoddi4.o)
                                  0x8 (size before relaxing)
                0x08011748                        __exidx_end = .
                0x08011748                        . = ALIGN (0x4)

.preinit_array  0x08011748        0x0
                0x08011748                        . = ALIGN (0x4)
                0x08011748                        PROVIDE (__preinit_array_start = .)
 *(.preinit_array*)
                0x08011748                        PROVIDE (__preinit_array_end = .)
                0x08011748                        . = ALIGN (0x4)

.init_array     0x08011748        0x4
                0x08011748                        . = ALIGN (0x4)
                0x08011748                        PROVIDE (__init_array_start = .)
 *(SORT_BY_NAME(.init_array.*))
 *(.init_array*)
 .init_array    0x08011748        0x4 C:/ST/STM32CubeIDE_1.19.0/STM32CubeIDE/plugins/com.st.stm32cube.ide.mcu.externaltools.gnu-tools-for-stm32.13.3.rel1.win32_1.0.0.202411081344/tools/bin/../lib/gcc/arm-none-eabi/13.3.1/thumb/v7e-m+fp/hard/crtbegin.o
                0x0801174c                        PROVIDE (__init_array_end = .)
                0x0801174c                        . = ALIGN (0x4)

.fini_array     0x0801174c        0x4
                0x0801174c                        . = ALIGN (0x4)
                [!provide]                        PROVIDE (__fini_array_start = .)
 *(SORT_BY_NAME(.fini_array.*))
 *(.fini_array*)
 .fini_array    0x0801174c        0x4 C:/ST/STM32CubeIDE_1.19.0/STM32CubeIDE/plugins/com.st.stm32cube.ide.mcu.externaltools.gnu-tools-for-stm32.13.3.rel1.win32_1.0.0.202411081344/tools/bin/../lib/gcc/arm-none-eabi/13.3.1/thumb/v7e-m+fp/hard/crtbegin.o
                [!provide]                        PROVIDE (__fini_array_end = .)
                0x08011750                        . = ALIGN (0x4)
                0x08011750                        _sidata = LOADADDR (.data)

.rel.dyn        0x08011750        0x0
 .rel.iplt      0x08011750        0x0 C:/ST/STM32CubeIDE_1.19.0/STM32CubeIDE/plugins/com.st.stm32cube.ide.mcu.externaltools.gnu-tools-for-stm32.13.3.rel1.win32_1.0.0.202411081344/tools/bin/../lib/gcc/arm-none-eabi/13.3.1/thumb/v7e-m+fp/hard/crtbegin.o

.data           0x20000000       0x80 load address 0x08011750
                0x20000000                        . = ALIGN (0x4)
                0x20000000                        _sdata = .
 *(.data)
 *(.data*)
 .data.g_leds   0x20000000       0x10 ./App/Src/Services/Led/led_service.o
 .data.g_microstep_factor
                0x20000010        0x6 ./App/Src/Services/Motion/motion_service.o
 .data.g_demo_speed_idx
                0x20000016        0x1 ./App/Src/Services/Motion/motion_service.o
 *fill*         0x20000017        0x1 
 .data.SystemCoreClock
                0x20000018        0x4 ./Core/Src/system_stm32l4xx.o
                0x20000018                SystemCoreClock
 .data.uwTickPrio
                0x2000001c        0x4 ./Drivers/STM32L4xx_HAL_Driver/Src/stm32l4xx_hal.o
                0x2000001c                uwTickPrio
 .data.uwTickFreq
                0x20000020        0x1 ./Drivers/STM32L4xx_HAL_Driver/Src/stm32l4xx_hal.o
                0x20000020                uwTickFreq
 *fill*         0x20000021        0x3 
 .data.__sglue  0x20000024        0xc C:/ST/STM32CubeIDE_1.19.0/STM32CubeIDE/plugins/com.st.stm32cube.ide.mcu.externaltools.gnu-tools-for-stm32.13.3.rel1.win32_1.0.0.202411081344/tools/bin/../lib/gcc/arm-none-eabi/13.3.1/../../../../arm-none-eabi/lib/thumb/v7e-m+fp/hard\libc_nano.a(libc_a-findfp.o)
                0x20000024                __sglue
 .data._impure_ptr
                0x20000030        0x4 C:/ST/STM32CubeIDE_1.19.0/STM32CubeIDE/plugins/com.st.stm32cube.ide.mcu.externaltools.gnu-tools-for-stm32.13.3.rel1.win32_1.0.0.202411081344/tools/bin/../lib/gcc/arm-none-eabi/13.3.1/../../../../arm-none-eabi/lib/thumb/v7e-m+fp/hard\libc_nano.a(libc_a-impure.o)
                0x20000030                _impure_ptr
 .data._impure_data