This is pdfTeX, Version 3.141592653-2.6-1.40.27 (MiKTeX 25.4) (preloaded format=pdflatex 2025.10.16)  6 JUN 2026 00:44
entering extended mode
 restricted \write18 enabled.
 %&-line parsing enabled.
**./main.tex
(main.tex
LaTeX2e <2025-06-01> patch level 1
L3 programming layer <2025-09-02>
(easysparc.cls
Document Class: easysparc 2019/10/24 v4.5 JITH LaTeX document class
(C:\Users\Valdir\AppData\Local\Programs\MiKTeX\tex/latex/base\report.cls
Document Class: report 2025/01/22 v1.4n Standard LaTeX document class
(C:\Users\Valdir\AppData\Local\Programs\MiKTeX\tex/latex/base\size12.clo
File: size12.clo 2025/01/22 v1.4n Standard LaTeX file (size option)
)
\c@part=\count275
\c@chapter=\count276
\c@section=\count277
\c@subsection=\count278
\c@subsubsection=\count279
\c@paragraph=\count280
\c@subparagraph=\count281
\c@figure=\count282
\c@table=\count283
\abovecaptionskip=\skip49
\belowcaptionskip=\skip50
\bibindent=\dimen148
)
(C:\Users\Valdir\AppData\Local\Programs\MiKTeX\tex/latex/fancyhdr\fancyhdr.sty
Package: fancyhdr 2025/02/07 v5.2 Extensive control of page headers and footers

\f@nch@headwidth=\skip51
\f@nch@offset@elh=\skip52
\f@nch@offset@erh=\skip53
\f@nch@offset@olh=\skip54
\f@nch@offset@orh=\skip55
\f@nch@offset@elf=\skip56
\f@nch@offset@erf=\skip57
\f@nch@offset@olf=\skip58
\f@nch@offset@orf=\skip59
\f@nch@height=\skip60
\f@nch@footalignment=\skip61
\f@nch@widthL=\skip62
\f@nch@widthC=\skip63
\f@nch@widthR=\skip64
\@temptokenb=\toks17
) (C:\Users\Valdir\AppData\Local\Programs\MiKTeX\tex/latex/base\inputenc.sty
Package: inputenc 2024/02/08 v1.3d Input encoding file
\inpenc@prehook=\toks18
\inpenc@posthook=\toks19
)
(C:\Users\Valdir\AppData\Local\Programs\MiKTeX\tex/latex/setspace\setspace.sty
Package: setspace 2022/12/04 v6.7b set line spacing
) (C:\Users\Valdir\AppData\Local\Programs\MiKTeX\tex/latex/xifthen\xifthen.sty
Package: xifthen 2015/11/05 v1.4.0 Extended ifthen features

(C:\Users\Valdir\AppData\Local\Programs\MiKTeX\tex/latex/tools\calc.sty
Package: calc 2025/03/01 v4.3b Infix arithmetic (KKT,FJ)
\calc@Acount=\count284
\calc@Bcount=\count285
\calc@Adimen=\dimen149
\calc@Bdimen=\dimen150
\calc@Askip=\skip65
\calc@Bskip=\skip66
LaTeX Info: Redefining \setlength on input line 86.
LaTeX Info: Redefining \addtolength on input line 87.
\calc@Ccount=\count286
\calc@Cskip=\skip67
)
(C:\Users\Valdir\AppData\Local\Programs\MiKTeX\tex/latex/base\ifthen.sty
Package: ifthen 2024/03/16 v1.1e Standard LaTeX ifthen package (DPC)
)
(C:\Users\Valdir\AppData\Local\Programs\MiKTeX\tex/latex/ifmtarg\ifmtarg.sty
Package: ifmtarg 2018/04/16 v1.2b check for an empty argument
))
(C:\Users\Valdir\AppData\Local\Programs\MiKTeX\tex/latex/xcolor\xcolor.sty
Package: xcolor 2024/09/29 v3.02 LaTeX color extensions (UK)

(C:\Users\Valdir\AppData\Local\Programs\MiKTeX\tex/latex/graphics-cfg\color.cfg
File: color.cfg 2016/01/02 v1.6 sample color configuration
)
Package xcolor Info: Driver file: pdftex.def on input line 274.

(C:\Users\Valdir\AppData\Local\Programs\MiKTeX\tex/latex/graphics-def\pdftex.de
f
File: pdftex.def 2025/09/29 v1.2d Graphics/color driver for pdftex
)
(C:\Users\Valdir\AppData\Local\Programs\MiKTeX\tex/latex/graphics\mathcolor.ltx
)
Package xcolor Info: Model `cmy' substituted by `cmy0' on input line 1349.
Package xcolor Info: Model `hsb' substituted by `rgb' on input line 1353.
Package xcolor Info: Model `RGB' extended on input line 1365.
Package xcolor Info: Model `HTML' substituted by `rgb' on input line 1367.
Package xcolor Info: Model `Hsb' substituted by `hsb' on input line 1368.
Package xcolor Info: Model `tHsb' substituted by `hsb' on input line 1369.
Package xcolor Info: Model `HSB' substituted by `hsb' on input line 1370.
Package xcolor Info: Model `Gray' substituted by `gray' on input line 1371.
Package xcolor Info: Model `wave' substituted by `hsb' on input line 1372.
) (C:\Users\Valdir\AppData\Local\Programs\MiKTeX\tex/latex/xcolor\svgnam.def
File: svgnam.def 2024/09/29 v3.02 Predefined colors according to SVG 1.1 (UK)
)
(C:\Users\Valdir\AppData\Local\Programs\MiKTeX\tex/latex/graphics\dvipsnam.def
File: dvipsnam.def 2016/06/17 v3.0m Driver-dependent file (DPC,SPQR)
) (C:\Users\Valdir\AppData\Local\Programs\MiKTeX\tex/generic/babel\babel.sty
Package: babel 2025/10/01 v25.13 The multilingual framework for LuaLaTeX, pdfLa
TeX and XeLaTeX
\babel@savecnt=\count287
LaTeX Encoding Info:    Redeclaring text command \ij (encoding OT1) on input li
ne 2045.
LaTeX Encoding Info:    Redeclaring text command \IJ (encoding OT1) on input li
ne 2047.
LaTeX Encoding Info:    Redeclaring text command \ij (encoding T1) on input lin
e 2049.
LaTeX Encoding Info:    Redeclaring text command \IJ (encoding T1) on input lin
e 2050.
LaTeX Encoding Info:    Ignoring declaration for text command \ij (encoding ?) 
on input line 2051.
LaTeX Encoding Info:    Ignoring declaration for text command \IJ (encoding ?) 
on input line 2053.
LaTeX Encoding Info:    Ignoring declaration for text command \SS (encoding ?) 
on input line 2078.
\U@D=\dimen151
\l@unhyphenated=\language79

(C:\Users\Valdir\AppData\Local\Programs\MiKTeX\tex/generic/babel\txtbabel.def)
\bbl@readstream=\read2
\bbl@dirlevel=\count288

*************************************
* Local config file bblopts.cfg used
*
(C:\Users\Valdir\AppData\Local\Programs\MiKTeX\tex/latex/arabi\bblopts.cfg
File: bblopts.cfg 2005/09/08 v0.1 add Arabic and Farsi to "declared" options of
 babel
)
(C:\Users\Valdir\AppData\Local\Programs\MiKTeX\tex/latex/babel-portuges\portugu
ese.ldf
Language: portuges 2021/07/09 v1.2t Portuguese support from the babel system

(C:\Users\Valdir\AppData\Local\Programs\MiKTeX\tex/generic/babel/locale/pt\babe
l-portuguese.tex
Package babel Info: Importing font and identification data for portuguese
(babel)             from babel-pt.ini. Reported on input line 12.
)
Package babel Info: Making " an active character on input line 143.
))
(C:\Users\Valdir\AppData\Local\Programs\MiKTeX\tex/latex/geometry\geometry.sty
Package: geometry 2020/01/02 v5.9 Page Geometry

(C:\Users\Valdir\AppData\Local\Programs\MiKTeX\tex/latex/graphics\keyval.sty
Package: keyval 2022/05/29 v1.15 key=value parser (DPC)
\KV@toks@=\toks20
)
(C:\Users\Valdir\AppData\Local\Programs\MiKTeX\tex/generic/iftex\ifvtex.sty
Package: ifvtex 2019/10/25 v1.7 ifvtex legacy package. Use iftex instead.

(C:\Users\Valdir\AppData\Local\Programs\MiKTeX\tex/generic/iftex\iftex.sty
Package: iftex 2024/12/12 v1.0g TeX engine tests
))
\Gm@cnth=\count289
\Gm@cntv=\count290
\c@Gm@tempcnt=\count291
\Gm@bindingoffset=\dimen152
\Gm@wd@mp=\dimen153
\Gm@odd@mp=\dimen154
\Gm@even@mp=\dimen155
\Gm@layoutwidth=\dimen156
\Gm@layoutheight=\dimen157
\Gm@layouthoffset=\dimen158
\Gm@layoutvoffset=\dimen159
\Gm@dimlist=\toks21

(C:\Users\Valdir\AppData\Local\Programs\MiKTeX\tex/latex/geometry\geometry.cfg)
)) (C:\Users\Valdir\AppData\Local\Programs\MiKTeX\tex/latex/amsmath\amsmath.sty
Package: amsmath 2025/06/16 v2.17y AMS math features
\@mathmargin=\skip68
For additional information on amsmath, use the `?' option.
(C:\Users\Valdir\AppData\Local\Programs\MiKTeX\tex/latex/amsmath\amstext.sty
Package: amstext 2024/11/17 v2.01 AMS text

(C:\Users\Valdir\AppData\Local\Programs\MiKTeX\tex/latex/amsmath\amsgen.sty
File: amsgen.sty 1999/11/30 v2.0 generic functions
\@emptytoks=\toks22
\ex@=\dimen160
))
(C:\Users\Valdir\AppData\Local\Programs\MiKTeX\tex/latex/amsmath\amsbsy.sty
Package: amsbsy 1999/11/29 v1.2d Bold Symbols
\pmbraise@=\dimen161
)
(C:\Users\Valdir\AppData\Local\Programs\MiKTeX\tex/latex/amsmath\amsopn.sty
Package: amsopn 2022/04/08 v2.04 operator names
)
\inf@bad=\count292
LaTeX Info: Redefining \frac on input line 233.
\uproot@=\count293
\leftroot@=\count294
LaTeX Info: Redefining \overline on input line 398.
LaTeX Info: Redefining \colon on input line 409.
\classnum@=\count295
\DOTSCASE@=\count296
LaTeX Info: Redefining \ldots on input line 495.
LaTeX Info: Redefining \dots on input line 498.
LaTeX Info: Redefining \cdots on input line 619.
\Mathstrutbox@=\box53
\strutbox@=\box54
LaTeX Info: Redefining \big on input line 721.
LaTeX Info: Redefining \Big on input line 722.
LaTeX Info: Redefining \bigg on input line 723.
LaTeX Info: Redefining \Bigg on input line 724.
\big@size=\dimen162
LaTeX Font Info:    Redeclaring font encoding OML on input line 742.
LaTeX Font Info:    Redeclaring font encoding OMS on input line 743.
\macc@depth=\count297
LaTeX Info: Redefining \bmod on input line 904.
LaTeX Info: Redefining \pmod on input line 909.
LaTeX Info: Redefining \smash on input line 939.
LaTeX Info: Redefining \relbar on input line 969.
LaTeX Info: Redefining \Relbar on input line 970.
\c@MaxMatrixCols=\count298
\dotsspace@=\muskip17
\c@parentequation=\count299
\dspbrk@lvl=\count300
\tag@help=\toks23
\row@=\count301
\column@=\count302
\maxfields@=\count303
\andhelp@=\toks24
\eqnshift@=\dimen163
\alignsep@=\dimen164
\tagshift@=\dimen165
\tagwidth@=\dimen166
\totwidth@=\dimen167
\lineht@=\dimen168
\@envbody=\toks25
\multlinegap=\skip69
\multlinetaggap=\skip70
\mathdisplay@stack=\toks26
LaTeX Info: Redefining \[ on input line 2949.
LaTeX Info: Redefining \] on input line 2950.
)
(C:\Users\Valdir\AppData\Local\Programs\MiKTeX\tex/latex/amsfonts\amsfonts.sty
Package: amsfonts 2013/01/14 v3.01 Basic AMSFonts support
\symAMSa=\mathgroup4
\symAMSb=\mathgroup5
LaTeX Font Info:    Redeclaring math symbol \hbar on input line 98.
LaTeX Font Info:    Overwriting math alphabet `\mathfrak' in version `bold'
(Font)                  U/euf/m/n --> U/euf/b/n on input line 106.
)
(C:\Users\Valdir\AppData\Local\Programs\MiKTeX\tex/generic/mathdots\mathdots.st
y
Package: mathdots 2014/06/11 v0.9 Improve and add various macros for dots in ma
th.
\MDo@unit=\dimen169
\MDo@dotsbox=\box55
\MDoprekern=\muskip18
\MDopostkern=\muskip19
\MDodotkern=\muskip20
)
(C:\Users\Valdir\AppData\Local\Programs\MiKTeX\tex/latex/amsfonts\amssymb.sty
Package: amssymb 2013/01/14 v3.01 AMS font symbols
)
(C:\Users\Valdir\AppData\Local\Programs\MiKTeX\tex/latex/graphics\graphicx.sty
Package: graphicx 2024/12/31 v1.2e Enhanced LaTeX Graphics (DPC,SPQR)

(C:\Users\Valdir\AppData\Local\Programs\MiKTeX\tex/latex/graphics\graphics.sty
Package: graphics 2024/08/06 v1.4g Standard LaTeX Graphics (DPC,SPQR)

(C:\Users\Valdir\AppData\Local\Programs\MiKTeX\tex/latex/graphics\trig.sty
Package: trig 2023/12/02 v1.11 sin cos tan (DPC)
)
(C:\Users\Valdir\AppData\Local\Programs\MiKTeX\tex/latex/graphics-cfg\graphics.
cfg
File: graphics.cfg 2016/06/04 v1.11 sample graphics configuration
)
Package graphics Info: Driver file: pdftex.def on input line 106.
)
\Gin@req@height=\dimen170
\Gin@req@width=\dimen171
)
(C:\Users\Valdir\AppData\Local\Programs\MiKTeX\tex/latex/caption\subcaption.sty
Package: subcaption 2023/07/28 v1.6b Sub-captions (AR)
(C:\Users\Valdir\AppData\Local\Programs\MiKTeX\tex/latex/caption\caption.sty
Package: caption 2023/08/05 v3.6o Customizing captions (AR)

(C:\Users\Valdir\AppData\Local\Programs\MiKTeX\tex/latex/caption\caption3.sty
Package: caption3 2023/07/31 v2.4d caption3 kernel (AR)
\caption@tempdima=\dimen172
\captionmargin=\dimen173
\caption@leftmargin=\dimen174
\caption@rightmargin=\dimen175
\caption@width=\dimen176
\caption@indent=\dimen177
\caption@parindent=\dimen178
\caption@hangindent=\dimen179
Package caption Info: Standard document class detected.
)
\c@caption@flags=\count304
\c@continuedfloat=\count305
)
Package caption Info: New subtype `subfigure' on input line 238.
\c@subfigure=\count306
Package caption Info: New subtype `subtable' on input line 238.
\c@subtable=\count307
) (C:\Users\Valdir\AppData\Local\Programs\MiKTeX\tex/latex/lipsum\lipsum.sty
(C:\Users\Valdir\AppData\Local\Programs\MiKTeX\tex/latex/l3packages/l3keys2e\l3
keys2e.sty
(C:\Users\Valdir\AppData\Local\Programs\MiKTeX\tex/latex/l3kernel\expl3.sty
Package: expl3 2025-09-02 L3 programming layer (loader) 

(C:\Users\Valdir\AppData\Local\Programs\MiKTeX\tex/latex/l3backend\l3backend-pd
ftex.def
File: l3backend-pdftex.def 2025-06-09 L3 backend support: PDF output (pdfTeX)
\l__color_backend_stack_int=\count308
))
Package: l3keys2e 2024-08-16 LaTeX2e option processing using LaTeX3 keys
)
Package: lipsum 2021-09-20 v2.7 150 paragraphs of Lorem Ipsum dummy text
\g__lipsum_par_int=\count309
\l__lipsum_a_int=\count310
\l__lipsum_b_int=\count311

(C:\Users\Valdir\AppData\Local\Programs\MiKTeX\tex/latex/lipsum\lipsum.ltd.tex)
)
(C:\Users\Valdir\AppData\Local\Programs\MiKTeX\tex/latex/tools\indentfirst.sty
Package: indentfirst 2023/07/02 v1.03 Indent first paragraph (DPC)
) (C:\Users\Valdir\AppData\Local\Programs\MiKTeX\tex/latex/makecell\makecell.st
y
Package: makecell 2009/08/03 V0.1e Managing of Tab Column Heads and Cells
(C:\Users\Valdir\AppData\Local\Programs\MiKTeX\tex/latex/tools\array.sty
Package: array 2025/06/08 v2.6j Tabular extension package (FMi)
\col@sep=\dimen180
\ar@mcellbox=\box56
\extrarowheight=\dimen181
\NC@list=\toks27
\extratabsurround=\skip71
\backup@length=\skip72
\ar@cellbox=\box57
)
\rotheadsize=\dimen182
\c@nlinenum=\count312
\TeXr@lab=\toks28
)
(C:\Users\Valdir\AppData\Local\Programs\MiKTeX\tex/latex/tools\tabularx.sty
Package: tabularx 2023/12/11 v2.12a `tabularx' package (DPC)
\TX@col@width=\dimen183
\TX@old@table=\dimen184
\TX@old@col=\dimen185
\TX@target=\dimen186
\TX@delta=\dimen187
\TX@cols=\count313
\TX@ftn=\toks29
)
(C:\Users\Valdir\AppData\Local\Programs\MiKTeX\tex/latex/booktabs\booktabs.sty
Package: booktabs 2020/01/12 v1.61803398 Publication quality tables
\heavyrulewidth=\dimen188
\lightrulewidth=\dimen189
\cmidrulewidth=\dimen190
\belowrulesep=\dimen191
\belowbottomsep=\dimen192
\aboverulesep=\dimen193
\abovetopsep=\dimen194
\cmidrulesep=\dimen195
\cmidrulekern=\dimen196
\defaultaddspace=\dimen197
\@cmidla=\count314
\@cmidlb=\count315
\@aboverulesep=\dimen198
\@belowrulesep=\dimen199
\@thisruleclass=\count316
\@lastruleclass=\count317
\@thisrulewidth=\dimen256
) (C:\Users\Valdir\AppData\Local\Programs\MiKTeX\tex/latex/float\float.sty
Package: float 2001/11/08 v1.3d Float enhancements (AL)
\c@float@type=\count318
\float@exts=\toks30
\float@box=\box58
\@float@everytoks=\toks31
\@floatcapt=\box59
)
(C:\Users\Valdir\AppData\Local\Programs\MiKTeX\tex/latex/algorithmicx\algpseudo
code.sty
Package: algpseudocode 

(C:\Users\Valdir\AppData\Local\Programs\MiKTeX\tex/latex/algorithmicx\algorithm
icx.sty
Package: algorithmicx 2005/04/27 v1.2 Algorithmicx

Document Style algorithmicx 1.2 - a greatly improved `algorithmic' style
\c@ALG@line=\count319
\c@ALG@rem=\count320
\c@ALG@nested=\count321
\ALG@tlm=\skip73
\ALG@thistlm=\skip74
\c@ALG@Lnr=\count322
\c@ALG@blocknr=\count323
\c@ALG@storecount=\count324
\c@ALG@tmpcounter=\count325
\ALG@tmplength=\skip75
)
Document Style - pseudocode environments for use with the `algorithmicx' style
)
(C:\Users\Valdir\AppData\Local\Programs\MiKTeX\tex/latex/algorithms\algorithm.s
ty
Package: algorithm 2009/08/24 v0.1 Document Style `algorithm' - floating enviro
nment
\@float@every@algorithm=\toks32
\c@algorithm=\count326
)
(C:\Users\Valdir\AppData\Local\Programs\MiKTeX\tex/latex/hyperref\hyperref.sty
Package: hyperref 2025-07-12 v7.01o Hypertext links for LaTeX

(C:\Users\Valdir\AppData\Local\Programs\MiKTeX\tex/latex/kvsetkeys\kvsetkeys.st
y
Package: kvsetkeys 2022-10-05 v1.19 Key value parser (HO)
)
(C:\Users\Valdir\AppData\Local\Programs\MiKTeX\tex/generic/kvdefinekeys\kvdefin
ekeys.sty
Package: kvdefinekeys 2019-12-19 v1.6 Define keys (HO)
)
(C:\Users\Valdir\AppData\Local\Programs\MiKTeX\tex/generic/pdfescape\pdfescape.
sty
Package: pdfescape 2019/12/09 v1.15 Implements pdfTeX's escape features (HO)

(C:\Users\Valdir\AppData\Local\Programs\MiKTeX\tex/generic/ltxcmds\ltxcmds.sty
Package: ltxcmds 2023-12-04 v1.26 LaTeX kernel commands for general use (HO)
)
(C:\Users\Valdir\AppData\Local\Programs\MiKTeX\tex/generic/pdftexcmds\pdftexcmd
s.sty
Package: pdftexcmds 2020-06-27 v0.33 Utility functions of pdfTeX for LuaTeX (HO
)

(C:\Users\Valdir\AppData\Local\Programs\MiKTeX\tex/generic/infwarerr\infwarerr.
sty
Package: infwarerr 2019/12/03 v1.5 Providing info/warning/error messages (HO)
)
Package pdftexcmds Info: \pdf@primitive is available.
Package pdftexcmds Info: \pdf@ifprimitive is available.
Package pdftexcmds Info: \pdfdraftmode found.
))
(C:\Users\Valdir\AppData\Local\Programs\MiKTeX\tex/latex/hycolor\hycolor.sty
Package: hycolor 2020-01-27 v1.10 Color options for hyperref/bookmark (HO)
)
(C:\Users\Valdir\AppData\Local\Programs\MiKTeX\tex/latex/hyperref\nameref.sty
Package: nameref 2025-06-21 v2.57 Cross-referencing by name of section

(C:\Users\Valdir\AppData\Local\Programs\MiKTeX\tex/latex/refcount\refcount.sty
Package: refcount 2019/12/15 v3.6 Data extraction from label references (HO)
)
(C:\Users\Valdir\AppData\Local\Programs\MiKTeX\tex/generic/gettitlestring\getti
tlestring.sty
Package: gettitlestring 2019/12/15 v1.6 Cleanup title references (HO)

(C:\Users\Valdir\AppData\Local\Programs\MiKTeX\tex/latex/kvoptions\kvoptions.st
y
Package: kvoptions 2022-06-15 v3.15 Key value format for package options (HO)
))
\c@section@level=\count327
)
(C:\Users\Valdir\AppData\Local\Programs\MiKTeX\tex/latex/etoolbox\etoolbox.sty
Package: etoolbox 2025/10/02 v2.5m e-TeX tools for LaTeX (JAW)
\etb@tempcnta=\count328
)
(C:\Users\Valdir\AppData\Local\Programs\MiKTeX\tex/generic/stringenc\stringenc.
sty
Package: stringenc 2019/11/29 v1.12 Convert strings between diff. encodings (HO
)
)
\@linkdim=\dimen257
\Hy@linkcounter=\count329
\Hy@pagecounter=\count330

(C:\Users\Valdir\AppData\Local\Programs\MiKTeX\tex/latex/hyperref\pd1enc.def
File: pd1enc.def 2025-07-12 v7.01o Hyperref: PDFDocEncoding definition (HO)
Now handling font encoding PD1 ...
... no UTF-8 mapping file for font encoding PD1
)
(C:\Users\Valdir\AppData\Local\Programs\MiKTeX\tex/generic/intcalc\intcalc.sty
Package: intcalc 2019/12/15 v1.3 Expandable calculations with integers (HO)
)
\Hy@SavedSpaceFactor=\count331
(C:\Users\Valdir\AppData\Local\Programs\MiKTeX\tex/latex/hyperref\puenc.def
File: puenc.def 2025-07-12 v7.01o Hyperref: PDF Unicode definition (HO)
Now handling font encoding PU ...
... no UTF-8 mapping file for font encoding PU
)
Package hyperref Info: Hyper figures OFF on input line 4195.
Package hyperref Info: Link nesting OFF on input line 4200.
Package hyperref Info: Hyper index ON on input line 4203.
Package hyperref Info: Plain pages OFF on input line 4210.
Package hyperref Info: Backreferencing OFF on input line 4215.
Package hyperref Info: Implicit mode ON; LaTeX internals redefined.
Package hyperref Info: Bookmarks ON on input line 4462.
\c@Hy@tempcnt=\count332

(C:\Users\Valdir\AppData\Local\Programs\MiKTeX\tex/latex/url\url.sty
\Urlmuskip=\muskip21
Package: url 2013/09/16  ver 3.4  Verb mode for urls, etc.
)
LaTeX Info: Redefining \url on input line 4801.
\XeTeXLinkMargin=\dimen258

(C:\Users\Valdir\AppData\Local\Programs\MiKTeX\tex/generic/bitset\bitset.sty
Package: bitset 2019/12/09 v1.3 Handle bit-vector datatype (HO)

(C:\Users\Valdir\AppData\Local\Programs\MiKTeX\tex/generic/bigintcalc\bigintcal
c.sty
Package: bigintcalc 2019/12/15 v1.5 Expandable calculations on big integers (HO
)
))
\Fld@menulength=\count333
\Field@Width=\dimen259
\Fld@charsize=\dimen260
Package hyperref Info: Hyper figures OFF on input line 6078.
Package hyperref Info: Link nesting OFF on input line 6083.
Package hyperref Info: Hyper index ON on input line 6086.
Package hyperref Info: backreferencing OFF on input line 6093.
Package hyperref Info: Link coloring OFF on input line 6098.
Package hyperref Info: Link coloring with OCG OFF on input line 6103.
Package hyperref Info: PDF/A mode OFF on input line 6108.
\Hy@abspage=\count334
\c@Item=\count335
\c@Hfootnote=\count336
)
Package hyperref Info: Driver (autodetected): hpdftex.

(C:\Users\Valdir\AppData\Local\Programs\MiKTeX\tex/latex/hyperref\hpdftex.def
File: hpdftex.def 2025-07-12 v7.01o Hyperref driver for pdfTeX
\Fld@listcount=\count337
\c@bookmark@seq@number=\count338

(C:\Users\Valdir\AppData\Local\Programs\MiKTeX\tex/latex/rerunfilecheck\rerunfi
lecheck.sty
Package: rerunfilecheck 2025-06-21 v1.11 Rerun checks for auxiliary files (HO)

(C:\Users\Valdir\AppData\Local\Programs\MiKTeX\tex/generic/uniquecounter\unique
counter.sty
Package: uniquecounter 2019/12/15 v1.4 Provide unlimited unique counter (HO)
)
Package uniquecounter Info: New unique counter `rerunfilecheck' on input line 2
84.
)
\Hy@SectionHShift=\skip76
)
(C:\Users\Valdir\AppData\Local\Programs\MiKTeX\tex/latex/pdfpages\pdfpages.sty
Package: pdfpages 2025/07/23 v0.6g Insert pages of external PDF documents (AM)

(C:\Users\Valdir\AppData\Local\Programs\MiKTeX\tex/latex/eso-pic\eso-pic.sty
Package: eso-pic 2023/05/03 v3.0c eso-pic (RN)
\ESO@tempdima=\dimen261
\ESO@tempdimb=\dimen262
)
\AM@pagewidth=\dimen263
\AM@pageheight=\dimen264
\AM@fboxrule=\dimen265

(C:\Users\Valdir\AppData\Local\Programs\MiKTeX\tex/latex/pdfpages\pppdftex.def
File: pppdftex.def 2025/07/23 v0.6g Pdfpages driver for pdfTeX (AM)
)
\pdfpages@includegraphics@status=\count339
\AM@pagebox=\box60
\AM@global@opts=\toks33
\AM@pagecnt=\count340
\AM@toc@title=\toks34
\AM@lof@heading=\toks35
\c@AM@survey=\count341
\AM@templatesizebox=\box61
) (C:\Users\Valdir\AppData\Local\Programs\MiKTeX\tex/latex/siunitx\siunitx.sty
Package: siunitx 2025-07-09 v3.4.14 A comprehensive (SI) units package
\l__siunitx_number_uncert_offset_int=\count342
\l__siunitx_number_exponent_fixed_int=\count343
\l__siunitx_number_min_decimal_int=\count344
\l__siunitx_number_min_integer_int=\count345
\l__siunitx_number_round_precision_int=\count346
\l__siunitx_number_lower_threshold_int=\count347
\l__siunitx_number_upper_threshold_int=\count348
\l__siunitx_number_group_first_int=\count349
\l__siunitx_number_group_size_int=\count350
\l__siunitx_number_group_minimum_int=\count351
\l__siunitx_angle_tmp_dim=\dimen266
\l__siunitx_angle_marker_box=\box62
\l__siunitx_angle_unit_box=\box63
\l__siunitx_compound_count_int=\count352

(C:\Users\Valdir\AppData\Local\Programs\MiKTeX\tex/latex/translations\translati
ons.sty
Package: translations 2022/02/05 v1.12 internationalization of LaTeX2e packages
 (CN)
)
\l__siunitx_table_tmp_box=\box64
\l__siunitx_table_tmp_dim=\dimen267
\l__siunitx_table_column_width_dim=\dimen268
\l__siunitx_table_integer_box=\box65
\l__siunitx_table_decimal_box=\box66
\l__siunitx_table_uncert_box=\box67
\l__siunitx_table_before_box=\box68
\l__siunitx_table_after_box=\box69
\l__siunitx_table_before_dim=\dimen269
\l__siunitx_table_carry_dim=\dimen270
\l__siunitx_unit_tmp_int=\count353
\l__siunitx_unit_position_int=\count354
\l__siunitx_unit_total_int=\count355
)
(C:\Users\Valdir\AppData\Local\Programs\MiKTeX\tex/latex/placeins\placeins.sty
Package: placeins 2005/04/18  v 2.2
) (main.aux (Identificacao.aux)
Package babel Info: 'portuguese' activates 'portuges' shorthands.
(babel)             Reported on input line 9.
)
\openout1 = `main.aux'.

LaTeX Font Info:    Checking defaults for OML/cmm/m/it on input line 24.
LaTeX Font Info:    ... okay on input line 24.
LaTeX Font Info:    Checking defaults for OMS/cmsy/m/n on input line 24.
LaTeX Font Info:    ... okay on input line 24.
LaTeX Font Info:    Checking defaults for OT1/cmr/m/n on input line 24.
LaTeX Font Info:    ... okay on input line 24.
LaTeX Font Info:    Checking defaults for T1/cmr/m/n on input line 24.
LaTeX Font Info:    ... okay on input line 24.
LaTeX Font Info:    Checking defaults for TS1/cmr/m/n on input line 24.
LaTeX Font Info:    ... okay on input line 24.
LaTeX Font Info:    Checking defaults for OMX/cmex/m/n on input line 24.
LaTeX Font Info:    ... okay on input line 24.
LaTeX Font Info:    Checking defaults for U/cmr/m/n on input line 24.
LaTeX Font Info:    ... okay on input line 24.
LaTeX Font Info:    Checking defaults for PD1/pdf/m/n on input line 24.
LaTeX Font Info:    ... okay on input line 24.
LaTeX Font Info:    Checking defaults for PU/pdf/m/n on input line 24.
LaTeX Font Info:    ... okay on input line 24.

(C:\Users\Valdir\AppData\Local\Programs\MiKTeX\tex/context/base/mkii\supp-pdf.m
kii
[Loading MPS to PDF converter (version 2006.09.02).]
\scratchcounter=\count356
\scratchdimen=\dimen271
\scratchbox=\box70
\nofMPsegments=\count357
\nofMParguments=\count358
\everyMPshowfont=\toks36
\MPscratchCnt=\count359
\MPscratchDim=\dimen272
\MPnumerator=\count360
\makeMPintoPDFobject=\count361
\everyMPtoPDFconversion=\toks37
)
(C:\Users\Valdir\AppData\Local\Programs\MiKTeX\tex/latex/epstopdf-pkg\epstopdf-
base.sty
Package: epstopdf-base 2020-01-24 v2.11 Base part for package epstopdf
Package epstopdf-base Info: Redefining graphics rule for `.eps' on input line 4
85.

(C:\Users\Valdir\AppData\Local\Programs\MiKTeX\tex/latex/00miktex\epstopdf-sys.
cfg
File: epstopdf-sys.cfg 2021/03/18 v2.0 Configuration of epstopdf for MiKTeX
))
*geometry* driver: auto-detecting
*geometry* detected driver: pdftex
*geometry* verbose mode - [ preamble ] result:
* driver: pdftex
* paper: a4paper
* layout: <same size as paper>
* layoutoffset:(h,v)=(0.0pt,0.0pt)
* modes: 
* h-part:(L,W,R)=(85.35826pt, 455.24411pt, 56.9055pt)
* v-part:(T,H,B)=(85.35826pt, 702.78308pt, 56.9055pt)
* \paperwidth=597.50787pt
* \paperheight=845.04684pt
* \textwidth=455.24411pt
* \textheight=702.78308pt
* \oddsidemargin=13.08827pt
* \evensidemargin=13.08827pt
* \topmargin=-23.91173pt
* \headheight=12.0pt
* \headsep=25.0pt
* \topskip=12.0pt
* \footskip=30.0pt
* \marginparwidth=35.0pt
* \marginparsep=10.0pt
* \columnsep=10.0pt
* \skip\footins=10.8pt plus 4.0pt minus 2.0pt
* \hoffset=0.0pt
* \voffset=0.0pt
* \mag=1000
* \@twocolumnfalse
* \@twosidefalse
* \@mparswitchfalse
* \@reversemarginfalse
* (1in=72.27pt=25.4mm, 1cm=28.453pt)

Package caption Info: Begin \AtBeginDocument code.
Package caption Info: float package is loaded.
Package caption Info: hyperref package is loaded.
Package caption Info: End \AtBeginDocument code.
Package hyperref Info: Link coloring OFF on input line 24.
(main.out) (main.out)
\@outlinefile=\write3
\openout3 = `main.out'.


(C:\Users\Valdir\AppData\Local\Programs\MiKTeX\tex/latex/pdflscape\pdflscape.st
y
Package: pdflscape 2022-10-27 v0.13 Display of landscape pages in PDF

(C:\Users\Valdir\AppData\Local\Programs\MiKTeX\tex/latex/pdflscape\pdflscape-no
metadata.sty
Package: pdflscape-nometadata 2022-10-28 v0.13 Display of landscape pages in PD
F (HO)

(C:\Users\Valdir\AppData\Local\Programs\MiKTeX\tex/latex/graphics\lscape.sty
Package: lscape 2020/05/28 v3.02 Landscape Pages (DPC)
)
Package pdflscape Info: Auto-detected driver: pdftex on input line 81.
))
Package translations Info: no dictionary file `translations-basic-dictionary-po
rtuges.trsl' found. on input line 24.
\openout2 = `Identificacao.aux'.

(Identificacao.tex)
<Cap00/IC.jpg, id=278, 1185.42876pt x 1185.42876pt>
File: Cap00/IC.jpg Graphic file (type jpg)
<use Cap00/IC.jpg>
Package pdftex.def Info: Cap00/IC.jpg  used on input line 27.
(pdftex.def)             Requested size: 99.57533pt x 99.58464pt.
LaTeX Font Info:    Trying to load font information for U+msa on input line 27.


(C:\Users\Valdir\AppData\Local\Programs\MiKTeX\tex/latex/amsfonts\umsa.fd
File: umsa.fd 2013/01/14 v3.01 AMS symbols A
)
LaTeX Font Info:    Trying to load font information for U+msb on input line 27.


(C:\Users\Valdir\AppData\Local\Programs\MiKTeX\tex/latex/amsfonts\umsb.fd
File: umsb.fd 2013/01/14 v3.01 AMS symbols B
)

[1




{C:/Users/Valdir/AppData/Local/MiKTeX/fonts/map/pdftex/pdftex.map} <./Cap00/IC.
jpg>]

[2


] (Cap00/FichaCatalografica.tex


pdfTeX warning (ext4): destination with the same identifier (name{page.i}) has 
been already used, duplicate ignored
<to be read again> 
                   \relax 
l.15 \end{titlepage}
                     [1


]) (Cap00/AtaAssinada.tex
<../documentos_pos_defesa/fontes_usuario/avaliacao_tcc_valdir_dias_assinado_ass
inado_assinado_copia1.pdf, id=296, 597.55246pt x 845.07718pt>
File: ../documentos_pos_defesa/fontes_usuario/avaliacao_tcc_valdir_dias_assinad
o_assinado_assinado_copia1.pdf Graphic file (type pdf)
<use ../documentos_pos_defesa/fontes_usuario/avaliacao_tcc_valdir_dias_assinado
_assinado_assinado_copia1.pdf>
Package pdftex.def Info: ../documentos_pos_defesa/fontes_usuario/avaliacao_tcc_
valdir_dias_assinado_assinado_assinado_copia1.pdf  used on input line 4.
(pdftex.def)             Requested size: 597.551pt x 845.07512pt.
<../documentos_pos_defesa/fontes_usuario/avaliacao_tcc_valdir_dias_assinado_ass
inado_assinado_copia1.pdf, id=298, page=1, 597.55246pt x 845.07718pt>
File: ../documentos_pos_defesa/fontes_usuario/avaliacao_tcc_valdir_dias_assinad
o_assinado_assinado_copia1.pdf Graphic file (type pdf)
<use ../documentos_pos_defesa/fontes_usuario/avaliacao_tcc_valdir_dias_assinado
_assinado_assinado_copia1.pdf, page 1>
Package pdftex.def Info: ../documentos_pos_defesa/fontes_usuario/avaliacao_tcc_
valdir_dias_assinado_assinado_assinado_copia1.pdf , page1 used on input line 4.

(pdftex.def)             Requested size: 597.551pt x 845.07512pt.
File: ../documentos_pos_defesa/fontes_usuario/avaliacao_tcc_valdir_dias_assinad
o_assinado_assinado_copia1.pdf Graphic file (type pdf)
<use ../documentos_pos_defesa/fontes_usuario/avaliacao_tcc_valdir_dias_assinado
_assinado_assinado_copia1.pdf, page 1>
Package pdftex.def Info: ../documentos_pos_defesa/fontes_usuario/avaliacao_tcc_
valdir_dias_assinado_assinado_assinado_copia1.pdf , page1 used on input line 4.

(pdftex.def)             Requested size: 597.57834pt x 845.1138pt.
File: ../documentos_pos_defesa/fontes_usuario/avaliacao_tcc_valdir_dias_assinad
o_assinado_assinado_copia1.pdf Graphic file (type pdf)
<use ../documentos_pos_defesa/fontes_usuario/avaliacao_tcc_valdir_dias_assinado
_assinado_assinado_copia1.pdf, page 1>
Package pdftex.def Info: ../documentos_pos_defesa/fontes_usuario/avaliacao_tcc_
valdir_dias_assinado_assinado_assinado_copia1.pdf , page1 used on input line 4.

(pdftex.def)             Requested size: 597.57834pt x 845.1138pt.
File: ../documentos_pos_defesa/fontes_usuario/avaliacao_tcc_valdir_dias_assinad
o_assinado_assinado_copia1.pdf Graphic file (type pdf)
<use ../documentos_pos_defesa/fontes_usuario/avaliacao_tcc_valdir_dias_assinado
_assinado_assinado_copia1.pdf, page 1>
Package pdftex.def Info: ../documentos_pos_defesa/fontes_usuario/avaliacao_tcc_
valdir_dias_assinado_assinado_assinado_copia1.pdf , page1 used on input line 4.

(pdftex.def)             Requested size: 597.57834pt x 845.1138pt.



pdfTeX warning (ext4): destination with the same identifier (name{page.i}) has 
been already used, duplicate ignored
<to be read again> 
                   \relax 
l.4 ...dias_assinado_assinado_assinado_copia1.pdf}
                                                  
File: ../documentos_pos_defesa/fontes_usuario/avaliacao_tcc_valdir_dias_assinad
o_assinado_assinado_copia1.pdf Graphic file (type pdf)
<use ../documentos_pos_defesa/fontes_usuario/avaliacao_tcc_valdir_dias_assinado
_assinado_assinado_copia1.pdf, page 1>
Package pdftex.def Info: ../documentos_pos_defesa/fontes_usuario/avaliacao_tcc_
valdir_dias_assinado_assinado_assinado_copia1.pdf , page1 used on input line 4.

(pdftex.def)             Requested size: 597.57834pt x 845.1138pt.
 [1


 <../documentos_pos_defesa/fontes_usuario/avaliacao_tcc_valdir_dias_assinado_as
sinado_assinado_copia1.pdf>]) (Cap00/Dedicatoria.tex)


pdfTeX warning (ext4): destination with the same identifier (name{page.ii}) has
 been already used, duplicate ignored
<to be read again> 
                   \relax 
l.32 \dedicatoria
                 {} [2


] (Cap00/Agradecimentos.tex)

[3



] (Cap00/Epigrafe.tex)

[4



] (Cap00/Resumo.tex)

[5



] (Cap00/Abstract.tex)

[6



] (main.lof)
\tf@lof=\write4
\openout4 = `main.lof'.



[7



] (main.lot
Underfull \hbox (badness 10000) in paragraph at lines 13--13
 [][] [][]\OT1/cmr/m/n/12 Registros STM32 L4 uti-li-za-dos neste tra-ba-lho (ve
r 
 []


Underfull \hbox (badness 10000) in paragraph at lines 14--14
 [][] [][]\OT1/cmr/m/n/12 Registros TMC5160 uti-li-za-dos neste tra-ba-lho (ver
 
 []

)
\tf@lot=\write5
\openout5 = `main.lot'.



[8


] (Cap00/Simbolos.tex

[9


]

[10])

[11] (Cap00/Abreviaturas.tex

[12




]

[13])

[14] (main.toc

[15




]

[16])
\tf@toc=\write6
\openout6 = `main.toc'.



[17] (Cap01/Capitulo1.tex
Cap\'{\i }tulo 1.


[1


])

Package babel Info: 'portuguese' activates 'portuges' shorthands.
(babel)             Reported on input line 57.
[2] (Cap02/Capitulo2.tex
Cap\'{\i }tulo 2.


[3


]

[4]

[5]

[6]

[7]) (Cap02/SPIProtocol.tex

[8]

[9]
LaTeX Font Info:    Trying to load font information for OML+cmr on input line 1
52.
 (C:\Users\Valdir\AppData\Local\Programs\MiKTeX\tex/latex/base\omlcmr.fd
File: omlcmr.fd 2024/11/19 v2.5n Standard LaTeX font definitions
)
LaTeX Font Info:    Font shape `OML/cmr/m/n' in size <10> not available
(Font)              Font shape `OML/cmm/m/it' tried instead on input line 152.


[10]) (Cap02/DriversTMC.tex

[11]) (Cap02/MotoresNema23.tex

[12]

Package hyperref Warning: Token not allowed in a PDF string (Unicode):
(hyperref)                removing `math shift' on input line 2.


Package hyperref Warning: Token not allowed in a PDF string (Unicode):
(hyperref)                removing `superscript' on input line 2.


Package hyperref Warning: Token not allowed in a PDF string (Unicode):
(hyperref)                removing `\circ' on input line 2.


Package hyperref Warning: Token not allowed in a PDF string (Unicode):
(hyperref)                removing `math shift' on input line 2.


Package hyperref Warning: Token not allowed in a PDF string (Unicode):
(hyperref)                removing `math shift' on input line 2.


Package hyperref Warning: Token not allowed in a PDF string (Unicode):
(hyperref)                removing `subscript' on input line 2.


Package hyperref Warning: Token not allowed in a PDF string (Unicode):
(hyperref)                removing `math shift' on input line 2.


Package hyperref Warning: Token not allowed in a PDF string (Unicode):
(hyperref)                removing `math shift' on input line 19.


Package hyperref Warning: Token not allowed in a PDF string (Unicode):
(hyperref)                removing `superscript' on input line 19.


Package hyperref Warning: Token not allowed in a PDF string (Unicode):
(hyperref)                removing `\circ' on input line 19.


Package hyperref Warning: Token not allowed in a PDF string (Unicode):
(hyperref)                removing `math shift' on input line 19.


Package hyperref Warning: Token not allowed in a PDF string (Unicode):
(hyperref)                removing `math shift' on input line 19.


Package hyperref Warning: Token not allowed in a PDF string (Unicode):
(hyperref)                removing `superscript' on input line 19.


Package hyperref Warning: Token not allowed in a PDF string (Unicode):
(hyperref)                removing `\circ' on input line 19.


Package hyperref Warning: Token not allowed in a PDF string (Unicode):
(hyperref)                removing `math shift' on input line 19.



[13]

Package hyperref Warning: Token not allowed in a PDF string (Unicode):
(hyperref)                removing `math shift' on input line 97.


Package hyperref Warning: Token not allowed in a PDF string (Unicode):
(hyperref)                removing `subscript' on input line 97.


Package hyperref Warning: Token not allowed in a PDF string (Unicode):
(hyperref)                removing `math shift' on input line 97.

)

[14] (Cap02/RegTables.tex
Underfull \hbox (badness 10000) in paragraph at lines 12--12
[]\OT1/cmr/m/n/12 Tabela 2.10: |Re-gis-tros STM32 L4 uti-li-za-dos neste tra-ba
-lho (ver
 []


Underfull \hbox (badness 10000) in paragraph at lines 36--36
[]|\OT1/cmr/m/n/10 Per^^S^^Podo de
 []


Underfull \hbox (badness 10000) in paragraph at lines 36--36
[]|\OT1/cmr/m/n/10 Per^^S^^Podo de
 []


Underfull \hbox (badness 10000) in paragraph at lines 36--36
[]|\OT1/cmr/m/n/10 Per^^S^^Podo
 []


Underfull \hbox (badness 10000) in paragraph at lines 36--36
\OT1/cmr/m/n/10 m^^Saximo de
 []


Underfull \hbox (badness 1460) in paragraph at lines 36--36
\OT1/cmr/m/n/10 (con-ta-gem em
 []


Underfull \hbox (badness 4832) in paragraph at lines 36--36
[]|\OT1/cmr/m/n/10 Entradas ma-
 []


Underfull \hbox (badness 10000) in paragraph at lines 36--36
\OT1/cmr/m/n/10 pe-a-das para
 []


Overfull \hbox (1.84012pt too wide) in paragraph at lines 36--36
\OT1/cmr/m/n/10 fase/polaridade
 []


Underfull \hbox (badness 2689) in paragraph at lines 36--36
[]|\OT1/cmr/m/n/10 DMA cir-cu-lar
 []


Underfull \hbox (badness 10000) in paragraph at lines 36--36
\OT1/cmr/m/n/10 para SPI2
 []


Overfull \hbox (2.9512pt too wide) in paragraph at lines 36--36
\OT1/cmr/m/n/10 logs/telemetria.| 
 []


Underfull \hbox (badness 10000) in paragraph at lines 36--36
[]|\OT1/cmr/m/n/10 Interrup^^Xc~oes
 []


Underfull \hbox (badness 10000) in paragraph at lines 36--36
[]|\OT1/cmr/m/n/10 Prioriza^^Xc~ao:
 []


Underfull \hbox (badness 10000) in paragraph at lines 36--36
\OT1/cmr/m/n/10 se-gu-ran^^Xca,
 []


Underfull \hbox (badness 10000) in paragraph at lines 36--36
\OT1/cmr/m/n/10 TIM6,
 []


Underfull \hbox (badness 10000) in paragraph at lines 36--36
\OT1/cmr/m/n/10 SPI/DMA,
 []


Underfull \hbox (badness 10000) in paragraph at lines 36--36
\OT1/cmr/m/n/10 TIM7,
 []


Underfull \hbox (badness 10000) in paragraph at lines 43--43
[]\OT1/cmr/m/n/12 Tabela 2.11: |Re-gis-tros TMC5160 uti-li-za-dos neste tra-ba-
lho (ver
 []


Underfull \hbox (badness 10000) in paragraph at lines 59--59
[]|\OT1/cmr/m/n/10 Limite de co-muta^^Xc~ao ste-alth-
 []

)

[15]

[16]

[17] (Cap03/Capitulo3.tex
Cap\'{\i }tulo 3.


[18


]
LaTeX Font Info:    Font shape `OT1/cmtt/bx/n' in size <14.4> not available
(Font)              Font shape `OT1/cmtt/m/n' tried instead on input line 78.
LaTeX Font Info:    Trying to load font information for OMS+cmtt on input line 
92.
LaTeX Font Info:    No file OMScmtt.fd. on input line 92.


LaTeX Font Warning: Font shape `OMS/cmtt/m/n' undefined
(Font)              using `OMS/cmsy/m/n' instead
(Font)              for symbol `textbraceleft' on input line 92.

LaTeX Font Info:    Font shape `OT1/cmtt/bx/n' in size <10.95> not available
(Font)              Font shape `OT1/cmtt/m/n' tried instead on input line 116.


[19]) (Cap03/IdentificacaoFopdt.tex

[20]

Package hyperref Warning: Token not allowed in a PDF string (Unicode):
(hyperref)                removing `math shift' on input line 67.


Package hyperref Warning: Token not allowed in a PDF string (Unicode):
(hyperref)                removing `math shift' on input line 67.


Package hyperref Warning: Token not allowed in a PDF string (Unicode):
(hyperref)                removing `math shift' on input line 67.


Package hyperref Warning: Token not allowed in a PDF string (Unicode):
(hyperref)                removing `math shift' on input line 67.


Package hyperref Warning: Token not allowed in a PDF string (Unicode):
(hyperref)                removing `math shift' on input line 67.


Package hyperref Warning: Token not allowed in a PDF string (Unicode):
(hyperref)                removing `\tau' on input line 67.


Package hyperref Warning: Token not allowed in a PDF string (Unicode):
(hyperref)                removing `math shift' on input line 67.



[21]
<figures/pdf_recovered/fopdt_x_1_4.png, id=786, 782.925pt x 417.56pt>
File: figures/pdf_recovered/fopdt_x_1_4.png Graphic file (type png)
<use figures/pdf_recovered/fopdt_x_1_4.png>
Package pdftex.def Info: figures/pdf_recovered/fopdt_x_1_4.png  used on input l
ine 122.
(pdftex.def)             Requested size: 145.68144pt x 77.69337pt.
<figures/pdf_recovered/fopdt_x_1_16.png, id=788, 782.925pt x 417.56pt>
File: figures/pdf_recovered/fopdt_x_1_16.png Graphic file (type png)
<use figures/pdf_recovered/fopdt_x_1_16.png>
Package pdftex.def Info: figures/pdf_recovered/fopdt_x_1_16.png  used on input 
line 128.
(pdftex.def)             Requested size: 145.68144pt x 77.69337pt.
<figures/pdf_recovered/fopdt_x_1_256.png, id=789, 782.925pt x 417.56pt>
File: figures/pdf_recovered/fopdt_x_1_256.png Graphic file (type png)
<use figures/pdf_recovered/fopdt_x_1_256.png>
Package pdftex.def Info: figures/pdf_recovered/fopdt_x_1_256.png  used on input
 line 134.
(pdftex.def)             Requested size: 145.68144pt x 77.69337pt.
<figures/pdf_recovered/fopdt_y_1_4.png, id=790, 782.925pt x 417.56pt>
File: figures/pdf_recovered/fopdt_y_1_4.png Graphic file (type png)
<use figures/pdf_recovered/fopdt_y_1_4.png>
Package pdftex.def Info: figures/pdf_recovered/fopdt_y_1_4.png  used on input l
ine 145.
(pdftex.def)             Requested size: 145.68144pt x 77.69337pt.
<figures/pdf_recovered/fopdt_y_1_16.png, id=791, 782.925pt x 417.56pt>
File: figures/pdf_recovered/fopdt_y_1_16.png Graphic file (type png)
<use figures/pdf_recovered/fopdt_y_1_16.png>
Package pdftex.def Info: figures/pdf_recovered/fopdt_y_1_16.png  used on input 
line 151.
(pdftex.def)             Requested size: 145.68144pt x 77.69337pt.
<figures/pdf_recovered/fopdt_y_1_256.png, id=792, 782.925pt x 417.56pt>
File: figures/pdf_recovered/fopdt_y_1_256.png Graphic file (type png)
<use figures/pdf_recovered/fopdt_y_1_256.png>
Package pdftex.def Info: figures/pdf_recovered/fopdt_y_1_256.png  used on input
 line 157.
(pdftex.def)             Requested size: 145.68144pt x 77.69337pt.
<figures/pdf_recovered/fopdt_z_1_4.png, id=793, 782.925pt x 417.56pt>
File: figures/pdf_recovered/fopdt_z_1_4.png Graphic file (type png)
<use figures/pdf_recovered/fopdt_z_1_4.png>
Package pdftex.def Info: figures/pdf_recovered/fopdt_z_1_4.png  used on input l
ine 168.
(pdftex.def)             Requested size: 145.68144pt x 77.69337pt.
<figures/pdf_recovered/fopdt_z_1_16.png, id=794, 782.925pt x 417.56pt>
File: figures/pdf_recovered/fopdt_z_1_16.png Graphic file (type png)
<use figures/pdf_recovered/fopdt_z_1_16.png>
Package pdftex.def Info: figures/pdf_recovered/fopdt_z_1_16.png  used on input 
line 174.
(pdftex.def)             Requested size: 145.68144pt x 77.69337pt.
<figures/pdf_recovered/fopdt_z_1_256.png, id=795, 782.925pt x 417.56pt>
File: figures/pdf_recovered/fopdt_z_1_256.png Graphic file (type png)
<use figures/pdf_recovered/fopdt_z_1_256.png>
Package pdftex.def Info: figures/pdf_recovered/fopdt_z_1_256.png  used on input
 line 180.
(pdftex.def)             Requested size: 145.68144pt x 77.69337pt.
) (Cap03/ArquiteturaHardware.tex

[22 <./figures/pdf_recovered/fopdt_x_1_4.png> <./figures/pdf_recovered/fopdt_x_
1_16.png> <./figures/pdf_recovered/fopdt_x_1_256.png> <./figures/pdf_recovered/
fopdt_y_1_4.png> <./figures/pdf_recovered/fopdt_y_1_16.png> <./figures/pdf_reco
vered/fopdt_y_1_256.png> <./figures/pdf_recovered/fopdt_z_1_4.png> <./figures/p
df_recovered/fopdt_z_1_16.png> <./figures/pdf_recovered/fopdt_z_1_256.png>]
Underfull \hbox (badness 3179) in paragraph at lines 14--16
[]\OT1/cmr/bx/n/10 L^^Sogica\OT1/cmr/m/n/10 : placa com STM32L475 ope-rando a $
3\OML/cmm/m/it/10 :\OT1/cmr/m/n/10 3$$V$, cris-tal de re-fer^encia e in-ter-fa-
ces
 []

<figures/pdf_recovered/hardware_controller_perspective.png, id=811, 1713.40125p
t x 1073.00874pt>
File: figures/pdf_recovered/hardware_controller_perspective.png Graphic file (t
ype png)
<use figures/pdf_recovered/hardware_controller_perspective.png>
Package pdftex.def Info: figures/pdf_recovered/hardware_controller_perspective.
png  used on input line 45.
(pdftex.def)             Requested size: 264.0424pt x 165.34863pt.
<figures/pdf_recovered/hardware_controller_top.png, id=812, 997.7275pt x 983.67
5pt>
File: figures/pdf_recovered/hardware_controller_top.png Graphic file (type png)

<use figures/pdf_recovered/hardware_controller_top.png>
Package pdftex.def Info: figures/pdf_recovered/hardware_controller_top.png  use
d on input line 51.
(pdftex.def)             Requested size: 163.88815pt x 161.5789pt.

Underfull \hbox (badness 2913) in paragraph at lines 52--52
[]\OT1/cmr/m/n/10.95 (b) |Vista su-pe-rior com dis-tri-
 []



[23 <./figures/pdf_recovered/hardware_controller_perspective.png> <./figures/pd
f_recovered/hardware_controller_top.png>]
<figures/pdf_recovered/tmcs28_support_cad.png, id=821, 1299.85625pt x 907.39pt>

File: figures/pdf_recovered/tmcs28_support_cad.png Graphic file (type png)
<use figures/pdf_recovered/tmcs28_support_cad.png>
Package pdftex.def Info: figures/pdf_recovered/tmcs28_support_cad.png  used on 
input line 109.
(pdftex.def)             Requested size: 327.7763pt x 228.79918pt.
<figures/pdf_recovered/prototype_motors_tmcs28.jpg, id=823, 4015.0pt x 2260.445
pt>
File: figures/pdf_recovered/prototype_motors_tmcs28.jpg Graphic file (type jpg)

<use figures/pdf_recovered/prototype_motors_tmcs28.jpg>
Package pdftex.def Info: figures/pdf_recovered/prototype_motors_tmcs28.jpg  use
d on input line 122.
(pdftex.def)             Requested size: 400.61703pt x 225.54036pt.


[24 <./figures/pdf_recovered/tmcs28_support_cad.png>]
<figures/pdf_recovered/prototype_bench_complete.jpg, id=830, 4015.0pt x 2260.44
5pt>
File: figures/pdf_recovered/prototype_bench_complete.jpg Graphic file (type jpg
)
<use figures/pdf_recovered/prototype_bench_complete.jpg>
Package pdftex.def Info: figures/pdf_recovered/prototype_bench_complete.jpg  us
ed on input line 170.
(pdftex.def)             Requested size: 400.61703pt x 225.54036pt.


[25 <./figures/pdf_recovered/prototype_motors_tmcs28.jpg>])
(Cap03/ControleMovimento.tex

[26 <./figures/pdf_recovered/prototype_bench_complete.jpg>]
<figures/pdf_recovered/step_timing_tmc5160.png, id=844, 1204.5pt x 501.875pt>
File: figures/pdf_recovered/step_timing_tmc5160.png Graphic file (type png)
<use figures/pdf_recovered/step_timing_tmc5160.png>
Package pdftex.def Info: figures/pdf_recovered/step_timing_tmc5160.png  used on
 input line 47.
(pdftex.def)             Requested size: 400.61703pt x 166.92111pt.


[27 <./figures/pdf_recovered/step_timing_tmc5160.png>]
<figures/pdf_recovered/dda_xy_simulation.png, id=854, 1204.5pt x 803.0pt>
File: figures/pdf_recovered/dda_xy_simulation.png Graphic file (type png)
<use figures/pdf_recovered/dda_xy_simulation.png>
Package pdftex.def Info: figures/pdf_recovered/dda_xy_simulation.png  used on i
nput line 117.
(pdftex.def)             Requested size: 400.61703pt x 267.07379pt.


[28 <./figures/pdf_recovered/dda_xy_simulation.png>]
Package hyperref Info: bookmark level for unknown algorithm defaults to 0 on in
put line 166.


[29]
<figures/pdf_recovered/trapezoidal_ramp_simulation.png, id=871, 1505.625pt x 10
03.75pt>
File: figures/pdf_recovered/trapezoidal_ramp_simulation.png Graphic file (type 
png)
<use figures/pdf_recovered/trapezoidal_ramp_simulation.png>
Package pdftex.def Info: figures/pdf_recovered/trapezoidal_ramp_simulation.png 
 used on input line 264.
(pdftex.def)             Requested size: 391.51021pt x 260.99948pt.


[30]
Underfull \hbox (badness 1603) in paragraph at lines 315--321
\OT1/cmr/m/n/10 com \OT1/cmr/m/it/10 anti-windup \OT1/cmr/m/n/10 por li-mita^^X
c~ao da in-te-gral em $\OMS/cmtt/m/n/10 ^^F[]$ \OT1/cmr/m/n/10 e sa-tura^^Xc~ao
 sim^^Setrica em
 []



[31 <./figures/pdf_recovered/trapezoidal_ramp_simulation.png>]

[32]

[33]
<figures/pdf_recovered/python_interactive_simulator.png, id=907, 2568.59625pt x
 1083.04625pt>
File: figures/pdf_recovered/python_interactive_simulator.png Graphic file (type
 png)
<use figures/pdf_recovered/python_interactive_simulator.png>
Package pdftex.def Info: figures/pdf_recovered/python_interactive_simulator.png
  used on input line 467.
(pdftex.def)             Requested size: 432.48051pt x 182.34715pt.


[34])

[35 <./figures/pdf_recovered/python_interactive_simulator.png>]

[36] (Cap04/Capitulo4.tex
Cap\'{\i }tulo 4.


[37


]
<figures/pdf_recovered/simulation_experiment_load_comparison.png, id=936, 978.6
5625pt x 1109.14375pt>
File: figures/pdf_recovered/simulation_experiment_load_comparison.png Graphic f
ile (type png)
<use figures/pdf_recovered/simulation_experiment_load_comparison.png>
Package pdftex.def Info: figures/pdf_recovered/simulation_experiment_load_compa
rison.png  used on input line 75.
(pdftex.def)             Requested size: 327.7763pt x 371.48508pt.


[38]

[39 <./figures/pdf_recovered/simulation_experiment_load_comparison.png>])

[40] (Cap05/Capitulo5.tex
Cap\'{\i }tulo 5.
)

[41


] (main.bbl
Underfull \hbox (badness 3009) in paragraph at lines 88--92
[]\OT1/cmr/m/n/10 TRINAMIC Mo-tion Con-trol
 []



[42


]
Underfull \hbox (badness 10000) in paragraph at lines 95--98
[]\OT1/cmr/m/n/10 TRINAMIC Mo-tion Con-trol
 []

)

[43] (main.aux (Identificacao.aux))
 ***********
LaTeX2e <2025-06-01> patch level 1
L3 programming layer <2025-09-02>
 ***********


LaTeX Font Warning: Some font shapes were not available, defaults substituted.

Package rerunfilecheck Info: File `main.out' has not changed.
(rerunfilecheck)             Checksum: B56B11A204D17631C0351E574AAB6FE6;13941.
 ) 
Here is how much of TeX's memory you used:
 20798 strings out of 468081
 399821 string characters out of 5425304
 890735 words of memory out of 5000000
 48831 multiletter control sequences out of 15000+600000
 647616 words of font info for 115 fonts, out of 8000000 for 9000
 1141 hyphenation exceptions out of 8191
 75i,17n,85p,467b,1215s stack positions out of 10000i,1000n,20000p,200000b,200000s
 <C:\Users\Valdir\AppData\Local\MiKTeX\fonts/pk/ljfour/jknappen/ec/dpi600\tct
i1000.pk> <C:\Users\Valdir\AppData\Local\MiKTeX\fonts/pk/ljfour/jknappen/ec/dpi
600\tcrm1000.pk> <C:\Users\Valdir\AppData\Local\MiKTeX\fonts/pk/ljfour/jknappen
/ec/dpi600\tcrm1200.pk><C:/Users/Valdir/AppData/Local/Programs/MiKTeX/fonts/typ
e1/public/amsfonts/cm/cmbx10.pfb><C:/Users/Valdir/AppData/Local/Programs/MiKTeX
/fonts/type1/public/amsfonts/cm/cmbx12.pfb><C:/Users/Valdir/AppData/Local/Progr
ams/MiKTeX/fonts/type1/public/amsfonts/cm/cmbx8.pfb><C:/Users/Valdir/AppData/Lo
cal/Programs/MiKTeX/fonts/type1/public/amsfonts/cm/cmbxti10.pfb><C:/Users/Valdi
r/AppData/Local/Programs/MiKTeX/fonts/type1/public/amsfonts/cm/cmcsc10.pfb><C:/
Users/Valdir/AppData/Local/Programs/MiKTeX/fonts/type1/public/amsfonts/cm/cmex1
0.pfb><C:/Users/Valdir/AppData/Local/Programs/MiKTeX/fonts/type1/public/amsfont
s/cm/cmmi10.pfb><C:/Users/Valdir/AppData/Local/Programs/MiKTeX/fonts/type1/publ
ic/amsfonts/cm/cmmi12.pfb><C:/Users/Valdir/AppData/Local/Programs/MiKTeX/fonts/
type1/public/amsfonts/cm/cmmi7.pfb><C:/Users/Valdir/AppData/Local/Programs/MiKT
eX/fonts/type1/public/amsfonts/cm/cmmi8.pfb><C:/Users/Valdir/AppData/Local/Prog
rams/MiKTeX/fonts/type1/public/amsfonts/cm/cmr10.pfb><C:/Users/Valdir/AppData/L
ocal/Programs/MiKTeX/fonts/type1/public/amsfonts/cm/cmr12.pfb><C:/Users/Valdir/
AppData/Local/Programs/MiKTeX/fonts/type1/public/amsfonts/cm/cmr6.pfb><C:/Users
/Valdir/AppData/Local/Programs/MiKTeX/fonts/type1/public/amsfonts/cm/cmr7.pfb><
C:/Users/Valdir/AppData/Local/Programs/MiKTeX/fonts/type1/public/amsfonts/cm/cm
r8.pfb><C:/Users/Valdir/AppData/Local/Programs/MiKTeX/fonts/type1/public/amsfon
ts/cm/cmsl12.pfb><C:/Users/Valdir/AppData/Local/Programs/MiKTeX/fonts/type1/pub
lic/amsfonts/cm/cmsy10.pfb><C:/Users/Valdir/AppData/Local/Programs/MiKTeX/fonts
/type1/public/amsfonts/cm/cmsy7.pfb><C:/Users/Valdir/AppData/Local/Programs/MiK
TeX/fonts/type1/public/amsfonts/cm/cmsy8.pfb><C:/Users/Valdir/AppData/Local/Pro
grams/MiKTeX/fonts/type1/public/amsfonts/cm/cmti10.pfb><C:/Users/Valdir/AppData
/Local/Programs/MiKTeX/fonts/type1/public/amsfonts/cm/cmti12.pfb><C:/Users/Vald
ir/AppData/Local/Programs/MiKTeX/fonts/type1/public/amsfonts/cm/cmtt10.pfb><C:/
Users/Valdir/AppData/Local/Programs/MiKTeX/fonts/type1/public/amsfonts/cm/cmtt1
2.pfb><C:/Users/Valdir/AppData/Local/Programs/MiKTeX/fonts/type1/public/amsfont
s/symbols/msam10.pfb>
Output written on main.pdf (63 pages, 8729068 bytes).
PDF statistics:
 1136 PDF objects out of 1200 (max. 8388607)
 261 named destinations out of 1000 (max. 500000)
 668 words of extra memory for PDF output out of 10000 (max. 10000000)

