This is pdfTeX, Version 3.141592653-2.6-1.40.27 (MiKTeX 25.4) (preloaded format=pdflatex 2025.10.16)  24 NOV 2025 17:30
entering extended mode
 restricted \write18 enabled.
 %&-line parsing enabled.
**./spi_frame_diagram.tex
(spi_frame_diagram.tex
LaTeX2e <2025-06-01> patch level 1
L3 programming layer <2025-09-02>

(C:\Users\Valdir\AppData\Local\Programs\MiKTeX\tex/latex/standalone\standalone.
cls
Document Class: standalone 2025/02/22 v1.5a Class to compile TeX sub-files stan
dalone
(C:\Users\Valdir\AppData\Local\Programs\MiKTeX\tex/latex/tools\shellesc.sty
Package: shellesc 2023/07/08 v1.0d unified shell escape interface for LaTeX
Package shellesc Info: Restricted shell escape enabled on input line 77.
)
(C:\Users\Valdir\AppData\Local\Programs\MiKTeX\tex/generic/iftex\ifluatex.sty
Package: ifluatex 2019/10/25 v1.5 ifluatex legacy package. Use iftex instead.

(C:\Users\Valdir\AppData\Local\Programs\MiKTeX\tex/generic/iftex\iftex.sty
Package: iftex 2024/12/12 v1.0g TeX engine tests
))
(C:\Users\Valdir\AppData\Local\Programs\MiKTeX\tex/latex/xkeyval\xkeyval.sty
Package: xkeyval 2022/06/16 v2.9 package option processing (HA)

(C:\Users\Valdir\AppData\Local\Programs\MiKTeX\tex/generic/xkeyval\xkeyval.tex
(C:\Users\Valdir\AppData\Local\Programs\MiKTeX\tex/generic/xkeyval\xkvutils.tex
\XKV@toks=\toks17
\XKV@tempa@toks=\toks18
(C:\Users\Valdir\AppData\Local\Programs\MiKTeX\tex/generic/xkeyval\keyval.tex))
\XKV@depth=\count275
File: xkeyval.tex 2014/12/03 v2.7a key=value parser (HA)
))
\sa@internal=\count276
\c@sapage=\count277

(C:\Users\Valdir\AppData\Local\Programs\MiKTeX\tex/latex/standalone\standalone.
cfg
File: standalone.cfg 2025/02/22 v1.5a Default configuration file for 'standalon
e' class
) (C:\Users\Valdir\AppData\Local\Programs\MiKTeX\tex/latex/base\article.cls
Document Class: article 2025/01/22 v1.4n Standard LaTeX document class
(C:\Users\Valdir\AppData\Local\Programs\MiKTeX\tex/latex/base\size10.clo
File: size10.clo 2025/01/22 v1.4n Standard LaTeX file (size option)
)
\c@part=\count278
\c@section=\count279
\c@subsection=\count280
\c@subsubsection=\count281
\c@paragraph=\count282
\c@subparagraph=\count283
\c@figure=\count284
\c@table=\count285
\abovecaptionskip=\skip49
\belowcaptionskip=\skip50
\bibindent=\dimen148
)
\sa@box=\box53
)
(C:\Users\Valdir\AppData\Local\Programs\MiKTeX\tex/latex/base\inputenc.sty
Package: inputenc 2024/02/08 v1.3d Input encoding file
\inpenc@prehook=\toks19
\inpenc@posthook=\toks20
)
(C:\Users\Valdir\AppData\Local\Programs\MiKTeX\tex/latex/xcolor\xcolor.sty
Package: xcolor 2024/09/29 v3.02 LaTeX color extensions (UK)

(C:\Users\Valdir\AppData\Local\Programs\MiKTeX\tex/latex/graphics-cfg\color.cfg
File: color.cfg 2016/01/02 v1.6 sample color configuration
)
Package xcolor Info: Driver file: pdftex.def on input line 274.

(C:\Users\Valdir\AppData\Local\Programs\MiKTeX\tex/latex/graphics-def\pdftex.de
f
File: pdftex.def 2025/09/29 v1.2d Graphics/color driver for pdftex
)
(C:\Users\Valdir\AppData\Local\Programs\MiKTeX\tex/latex/graphics\mathcolor.ltx
)
Package xcolor Info: Model `cmy' substituted by `cmy0' on input line 1349.
Package xcolor Info: Model `hsb' substituted by `rgb' on input line 1353.
Package xcolor Info: Model `RGB' extended on input line 1365.
Package xcolor Info: Model `HTML' substituted by `rgb' on input line 1367.
Package xcolor Info: Model `Hsb' substituted by `hsb' on input line 1368.
Package xcolor Info: Model `tHsb' substituted by `hsb' on input line 1369.
Package xcolor Info: Model `HSB' substituted by `hsb' on input line 1370.
Package xcolor Info: Model `Gray' substituted by `gray' on input line 1371.
Package xcolor Info: Model `wave' substituted by `hsb' on input line 1372.
)
(C:\Users\Valdir\AppData\Local\Programs\MiKTeX\tex/latex/colortbl\colortbl.sty
Package: colortbl 2024/10/29 v1.0k Color table columns (DPC)

(C:\Users\Valdir\AppData\Local\Programs\MiKTeX\tex/latex/tools\array.sty
Package: array 2025/06/08 v2.6j Tabular extension package (FMi)
\col@sep=\dimen149
\ar@mcellbox=\box54
\extrarowheight=\dimen150
\NC@list=\toks21
\extratabsurround=\skip51
\backup@length=\skip52
\ar@cellbox=\box55
)
\everycr=\toks22
\minrowclearance=\skip53
\rownum=\count286
)
(C:\Users\Valdir\AppData\Local\Programs\MiKTeX\tex/latex/tools\tabularx.sty
Package: tabularx 2023/12/11 v2.12a `tabularx' package (DPC)
\TX@col@width=\dimen151
\TX@old@table=\dimen152
\TX@old@col=\dimen153
\TX@target=\dimen154
\TX@delta=\dimen155
\TX@cols=\count287
\TX@ftn=\toks23
)
(C:\Users\Valdir\AppData\Local\Programs\MiKTeX\tex/latex/amsmath\amsmath.sty
Package: amsmath 2025/06/16 v2.17y AMS math features
\@mathmargin=\skip54

For additional information on amsmath, use the `?' option.
(C:\Users\Valdir\AppData\Local\Programs\MiKTeX\tex/latex/amsmath\amstext.sty
Package: amstext 2024/11/17 v2.01 AMS text

(C:\Users\Valdir\AppData\Local\Programs\MiKTeX\tex/latex/amsmath\amsgen.sty
File: amsgen.sty 1999/11/30 v2.0 generic functions
\@emptytoks=\toks24
\ex@=\dimen156
))
(C:\Users\Valdir\AppData\Local\Programs\MiKTeX\tex/latex/amsmath\amsbsy.sty
Package: amsbsy 1999/11/29 v1.2d Bold Symbols
\pmbraise@=\dimen157
)
(C:\Users\Valdir\AppData\Local\Programs\MiKTeX\tex/latex/amsmath\amsopn.sty
Package: amsopn 2022/04/08 v2.04 operator names
)
\inf@bad=\count288
LaTeX Info: Redefining \frac on input line 233.
\uproot@=\count289
\leftroot@=\count290
LaTeX Info: Redefining \overline on input line 398.
LaTeX Info: Redefining \colon on input line 409.
\classnum@=\count291
\DOTSCASE@=\count292
LaTeX Info: Redefining \ldots on input line 495.
LaTeX Info: Redefining \dots on input line 498.
LaTeX Info: Redefining \cdots on input line 619.
\Mathstrutbox@=\box56
\strutbox@=\box57
LaTeX Info: Redefining \big on input line 721.
LaTeX Info: Redefining \Big on input line 722.
LaTeX Info: Redefining \bigg on input line 723.
LaTeX Info: Redefining \Bigg on input line 724.
\big@size=\dimen158
LaTeX Font Info:    Redeclaring font encoding OML on input line 742.
LaTeX Font Info:    Redeclaring font encoding OMS on input line 743.
\macc@depth=\count293
LaTeX Info: Redefining \bmod on input line 904.
LaTeX Info: Redefining \pmod on input line 909.
LaTeX Info: Redefining \smash on input line 939.
LaTeX Info: Redefining \relbar on input line 969.
LaTeX Info: Redefining \Relbar on input line 970.
\c@MaxMatrixCols=\count294
\dotsspace@=\muskip17
\c@parentequation=\count295
\dspbrk@lvl=\count296
\tag@help=\toks25
\row@=\count297
\column@=\count298
\maxfields@=\count299
\andhelp@=\toks26
\eqnshift@=\dimen159
\alignsep@=\dimen160
\tagshift@=\dimen161
\tagwidth@=\dimen162
\totwidth@=\dimen163
\lineht@=\dimen164
\@envbody=\toks27
\multlinegap=\skip55
\multlinetaggap=\skip56
\mathdisplay@stack=\toks28
LaTeX Info: Redefining \[ on input line 2949.
LaTeX Info: Redefining \] on input line 2950.
)
(C:\Users\Valdir\AppData\Local\Programs\MiKTeX\tex/latex/bytefield\bytefield.st
y
Package: bytefield 2025/01/25 v2.9 Network protocol diagrams
 (C:\Users\Valdir\AppData\Local\Programs\MiKTeX\tex/latex/tools\calc.sty
Package: calc 2025/03/01 v4.3b Infix arithmetic (KKT,FJ)
\calc@Acount=\count300
\calc@Bcount=\count301
\calc@Adimen=\dimen165
\calc@Bdimen=\dimen166
\calc@Askip=\skip57
\calc@Bskip=\skip58
LaTeX Info: Redefining \setlength on input line 86.
LaTeX Info: Redefining \addtolength on input line 87.
\calc@Ccount=\count302
\calc@Cskip=\skip59
)
\bytefield@height=\skip60
\bytefield@height@increment=\skip61
\entire@bytefield@picture=\box58
\bf@bitwidth=\skip62
\bf@bitheight=\skip63
\units@wide=\skip64
\units@tall=\skip65
\units@high=\skip66
\header@xpos=\skip67
\c@header@val=\count303
\c@max@header@val=\count304
\curly@box=\box59
\wordlabelr@start=\skip68
\wordlabelr@end=\skip69
\wordlabell@start=\skip70
\wordlabell@end=\skip71
\total@lbox@width=\skip72
\label@box@width=\skip73
\label@box@height=\skip74
\word@label@box=\box60
)
(C:\Users\Valdir\AppData\Local\Programs\MiKTeX\tex/latex/l3backend\l3backend-pd
ftex.def
File: l3backend-pdftex.def 2025-06-09 L3 backend support: PDF output (pdfTeX)
\l__color_backend_stack_int=\count305
) (spi_frame_diagram.aux)
\openout1 = `spi_frame_diagram.aux'.

LaTeX Font Info:    Checking defaults for OML/cmm/m/it on input line 22.
LaTeX Font Info:    ... okay on input line 22.
LaTeX Font Info:    Checking defaults for OMS/cmsy/m/n on input line 22.
LaTeX Font Info:    ... okay on input line 22.
LaTeX Font Info:    Checking defaults for OT1/cmr/m/n on input line 22.
LaTeX Font Info:    ... okay on input line 22.
LaTeX Font Info:    Checking defaults for T1/cmr/m/n on input line 22.
LaTeX Font Info:    ... okay on input line 22.
LaTeX Font Info:    Checking defaults for TS1/cmr/m/n on input line 22.
LaTeX Font Info:    ... okay on input line 22.
LaTeX Font Info:    Checking defaults for OMX/cmex/m/n on input line 22.
LaTeX Font Info:    ... okay on input line 22.
LaTeX Font Info:    Checking defaults for U/cmr/m/n on input line 22.
LaTeX Font Info:    ... okay on input line 22.

(C:\Users\Valdir\AppData\Local\Programs\MiKTeX\tex/context/base/mkii\supp-pdf.m
kii
[Loading MPS to PDF converter (version 2006.09.02).]
\scratchcounter=\count306
\scratchdimen=\dimen167
\scratchbox=\box61
\nofMPsegments=\count307
\nofMParguments=\count308
\everyMPshowfont=\toks29
\MPscratchCnt=\count309
\MPscratchDim=\dimen168
\MPnumerator=\count310
\makeMPintoPDFobject=\count311
\everyMPtoPDFconversion=\toks30
)
LaTeX Font Info:    Font shape `OT1/cmtt/bx/n' in size <10> not available
(Font)              Font shape `OT1/cmtt/m/n' tried instead on input line 26.
\width=\dimen169 (locally)
\height=\dimen170 (locally)
\depth=\dimen171 (locally)
\totalheight=\dimen172 (locally)

Overfull \hbox (18.99979pt too wide) in paragraph at lines 31--31
 [][][][][][][] 
 []

\width=\dimen169 (locally)
\height=\dimen170 (locally)
\depth=\dimen171 (locally)
\totalheight=\dimen172 (locally)

Overfull \hbox (18.99979pt too wide) in paragraph at lines 32--32
 [][][][][][][] 
 []

\width=\dimen169 (locally)
\height=\dimen170 (locally)
\depth=\dimen171 (locally)
\totalheight=\dimen172 (locally)

Overfull \hbox (26.31285pt too wide) in paragraph at lines 33--33
 [][][][][][][] 
 []

\width=\dimen169 (locally)
\height=\dimen170 (locally)
\depth=\dimen171 (locally)
\totalheight=\dimen172 (locally)

Overfull \hbox (25.77118pt too wide) in paragraph at lines 34--34
 [][][][][][][] 
 []

\width=\dimen169 (locally)
\height=\dimen170 (locally)
\depth=\dimen171 (locally)
\totalheight=\dimen172 (locally)
\width=\dimen169 (locally)
\height=\dimen170 (locally)
\depth=\dimen171 (locally)
\totalheight=\dimen172 (locally)
\width=\dimen169 (locally)
\height=\dimen170 (locally)
\depth=\dimen171 (locally)
\totalheight=\dimen172 (locally)
\width=\dimen169 (locally)
\height=\dimen170 (locally)
\depth=\dimen171 (locally)
\totalheight=\dimen172 (locally)

Overfull \hbox (15.22218pt too wide) in paragraph at lines 38--38
 [][][][][][][] 
 []

\width=\dimen169 (locally)
\height=\dimen170 (locally)
\depth=\dimen171 (locally)
\totalheight=\dimen172 (locally)

Overfull \hbox (15.22218pt too wide) in paragraph at lines 39--39
 [][][][][][][] 
 []

\width=\dimen169 (locally)
\height=\dimen170 (locally)
\depth=\dimen171 (locally)
\totalheight=\dimen172 (locally)

Overfull \hbox (15.22218pt too wide) in paragraph at lines 40--40
 [][][][][][][] 
 []

\width=\dimen169 (locally)
\height=\dimen170 (locally)
\depth=\dimen171 (locally)
\totalheight=\dimen172 (locally)

Overfull \hbox (60.16673pt too wide) in paragraph at lines 41--41
 [][][][][][][] 
 []

\width=\dimen169 (locally)
\height=\dimen170 (locally)
\depth=\dimen171 (locally)
\totalheight=\dimen172 (locally)

Overfull \hbox (15.99974pt too wide) in paragraph at lines 51--51
 [][][][][][][] 
 []

\width=\dimen169 (locally)
\height=\dimen170 (locally)
\depth=\dimen171 (locally)
\totalheight=\dimen172 (locally)

Overfull \hbox (15.99974pt too wide) in paragraph at lines 52--52
 [][][][][][][] 
 []

\width=\dimen169 (locally)
\height=\dimen170 (locally)
\depth=\dimen171 (locally)
\totalheight=\dimen172 (locally)

Overfull \hbox (23.3128pt too wide) in paragraph at lines 53--53
 [][][][][][][] 
 []

\width=\dimen169 (locally)
\height=\dimen170 (locally)
\depth=\dimen171 (locally)
\totalheight=\dimen172 (locally)

Overfull \hbox (26.70175pt too wide) in paragraph at lines 54--54
 [][][][][][][] 
 []

\width=\dimen169 (locally)
\height=\dimen170 (locally)
\depth=\dimen171 (locally)
\totalheight=\dimen172 (locally)

Overfull \hbox (11.6738pt too wide) in paragraph at lines 55--55
 [][][][][][][] 
 []

\width=\dimen169 (locally)
\height=\dimen170 (locally)
\depth=\dimen171 (locally)
\totalheight=\dimen172 (locally)

Overfull \hbox (19.27773pt too wide) in paragraph at lines 56--56
 [][][][][][][] 
 []

\width=\dimen169 (locally)
\height=\dimen170 (locally)
\depth=\dimen171 (locally)
\totalheight=\dimen172 (locally)

Overfull \hbox (21.41pt too wide) in paragraph at lines 57--57
 [][][][][][][] 
 []

\width=\dimen169 (locally)
\height=\dimen170 (locally)
\depth=\dimen171 (locally)
\totalheight=\dimen172 (locally)

Overfull \hbox (15.99974pt too wide) in paragraph at lines 58--58
 [][][][][][][] 
 []



[1


Non-PDF special ignored!
<special> papersize=532.1496pt,171.08032pt
{C:/Users/Valdir/AppData/Local/MiKTeX/fonts/map/pdftex/pdftex.map}]
(spi_frame_diagram.aux)
 ***********
LaTeX2e <2025-06-01> patch level 1
L3 programming layer <2025-09-02>
 ***********
 ) 
Here is how much of TeX's memory you used:
 3300 strings out of 468081
 52619 string characters out of 5425304
 492157 words of memory out of 5000000
 31962 multiletter control sequences out of 15000+600000
 628651 words of font info for 44 fonts, out of 8000000 for 9000
 1141 hyphenation exceptions out of 8191
 57i,19n,71p,237b,523s stack positions out of 10000i,1000n,20000p,200000b,200000s
<C:/Users/Valdir/AppData/Local/Programs/MiKTeX/fonts/type1/public/amsfonts/cm
/cmbx10.pfb><C:/Users/Valdir/AppData/Local/Programs/MiKTeX/fonts/type1/public/a
msfonts/cm/cmr10.pfb><C:/Users/Valdir/AppData/Local/Programs/MiKTeX/fonts/type1
/public/amsfonts/cm/cmr5.pfb><C:/Users/Valdir/AppData/Local/Programs/MiKTeX/fon
ts/type1/public/amsfonts/cm/cmtt10.pfb>
Output written on spi_frame_diagram.pdf (1 page, 61638 bytes).
PDF statistics:
 26 PDF objects out of 1000 (max. 8388607)
 0 named destinations out of 1000 (max. 500000)
 1 words of extra memory for PDF output out of 10000 (max. 10000000)

